Archive member included to satisfy reference by file (symbol)

d:/stm32/stm32cubeide_1.7.0/stm32cubeide/plugins/com.st.stm32cube.ide.mcu.externaltools.gnu-tools-for-stm32.9-2020-q2-update.win32_2.0.0.202105311346/tools/bin/../lib/gcc/arm-none-eabi/9.3.1/../../../../arm-none-eabi/lib/thumb/v6-m/nofp\libc_nano.a(lib_a-atol.o)
                              ./Core/Src/cmmain.o (atol)
d:/stm32/stm32cubeide_1.7.0/stm32cubeide/plugins/com.st.stm32cube.ide.mcu.externaltools.gnu-tools-for-stm32.9-2020-q2-update.win32_2.0.0.202105311346/tools/bin/../lib/gcc/arm-none-eabi/9.3.1/../../../../arm-none-eabi/lib/thumb/v6-m/nofp\libc_nano.a(lib_a-errno.o)
                              ./Core/Src/syscalls.o (__errno)
d:/stm32/stm32cubeide_1.7.0/stm32cubeide/plugins/com.st.stm32cube.ide.mcu.externaltools.gnu-tools-for-stm32.9-2020-q2-update.win32_2.0.0.202105311346/tools/bin/../lib/gcc/arm-none-eabi/9.3.1/../../../../arm-none-eabi/lib/thumb/v6-m/nofp\libc_nano.a(lib_a-exit.o)
                              d:/stm32/stm32cubeide_1.7.0/stm32cubeide/plugins/com.st.stm32cube.ide.mcu.externaltools.gnu-tools-for-stm32.9-2020-q2-update.win32_2.0.0.202105311346/tools/bin/../lib/gcc/arm-none-eabi/9.3.1/../../../../arm-none-eabi/lib/thumb/v6-m/nofp/crt0.o (exit)
d:/stm32/stm32cubeide_1.7.0/stm32cubeide/plugins/com.st.stm32cube.ide.mcu.externaltools.gnu-tools-for-stm32.9-2020-q2-update.win32_2.0.0.202105311346/tools/bin/../lib/gcc/arm-none-eabi/9.3.1/../../../../arm-none-eabi/lib/thumb/v6-m/nofp\libc_nano.a(lib_a-impure.o)
                              d:/stm32/stm32cubeide_1.7.0/stm32cubeide/plugins/com.st.stm32cube.ide.mcu.externaltools.gnu-tools-for-stm32.9-2020-q2-update.win32_2.0.0.202105311346/tools/bin/../lib/gcc/arm-none-eabi/9.3.1/../../../../arm-none-eabi/lib/thumb/v6-m/nofp\libc_nano.a(lib_a-exit.o) (_global_impure_ptr)
d:/stm32/stm32cubeide_1.7.0/stm32cubeide/plugins/com.st.stm32cube.ide.mcu.externaltools.gnu-tools-for-stm32.9-2020-q2-update.win32_2.0.0.202105311346/tools/bin/../lib/gcc/arm-none-eabi/9.3.1/../../../../arm-none-eabi/lib/thumb/v6-m/nofp\libc_nano.a(lib_a-init.o)
                              d:/stm32/stm32cubeide_1.7.0/stm32cubeide/plugins/com.st.stm32cube.ide.mcu.externaltools.gnu-tools-for-stm32.9-2020-q2-update.win32_2.0.0.202105311346/tools/bin/../lib/gcc/arm-none-eabi/9.3.1/../../../../arm-none-eabi/lib/thumb/v6-m/nofp/crt0.o (__libc_init_array)
d:/stm32/stm32cubeide_1.7.0/stm32cubeide/plugins/com.st.stm32cube.ide.mcu.externaltools.gnu-tools-for-stm32.9-2020-q2-update.win32_2.0.0.202105311346/tools/bin/../lib/gcc/arm-none-eabi/9.3.1/../../../../arm-none-eabi/lib/thumb/v6-m/nofp\libc_nano.a(lib_a-memset.o)
                              d:/stm32/stm32cubeide_1.7.0/stm32cubeide/plugins/com.st.stm32cube.ide.mcu.externaltools.gnu-tools-for-stm32.9-2020-q2-update.win32_2.0.0.202105311346/tools/bin/../lib/gcc/arm-none-eabi/9.3.1/../../../../arm-none-eabi/lib/thumb/v6-m/nofp/crt0.o (memset)
d:/stm32/stm32cubeide_1.7.0/stm32cubeide/plugins/com.st.stm32cube.ide.mcu.externaltools.gnu-tools-for-stm32.9-2020-q2-update.win32_2.0.0.202105311346/tools/bin/../lib/gcc/arm-none-eabi/9.3.1/../../../../arm-none-eabi/lib/thumb/v6-m/nofp\libc_nano.a(lib_a-sprintf.o)
                              ./Core/Src/cmmain.o (sprintf)
d:/stm32/stm32cubeide_1.7.0/stm32cubeide/plugins/com.st.stm32cube.ide.mcu.externaltools.gnu-tools-for-stm32.9-2020-q2-update.win32_2.0.0.202105311346/tools/bin/../lib/gcc/arm-none-eabi/9.3.1/../../../../arm-none-eabi/lib/thumb/v6-m/nofp\libc_nano.a(lib_a-strlen.o)
                              ./Core/Src/cmmain.o (strlen)
d:/stm32/stm32cubeide_1.7.0/stm32cubeide/plugins/com.st.stm32cube.ide.mcu.externaltools.gnu-tools-for-stm32.9-2020-q2-update.win32_2.0.0.202105311346/tools/bin/../lib/gcc/arm-none-eabi/9.3.1/../../../../arm-none-eabi/lib/thumb/v6-m/nofp\libc_nano.a(lib_a-strtol.o)
                              d:/stm32/stm32cubeide_1.7.0/stm32cubeide/plugins/com.st.stm32cube.ide.mcu.externaltools.gnu-tools-for-stm32.9-2020-q2-update.win32_2.0.0.202105311346/tools/bin/../lib/gcc/arm-none-eabi/9.3.1/../../../../arm-none-eabi/lib/thumb/v6-m/nofp\libc_nano.a(lib_a-atol.o) (_strtol_r)
d:/stm32/stm32cubeide_1.7.0/stm32cubeide/plugins/com.st.stm32cube.ide.mcu.externaltools.gnu-tools-for-stm32.9-2020-q2-update.win32_2.0.0.202105311346/tools/bin/../lib/gcc/arm-none-eabi/9.3.1/../../../../arm-none-eabi/lib/thumb/v6-m/nofp\libc_nano.a(lib_a-ctype_.o)
                              d:/stm32/stm32cubeide_1.7.0/stm32cubeide/plugins/com.st.stm32cube.ide.mcu.externaltools.gnu-tools-for-stm32.9-2020-q2-update.win32_2.0.0.202105311346/tools/bin/../lib/gcc/arm-none-eabi/9.3.1/../../../../arm-none-eabi/lib/thumb/v6-m/nofp\libc_nano.a(lib_a-strtol.o) (_ctype_)
[...]
Memory Configuration

Name             Origin             Length             Attributes
RAM              0x0000000020000000 0x0000000000004000 xrw
FLASH            0x0000000008000000 0x0000000000020000 xr
*default*        0x0000000000000000 0xffffffffffffffff

Linker script and memory map

LOAD d:/stm32/stm32cubeide_1.7.0/stm32cubeide/plugins/com.st.stm32cube.ide.mcu.externaltools.gnu-tools-for-stm32.9-2020-q2-update.win32_2.0.0.202105311346/tools/bin/../lib/gcc/arm-none-eabi/9.3.1/thumb/v6-m/nofp/crti.o
LOAD d:/stm32/stm32cubeide_1.7.0/stm32cubeide/plugins/com.st.stm32cube.ide.mcu.externaltools.gnu-tools-for-stm32.9-2020-q2-update.win32_2.0.0.202105311346/tools/bin/../lib/gcc/arm-none-eabi/9.3.1/thumb/v6-m/nofp/crtbegin.o
LOAD d:/stm32/stm32cubeide_1.7.0/stm32cubeide/plugins/com.st.stm32cube.ide.mcu.externaltools.gnu-tools-for-stm32.9-2020-q2-update.win32_2.0.0.202105311346/tools/bin/../lib/gcc/arm-none-eabi/9.3.1/../../../../arm-none-eabi/lib/thumb/v6-m/nofp/crt0.o
LOAD ./Core/Src/beeper.o
LOAD ./Core/Src/cmmain.o
LOAD ./Core/Src/espif.o
LOAD ./Core/Src/gsm.o
LOAD ./Core/Src/junk.o
LOAD ./Core/Src/led.o
LOAD ./Core/Src/main.o
LOAD ./Core/Src/quectel.o
LOAD ./Core/Src/stm32f0xx_hal_msp.o
LOAD ./Core/Src/stm32f0xx_it.o
LOAD ./Core/Src/syscalls.o
LOAD ./Core/Src/sysmem.o
LOAD ./Core/Src/system_stm32f0xx.o
LOAD ./Core/Src/template.o
LOAD ./Core/Src/usbdebug.o
LOAD ./Core/Src/winbond_mem.o
LOAD ./Core/Startup/startup_stm32f070cbtx.o
LOAD ./Drivers/STM32F0xx_HAL_Driver/Src/stm32f0xx_hal.o
LOAD ./Drivers/STM32F0xx_HAL_Driver/Src/stm32f0xx_hal_cortex.o
LOAD ./Drivers/STM32F0xx_HAL_Driver/Src/stm32f0xx_hal_dma.o
LOAD ./Drivers/STM32F0xx_HAL_Driver/Src/stm32f0xx_hal_exti.o
LOAD ./Drivers/STM32F0xx_HAL_Driver/Src/stm32f0xx_hal_flash.o
LOAD ./Drivers/STM32F0xx_HAL_Driver/Src/stm32f0xx_hal_flash_ex.o
LOAD ./Drivers/STM32F0xx_HAL_Driver/Src/stm32f0xx_hal_gpio.o
LOAD ./Drivers/STM32F0xx_HAL_Driver/Src/stm32f0xx_hal_i2c.o
LOAD ./Drivers/STM32F0xx_HAL_Driver/Src/stm32f0xx_hal_i2c_ex.o
LOAD ./Drivers/STM32F0xx_HAL_Driver/Src/stm32f0xx_hal_pcd.o
LOAD ./Drivers/STM32F0xx_HAL_Driver/Src/stm32f0xx_hal_pcd_ex.o
LOAD ./Drivers/STM32F0xx_HAL_Driver/Src/stm32f0xx_hal_pwr.o
LOAD ./Drivers/STM32F0xx_HAL_Driver/Src/stm32f0xx_hal_pwr_ex.o
LOAD ./Drivers/STM32F0xx_HAL_Driver/Src/stm32f0xx_hal_rcc.o
LOAD ./Drivers/STM32F0xx_HAL_Driver/Src/stm32f0xx_hal_rcc_ex.o
LOAD ./Drivers/STM32F0xx_HAL_Driver/Src/stm32f0xx_hal_rtc.o
LOAD ./Drivers/STM32F0xx_HAL_Driver/Src/stm32f0xx_hal_rtc_ex.o
LOAD ./Drivers/STM32F0xx_HAL_Driver/Src/stm32f0xx_hal_spi.o
LOAD ./Drivers/STM32F0xx_HAL_Driver/Src/stm32f0xx_hal_spi_ex.o
LOAD ./Drivers/STM32F0xx_HAL_Driver/Src/stm32f0xx_hal_tim.o
LOAD ./Drivers/STM32F0xx_HAL_Driver/Src/stm32f0xx_hal_tim_ex.o
LOAD ./Drivers/STM32F0xx_HAL_Driver/Src/stm32f0xx_hal_uart.o
LOAD ./Drivers/STM32F0xx_HAL_Driver/Src/stm32f0xx_hal_uart_ex.o
LOAD ./Drivers/STM32F0xx_HAL_Driver/Src/stm32f0xx_ll_usb.o
LOAD ./Middlewares/ST/STM32_USB_Device_Library/Class/CDC/Src/usbd_cdc.o
LOAD ./Middlewares/ST/STM32_USB_Device_Library/Core/Src/usbd_core.o
LOAD ./Middlewares/ST/STM32_USB_Device_Library/Core/Src/usbd_ctlreq.o
LOAD ./Middlewares/ST/STM32_USB_Device_Library/Core/Src/usbd_ioreq.o
LOAD ./USB_DEVICE/App/usb_device.o
LOAD ./USB_DEVICE/App/usbd_cdc_if.o
LOAD ./USB_DEVICE/App/usbd_desc.o
LOAD ./USB_DEVICE/Target/usbd_conf.o
START GROUP
LOAD d:/stm32/stm32cubeide_1.7.0/stm32cubeide/plugins/com.st.stm32cube.ide.mcu.externaltools.gnu-tools-for-stm32.9-2020-q2-update.win32_2.0.0.202105311346/tools/bin/../lib/gcc/arm-none-eabi/9.3.1/../../../../arm-none-eabi/lib/thumb/v6-m/nofp\libc_nano.a
LOAD d:/stm32/stm32cubeide_1.7.0/stm32cubeide/plugins/com.st.stm32cube.ide.mcu.externaltools.gnu-tools-for-stm32.9-2020-q2-update.win32_2.0.0.202105311346/tools/bin/../lib/gcc/arm-none-eabi/9.3.1/../../../../arm-none-eabi/lib/thumb/v6-m/nofp\libm.a
END GROUP
START GROUP
LOAD d:/stm32/stm32cubeide_1.7.0/stm32cubeide/plugins/com.st.stm32cube.ide.mcu.externaltools.gnu-tools-for-stm32.9-2020-q2-update.win32_2.0.0.202105311346/tools/bin/../lib/gcc/arm-none-eabi/9.3.1/thumb/v6-m/nofp\libgcc.a
LOAD d:/stm32/stm32cubeide_1.7.0/stm32cubeide/plugins/com.st.stm32cube.ide.mcu.externaltools.gnu-tools-for-stm32.9-2020-q2-update.win32_2.0.0.202105311346/tools/bin/../lib/gcc/arm-none-eabi/9.3.1/../../../../arm-none-eabi/lib/thumb/v6-m/nofp\libc_nano.a
END GROUP
START GROUP
LOAD d:/stm32/stm32cubeide_1.7.0/stm32cubeide/plugins/com.st.stm32cube.ide.mcu.externaltools.gnu-tools-for-stm32.9-2020-q2-update.win32_2.0.0.202105311346/tools/bin/../lib/gcc/arm-none-eabi/9.3.1/thumb/v6-m/nofp\libgcc.a
LOAD d:/stm32/stm32cubeide_1.7.0/stm32cubeide/plugins/com.st.stm32cube.ide.mcu.externaltools.gnu-tools-for-stm32.9-2020-q2-update.win32_2.0.0.202105311346/tools/bin/../lib/gcc/arm-none-eabi/9.3.1/../../../../arm-none-eabi/lib/thumb/v6-m/nofp\libc_nano.a
LOAD d:/stm32/stm32cubeide_1.7.0/stm32cubeide/plugins/com.st.stm32cube.ide.mcu.externaltools.gnu-tools-for-stm32.9-2020-q2-update.win32_2.0.0.202105311346/tools/bin/../lib/gcc/arm-none-eabi/9.3.1/../../../../arm-none-eabi/lib/thumb/v6-m/nofp\libnosys.a
END GROUP
START GROUP
LOAD d:/stm32/stm32cubeide_1.7.0/stm32cubeide/plugins/com.st.stm32cube.ide.mcu.externaltools.gnu-tools-for-stm32.9-2020-q2-update.win32_2.0.0.202105311346/tools/bin/../lib/gcc/arm-none-eabi/9.3.1/thumb/v6-m/nofp\libgcc.a
LOAD d:/stm32/stm32cubeide_1.7.0/stm32cubeide/plugins/com.st.stm32cube.ide.mcu.externaltools.gnu-tools-for-stm32.9-2020-q2-update.win32_2.0.0.202105311346/tools/bin/../lib/gcc/arm-none-eabi/9.3.1/../../../../arm-none-eabi/lib/thumb/v6-m/nofp\libc_nano.a
LOAD d:/stm32/stm32cubeide_1.7.0/stm32cubeide/plugins/com.st.stm32cube.ide.mcu.externaltools.gnu-tools-for-stm32.9-2020-q2-update.win32_2.0.0.202105311346/tools/bin/../lib/gcc/arm-none-eabi/9.3.1/../../../../arm-none-eabi/lib/thumb/v6-m/nofp\libnosys.a
END GROUP
LOAD d:/stm32/stm32cubeide_1.7.0/stm32cubeide/plugins/com.st.stm32cube.ide.mcu.externaltools.gnu-tools-for-stm32.9-2020-q2-update.win32_2.0.0.202105311346/tools/bin/../lib/gcc/arm-none-eabi/9.3.1/thumb/v6-m/nofp/crtend.o
LOAD d:/stm32/stm32cubeide_1.7.0/stm32cubeide/plugins/com.st.stm32cube.ide.mcu.externaltools.gnu-tools-for-stm32.9-2020-q2-update.win32_2.0.0.202105311346/tools/bin/../lib/gcc/arm-none-eabi/9.3.1/thumb/v6-m/nofp/crtn.o
                0x0000000020004000                _estack = (ORIGIN (RAM) + LENGTH (RAM))
                0x0000000000000200                _Min_Heap_Size = 0x200
                0x0000000000000400                _Min_Stack_Size = 0x400

.isr_vector     0x0000000008000000       0xc0
                0x0000000008000000                . = ALIGN (0x4)
 *(.isr_vector)
 .isr_vector    0x0000000008000000       0xc0 ./Core/Startup/startup_stm32f070cbtx.o
                0x0000000008000000                g_pfnVectors
                0x00000000080000c0                . = ALIGN (0x4)

.text           0x00000000080000c0     0xcf38
                0x00000000080000c0                . = ALIGN (0x4)
 *(.text)
 .text          0x00000000080000c0       0x48 d:/stm32/stm32cubeide_1.7.0/stm32cubeide/plugins/com.st.stm32cube.ide.mcu.externaltools.gnu-tools-for-stm32.9-2020-q2-update.win32_2.0.0.202105311346/tools/bin/../lib/gcc/arm-none-eabi/9.3.1/thumb/v6-m/nofp/crtbegin.o
 .text          0x0000000008000108        0xe d:/stm32/stm32cubeide_1.7.0/stm32cubeide/plugins/com.st.stm32cube.ide.mcu.externaltools.gnu-tools-for-stm32.9-2020-q2-update.win32_2.0.0.202105311346/tools/bin/../lib/gcc/arm-none-eabi/9.3.1/../../../../arm-none-eabi/lib/thumb/v6-m/nofp\libc_nano.a(lib_a-strlen.o)
                0x0000000008000108                strlen
 *fill*         0x0000000008000116        0x2 
 .text          0x0000000008000118       0x14 d:/stm32/stm32cubeide_1.7.0/stm32cubeide/plugins/com.st.stm32cube.ide.mcu.externaltools.gnu-tools-for-stm32.9-2020-q2-update.win32_2.0.0.202105311346/tools/bin/../lib/gcc/arm-none-eabi/9.3.1/thumb/v6-m/nofp\libgcc.a(_thumb1_case_shi.o)
                0x0000000008000118                __gnu_thumb1_case_shi
 .text          0x000000000800012c      0x114 d:/stm32/stm32cubeide_1.7.0/stm32cubeide/plugins/com.st.stm32cube.ide.mcu.externaltools.gnu-tools-for-stm32.9-2020-q2-update.win32_2.0.0.202105311346/tools/bin/../lib/gcc/arm-none-eabi/9.3.1/thumb/v6-m/nofp\libgcc.a(_udivsi3.o)
                0x000000000800012c                __aeabi_uidiv
                0x000000000800012c                __udivsi3
                0x0000000008000238                __aeabi_uidivmod
 .text          0x0000000008000240        0x4 d:/stm32/stm32cubeide_1.7.0/stm32cubeide/plugins/com.st.stm32cube.ide.mcu.externaltools.gnu-tools-for-stm32.9-2020-q2-update.win32_2.0.0.202105311346/tools/bin/../lib/gcc/arm-none-eabi/9.3.1/thumb/v6-m/nofp\libgcc.a(_dvmd_tls.o)
                0x0000000008000240                __aeabi_idiv0
                0x0000000008000240                __aeabi_ldiv0
 *(.text*)
 .text.beep     0x0000000008000244       0x10 ./Core/Src/beeper.o
                0x0000000008000244                beep
 .text.beep_init
                0x0000000008000254       0xbc ./Core/Src/beeper.o
                0x0000000008000254                beep_init
 .text.__NVIC_SystemReset
                0x0000000008000310       0x24 ./Core/Src/cmmain.o
 .text.cmmain   0x0000000008000334      0x250 ./Core/Src/cmmain.o
                0x0000000008000334                cmmain
 .text.dma_ch4_5_ih
                0x0000000008000584       0x30 ./Core/Src/cmmain.o
                0x0000000008000584                dma_ch4_5_ih
 .text.crash    0x00000000080005b4        0x8 ./Core/Src/cmmain.o
                0x00000000080005b4                crash
 .text.flush_array
                0x00000000080005bc       0x46 ./Core/Src/cmmain.o
                0x00000000080005bc                flush_array
 *fill*         0x0000000008000602        0x2 
 .text.explode_string
                0x0000000008000604      0x144 ./Core/Src/cmmain.o
 .text.flush_tx_string
                0x0000000008000748       0x1c ./Core/Src/cmmain.o
 .text.read_runtime_parameters_from_flash
                0x0000000008000764      0x1fc ./Core/Src/cmmain.o
 .text.read_settings_from_flash
                0x0000000008000960      0x428 ./Core/Src/cmmain.o
 .text.state_machine
                0x0000000008000d88       0x9e ./Core/Src/cmmain.o
 *fill*         0x0000000008000e26        0x2 
 .text.store_runtime_parameters_to_flash
                0x0000000008000e28       0xb8 ./Core/Src/cmmain.o
 .text.store_settings_to_flash
                0x0000000008000ee0      0x114 ./Core/Src/cmmain.o
 .text.esp_init
                0x0000000008000ff4      0x124 ./Core/Src/espif.o
                0x0000000008000ff4                esp_init
 .text.esp_power_on
                0x0000000008001118        0xa ./Core/Src/espif.o
                0x0000000008001118                esp_power_on
 *fill*         0x0000000008001122        0x2 
 .text.gsm_init
                0x0000000008001124       0x34 ./Core/Src/gsm.o
                0x0000000008001124                gsm_init
 .text.gsm_timer_ih
                0x0000000008001158       0x24 ./Core/Src/gsm.o
                0x0000000008001158                gsm_timer_ih
 .text.e_always
                0x000000000800117c        0xc ./Core/Src/gsm.o
 .text.e_quecready
                0x0000000008001188       0x14 ./Core/Src/gsm.o
 .text.e_rcverr
                0x000000000800119c       0x38 ./Core/Src/gsm.o
 .text.e_rcvok  0x00000000080011d4       0x18 ./Core/Src/gsm.o
 .text.e_rcvtimout
                0x00000000080011ec       0x1c ./Core/Src/gsm.o
 .text.e_rxccid
                0x0000000008001208       0x24 ./Core/Src/gsm.o
 .text.e_rxcpinr
                0x000000000800122c       0x24 ./Core/Src/gsm.o
 .text.e_rximei
                0x0000000008001250       0x28 ./Core/Src/gsm.o
 .text.e_rximsi
                0x0000000008001278       0x28 ./Core/Src/gsm.o
 .text.e_rxok   0x00000000080012a0       0x30 ./Core/Src/gsm.o
 .text.e_rxrdy  0x00000000080012d0       0x38 ./Core/Src/gsm.o
 .text.e_timeout
                0x0000000008001308       0x1c ./Core/Src/gsm.o
 .text.a_flushrx
                0x0000000008001324        0xe ./Core/Src/gsm.o
 *fill*         0x0000000008001332        0x2 
 .text.a_gotcpinr
                0x0000000008001334       0x14 ./Core/Src/gsm.o
 .text.a_gotrdy
                0x0000000008001348       0x14 ./Core/Src/gsm.o
 .text.a_initvars
                0x000000000800135c       0x20 ./Core/Src/gsm.o
 .text.a_nop    0x000000000800137c        0xa ./Core/Src/gsm.o
 *fill*         0x0000000008001386        0x2 
 .text.a_rcvdata
                0x0000000008001388       0x30 ./Core/Src/gsm.o
 .text.a_rcvinitmsgs
                0x00000000080013b8       0x2c ./Core/Src/gsm.o
 .text.a_reset  0x00000000080013e4        0xe ./Core/Src/gsm.o
 *fill*         0x00000000080013f2        0x2 
 .text.a_saveccid
                0x00000000080013f4       0x54 ./Core/Src/gsm.o
 .text.a_saveimei
                0x0000000008001448       0x3c ./Core/Src/gsm.o
 .text.a_saveimsi
                0x0000000008001484       0x3c ./Core/Src/gsm.o
 .text.a_tmr5sec
                0x00000000080014c0       0x20 ./Core/Src/gsm.o
 .text.a_trapn  0x00000000080014e0       0x54 ./Core/Src/gsm.o
 .text.a_trcimi
                0x0000000008001534       0x54 ./Core/Src/gsm.o
 .text.a_trgsn  0x0000000008001588       0x54 ./Core/Src/gsm.o
 .text.a_trmsg1
                0x00000000080015dc       0x54 ./Core/Src/gsm.o
 .text.a_trqccid
                0x0000000008001630       0x54 ./Core/Src/gsm.o
 .text.a_trqcfg
                0x0000000008001684       0x54 ./Core/Src/gsm.o
 .text.a_trqurccfg
                0x00000000080016d8       0x54 ./Core/Src/gsm.o
 .text.a_txate0
                0x000000000800172c       0x18 ./Core/Src/gsm.o
 .text.compare  0x0000000008001744       0x4c ./Core/Src/gsm.o
 .text.gsm_rcv_ih
                0x0000000008001790       0x2c ./Core/Src/gsm.o
 .text.state_trace
                0x00000000080017bc       0x40 ./Core/Src/gsm.o
 .text.led_init
                0x00000000080017fc       0xc8 ./Core/Src/led.o
                0x00000000080017fc                led_init
 .text.led_green_set
                0x00000000080018c4       0x70 ./Core/Src/led.o
                0x00000000080018c4                led_green_set
 .text.led_red_set
                0x0000000008001934       0x70 ./Core/Src/led.o
                0x0000000008001934                led_red_set
 .text.led_yellow_set
                0x00000000080019a4       0x70 ./Core/Src/led.o
                0x00000000080019a4                led_yellow_set
 .text.led_timer_ih
                0x0000000008001a14       0xf0 ./Core/Src/led.o
                0x0000000008001a14                led_timer_ih
 .text.main     0x0000000008001b04       0x28 ./Core/Src/main.o
                0x0000000008001b04                main
 .text.SystemClock_Config
                0x0000000008001b2c       0xd8 ./Core/Src/main.o
                0x0000000008001b2c                SystemClock_Config
 .text.MX_RTC_Init
                0x0000000008001c04       0xc4 ./Core/Src/main.o
 .text.MX_SPI1_Init
                0x0000000008001cc8       0x7c ./Core/Src/main.o
                0x0000000008001cc8                MX_SPI1_Init
 .text.Error_Handler
                0x0000000008001d44        0xa ./Core/Src/main.o
                0x0000000008001d44                Error_Handler
 .text.quec_3v8enbl
                0x0000000008001d4e       0x3e ./Core/Src/quectel.o
                0x0000000008001d4e                quec_3v8enbl
 .text.quec_init
                0x0000000008001d8c      0x1d4 ./Core/Src/quectel.o
                0x0000000008001d8c                quec_init
 .text.quec_task
                0x0000000008001f60      0x438 ./Core/Src/quectel.o
                0x0000000008001f60                quec_task
 .text.quec_receive
                0x0000000008002398       0xb4 ./Core/Src/quectel.o
                0x0000000008002398                quec_receive
 .text.quec_reset
                0x000000000800244c       0x14 ./Core/Src/quectel.o
                0x000000000800244c                quec_reset
 .text.quec_rxflush
                0x0000000008002460       0x24 ./Core/Src/quectel.o
                0x0000000008002460                quec_rxflush
 .text.quec_transmit
                0x0000000008002484       0xc4 ./Core/Src/quectel.o
                0x0000000008002484                quec_transmit
 .text.quec_dma_ih
                0x0000000008002548       0x3c ./Core/Src/quectel.o
                0x0000000008002548                quec_dma_ih
 .text.quec_timer_ih
                0x0000000008002584       0x38 ./Core/Src/quectel.o
                0x0000000008002584                quec_timer_ih
 .text.quec_uart_ih
                0x00000000080025bc       0x70 ./Core/Src/quectel.o
                0x00000000080025bc                quec_uart_ih
 .text.set_timer
                0x000000000800262c       0x24 ./Core/Src/quectel.o
 .text.HAL_MspInit
                0x0000000008002650       0x58 ./Core/Src/stm32f0xx_hal_msp.o
                0x0000000008002650                HAL_MspInit
 .text.HAL_RTC_MspInit
                0x00000000080026a8       0x30 ./Core/Src/stm32f0xx_hal_msp.o
                0x00000000080026a8                HAL_RTC_MspInit
 .text.HAL_SPI_MspInit
                0x00000000080026d8       0xa8 ./Core/Src/stm32f0xx_hal_msp.o
                0x00000000080026d8                HAL_SPI_MspInit
 .text.HAL_UART_MspInit
                0x0000000008002780      0x130 ./Core/Src/stm32f0xx_hal_msp.o
                0x0000000008002780                HAL_UART_MspInit
 .text.NMI_Handler
                0x00000000080028b0        0xa ./Core/Src/stm32f0xx_it.o
                0x00000000080028b0                NMI_Handler
 .text.HardFault_Handler
                0x00000000080028ba        0x6 ./Core/Src/stm32f0xx_it.o
                0x00000000080028ba                HardFault_Handler
 .text.SVC_Handler
                0x00000000080028c0        0xa ./Core/Src/stm32f0xx_it.o
                0x00000000080028c0                SVC_Handler
 .text.PendSV_Handler
                0x00000000080028ca        0xa ./Core/Src/stm32f0xx_it.o
                0x00000000080028ca                PendSV_Handler
 .text.SysTick_Handler
                0x00000000080028d4       0x1a ./Core/Src/stm32f0xx_it.o
                0x00000000080028d4                SysTick_Handler
 .text.RCC_IRQHandler
                0x00000000080028ee        0xa ./Core/Src/stm32f0xx_it.o
                0x00000000080028ee                RCC_IRQHandler
 .text.TIM6_IRQHandler
                0x00000000080028f8       0x18 ./Core/Src/stm32f0xx_it.o
                0x00000000080028f8                TIM6_IRQHandler
 .text.TIM7_IRQHandler
                0x0000000008002910       0x18 ./Core/Src/stm32f0xx_it.o
                0x0000000008002910                TIM7_IRQHandler
 .text.SPI1_IRQHandler
                0x0000000008002928       0x18 ./Core/Src/stm32f0xx_it.o
                0x0000000008002928                SPI1_IRQHandler
 .text.USART1_IRQHandler
                0x0000000008002940       0x18 ./Core/Src/stm32f0xx_it.o
                0x0000000008002940                USART1_IRQHandler
 .text._sbrk    0x0000000008002958       0x6c ./Core/Src/sysmem.o
                0x0000000008002958                _sbrk
 .text.SystemInit
                0x00000000080029c4        0xa ./Core/Src/system_stm32f0xx.o
                0x00000000080029c4                SystemInit
 *fill*         0x00000000080029ce        0x2 
 .text.usb_printf
                0x00000000080029d0      0x484 ./Core/Src/usbdebug.o
                0x00000000080029d0                usb_printf
 .text.usb_print_ih
                0x0000000008002e54      0x144 ./Core/Src/usbdebug.o
                0x0000000008002e54                usb_print_ih
 .text.usb_write
                0x0000000008002f98       0x3e ./Core/Src/usbdebug.o
                0x0000000008002f98                usb_write
 .text.usb_write_fixed
                0x0000000008002fd6       0x5a ./Core/Src/usbdebug.o
                0x0000000008002fd6                usb_write_fixed
 .text.format_du
                0x0000000008003030      0x170 ./Core/Src/usbdebug.o
 .text.format_x
                0x00000000080031a0      0x138 ./Core/Src/usbdebug.o
 .text.store_curchar
                0x00000000080032d8       0x4c ./Core/Src/usbdebug.o
 .text.sFLASH_CS_LOW
                0x0000000008003324       0x18 ./Core/Src/winbond_mem.o
                0x0000000008003324                sFLASH_CS_LOW
 .text.sFLASH_CS_HIGH
                0x000000000800333c       0x18 ./Core/Src/winbond_mem.o
                0x000000000800333c                sFLASH_CS_HIGH
 .text.sFLASH_Init
                0x0000000008003354       0x6a ./Core/Src/winbond_mem.o
                0x0000000008003354                sFLASH_Init
 .text.sFLASH_EraseSector
                0x00000000080033be       0x48 ./Core/Src/winbond_mem.o
                0x00000000080033be                sFLASH_EraseSector
 .text.sFLASH_WriteByte
                0x0000000008003406       0x58 ./Core/Src/winbond_mem.o
                0x0000000008003406                sFLASH_WriteByte
 .text.sFLASH_ReadByte1
                0x000000000800345e       0x58 ./Core/Src/winbond_mem.o
                0x000000000800345e                sFLASH_ReadByte1
 *fill*         0x00000000080034b6        0x2 
 .text.sFLASH_SendByte
                0x00000000080034b8       0x24 ./Core/Src/winbond_mem.o
                0x00000000080034b8                sFLASH_SendByte
 .text.sFLASH_ReadByte
                0x00000000080034dc       0x28 ./Core/Src/winbond_mem.o
                0x00000000080034dc                sFLASH_ReadByte
 .text.sFLASH_WriteEnable
                0x0000000008003504       0x18 ./Core/Src/winbond_mem.o
                0x0000000008003504                sFLASH_WriteEnable
 .text.sFLASH_WaitForWriteEnd
                0x000000000800351c       0x40 ./Core/Src/winbond_mem.o
                0x000000000800351c                sFLASH_WaitForWriteEnd
 .text.Reset_Handler
                0x000000000800355c       0x50 ./Core/Startup/startup_stm32f070cbtx.o
                0x000000000800355c                Reset_Handler
 .text.Default_Handler
                0x00000000080035ac        0x2 ./Core/Startup/startup_stm32f070cbtx.o
                0x00000000080035ac                TIM1_CC_IRQHandler
                0x00000000080035ac                I2C1_IRQHandler
                0x00000000080035ac                USART3_4_IRQHandler
                0x00000000080035ac                EXTI2_3_IRQHandler
                0x00000000080035ac                ADC1_IRQHandler
                0x00000000080035ac                I2C2_IRQHandler
                0x00000000080035ac                TIM17_IRQHandler
                0x00000000080035ac                RTC_IRQHandler
                0x00000000080035ac                TIM16_IRQHandler
                0x00000000080035ac                TIM3_IRQHandler
                0x00000000080035ac                EXTI4_15_IRQHandler
                0x00000000080035ac                DMA1_Channel1_IRQHandler
                0x00000000080035ac                Default_Handler
                0x00000000080035ac                TIM14_IRQHandler
                0x00000000080035ac                DMA1_Channel4_5_IRQHandler
                0x00000000080035ac                TIM15_IRQHandler
                0x00000000080035ac                EXTI0_1_IRQHandler
                0x00000000080035ac                SPI2_IRQHandler
                0x00000000080035ac                WWDG_IRQHandler
                0x00000000080035ac                DMA1_Channel2_3_IRQHandler
                0x00000000080035ac                FLASH_IRQHandler
                0x00000000080035ac                TIM1_BRK_UP_TRG_COM_IRQHandler
 *fill*         0x00000000080035ae        0x2 
 .text.HAL_Init
                0x00000000080035b0       0x28 ./Drivers/STM32F0xx_HAL_Driver/Src/stm32f0xx_hal.o
                0x00000000080035b0                HAL_Init
 .text.HAL_InitTick
                0x00000000080035d8       0x68 ./Drivers/STM32F0xx_HAL_Driver/Src/stm32f0xx_hal.o
                0x00000000080035d8                HAL_InitTick
 .text.HAL_IncTick
                0x0000000008003640       0x24 ./Drivers/STM32F0xx_HAL_Driver/Src/stm32f0xx_hal.o
                0x0000000008003640                HAL_IncTick
 .text.HAL_GetTick
                0x0000000008003664       0x14 ./Drivers/STM32F0xx_HAL_Driver/Src/stm32f0xx_hal.o
                0x0000000008003664                HAL_GetTick
 .text.HAL_Delay
                0x0000000008003678       0x48 ./Drivers/STM32F0xx_HAL_Driver/Src/stm32f0xx_hal.o
                0x0000000008003678                HAL_Delay
 .text.__NVIC_EnableIRQ
                0x00000000080036c0       0x34 ./Drivers/STM32F0xx_HAL_Driver/Src/stm32f0xx_hal_cortex.o
 .text.__NVIC_SetPriority
                0x00000000080036f4       0xdc ./Drivers/STM32F0xx_HAL_Driver/Src/stm32f0xx_hal_cortex.o
 .text.SysTick_Config
                0x00000000080037d0       0x48 ./Drivers/STM32F0xx_HAL_Driver/Src/stm32f0xx_hal_cortex.o
 .text.HAL_NVIC_SetPriority
                0x0000000008003818       0x2a ./Drivers/STM32F0xx_HAL_Driver/Src/stm32f0xx_hal_cortex.o
                0x0000000008003818                HAL_NVIC_SetPriority
 .text.HAL_NVIC_EnableIRQ
                0x0000000008003842       0x20 ./Drivers/STM32F0xx_HAL_Driver/Src/stm32f0xx_hal_cortex.o
                0x0000000008003842                HAL_NVIC_EnableIRQ
 .text.HAL_SYSTICK_Config
                0x0000000008003862       0x1a ./Drivers/STM32F0xx_HAL_Driver/Src/stm32f0xx_hal_cortex.o
                0x0000000008003862                HAL_SYSTICK_Config
 .text.HAL_DMA_Abort
                0x000000000800387c       0x70 ./Drivers/STM32F0xx_HAL_Driver/Src/stm32f0xx_hal_dma.o
                0x000000000800387c                HAL_DMA_Abort
 .text.HAL_DMA_Abort_IT
                0x00000000080038ec       0x8a ./Drivers/STM32F0xx_HAL_Driver/Src/stm32f0xx_hal_dma.o
                0x00000000080038ec                HAL_DMA_Abort_IT
 *fill*         0x0000000008003976        0x2 
 .text.HAL_GPIO_Init
                0x0000000008003978      0x2e0 ./Drivers/STM32F0xx_HAL_Driver/Src/stm32f0xx_hal_gpio.o
                0x0000000008003978                HAL_GPIO_Init
 .text.HAL_GPIO_WritePin
                0x0000000008003c58       0x3a ./Drivers/STM32F0xx_HAL_Driver/Src/stm32f0xx_hal_gpio.o
                0x0000000008003c58                HAL_GPIO_WritePin
 *fill*         0x0000000008003c92        0x2 
 .text.HAL_PCD_Init
                0x0000000008003c94      0x220 ./Drivers/STM32F0xx_HAL_Driver/Src/stm32f0xx_hal_pcd.o
                0x0000000008003c94                HAL_PCD_Init
 .text.HAL_PCD_Start
                0x0000000008003eb4       0x4a ./Drivers/STM32F0xx_HAL_Driver/Src/stm32f0xx_hal_pcd.o
                0x0000000008003eb4                HAL_PCD_Start
 .text.HAL_PCD_SetAddress
                0x0000000008003efe       0x56 ./Drivers/STM32F0xx_HAL_Driver/Src/stm32f0xx_hal_pcd.o
                0x0000000008003efe                HAL_PCD_SetAddress
 .text.HAL_PCD_EP_Open
                0x0000000008003f54       0xf0 ./Drivers/STM32F0xx_HAL_Driver/Src/stm32f0xx_hal_pcd.o
                0x0000000008003f54                HAL_PCD_EP_Open
 .text.HAL_PCD_EP_Close
                0x0000000008004044       0xa2 ./Drivers/STM32F0xx_HAL_Driver/Src/stm32f0xx_hal_pcd.o
                0x0000000008004044                HAL_PCD_EP_Close
 .text.HAL_PCD_EP_Receive
                0x00000000080040e6       0x88 ./Drivers/STM32F0xx_HAL_Driver/Src/stm32f0xx_hal_pcd.o
                0x00000000080040e6                HAL_PCD_EP_Receive
 .text.HAL_PCD_EP_GetRxCount
                0x000000000800416e       0x32 ./Drivers/STM32F0xx_HAL_Driver/Src/stm32f0xx_hal_pcd.o
                0x000000000800416e                HAL_PCD_EP_GetRxCount
 .text.HAL_PCD_EP_Transmit
                0x00000000080041a0       0x92 ./Drivers/STM32F0xx_HAL_Driver/Src/stm32f0xx_hal_pcd.o
                0x00000000080041a0                HAL_PCD_EP_Transmit
 .text.HAL_PCD_EP_SetStall
                0x0000000008004232       0xb8 ./Drivers/STM32F0xx_HAL_Driver/Src/stm32f0xx_hal_pcd.o
                0x0000000008004232                HAL_PCD_EP_SetStall
 .text.HAL_PCD_EP_ClrStall
                0x00000000080042ea       0xbc ./Drivers/STM32F0xx_HAL_Driver/Src/stm32f0xx_hal_pcd.o
                0x00000000080042ea                HAL_PCD_EP_ClrStall
 *fill*         0x00000000080043a6        0x2 
 .text.PCD_EP_ISR_Handler
                0x00000000080043a8      0x678 ./Drivers/STM32F0xx_HAL_Driver/Src/stm32f0xx_hal_pcd.o
                0x00000000080043a8                PCD_EP_ISR_Handler
 .text.HAL_PCD_EP_DB_Receive
                0x0000000008004a20      0x238 ./Drivers/STM32F0xx_HAL_Driver/Src/stm32f0xx_hal_pcd.o
 .text.HAL_PCD_EP_DB_Transmit
                0x0000000008004c58      0x564 ./Drivers/STM32F0xx_HAL_Driver/Src/stm32f0xx_hal_pcd.o
 .text.HAL_PCDEx_PMAConfig
                0x00000000080051bc       0x9c ./Drivers/STM32F0xx_HAL_Driver/Src/stm32f0xx_hal_pcd_ex.o
                0x00000000080051bc                HAL_PCDEx_PMAConfig
 .text.HAL_PCDEx_ActivateLPM
                0x0000000008005258       0x54 ./Drivers/STM32F0xx_HAL_Driver/Src/stm32f0xx_hal_pcd_ex.o
                0x0000000008005258                HAL_PCDEx_ActivateLPM
 .text.HAL_PCDEx_LPM_Callback
                0x00000000080052ac       0x16 ./Drivers/STM32F0xx_HAL_Driver/Src/stm32f0xx_hal_pcd_ex.o
                0x00000000080052ac                HAL_PCDEx_LPM_Callback
 *fill*         0x00000000080052c2        0x2 
 .text.HAL_RCC_OscConfig
                0x00000000080052c4      0x63c ./Drivers/STM32F0xx_HAL_Driver/Src/stm32f0xx_hal_rcc.o
                0x00000000080052c4                HAL_RCC_OscConfig
 .text.HAL_RCC_ClockConfig
                0x0000000008005900      0x19c ./Drivers/STM32F0xx_HAL_Driver/Src/stm32f0xx_hal_rcc.o
                0x0000000008005900                HAL_RCC_ClockConfig
 .text.HAL_RCC_GetSysClockFreq
                0x0000000008005a9c       0xd0 ./Drivers/STM32F0xx_HAL_Driver/Src/stm32f0xx_hal_rcc.o
                0x0000000008005a9c                HAL_RCC_GetSysClockFreq
 .text.HAL_RCC_GetHCLKFreq
                0x0000000008005b6c       0x14 ./Drivers/STM32F0xx_HAL_Driver/Src/stm32f0xx_hal_rcc.o
                0x0000000008005b6c                HAL_RCC_GetHCLKFreq
 .text.HAL_RCC_GetPCLK1Freq
                0x0000000008005b80       0x2c ./Drivers/STM32F0xx_HAL_Driver/Src/stm32f0xx_hal_rcc.o
                0x0000000008005b80                HAL_RCC_GetPCLK1Freq
 .text.HAL_RCCEx_PeriphCLKConfig
                0x0000000008005bac      0x1bc ./Drivers/STM32F0xx_HAL_Driver/Src/stm32f0xx_hal_rcc_ex.o
                0x0000000008005bac                HAL_RCCEx_PeriphCLKConfig
 .text.HAL_RTC_Init
                0x0000000008005d68      0x128 ./Drivers/STM32F0xx_HAL_Driver/Src/stm32f0xx_hal_rtc.o
                0x0000000008005d68                HAL_RTC_Init
 .text.HAL_RTC_SetTime
                0x0000000008005e90      0x178 ./Drivers/STM32F0xx_HAL_Driver/Src/stm32f0xx_hal_rtc.o
                0x0000000008005e90                HAL_RTC_SetTime
 .text.HAL_RTC_SetDate
                0x0000000008006008      0x14c ./Drivers/STM32F0xx_HAL_Driver/Src/stm32f0xx_hal_rtc.o
                0x0000000008006008                HAL_RTC_SetDate
 .text.HAL_RTC_WaitForSynchro
                0x0000000008006154       0x52 ./Drivers/STM32F0xx_HAL_Driver/Src/stm32f0xx_hal_rtc.o
                0x0000000008006154                HAL_RTC_WaitForSynchro
 .text.RTC_EnterInitMode
                0x00000000080061a6       0x58 ./Drivers/STM32F0xx_HAL_Driver/Src/stm32f0xx_hal_rtc.o
                0x00000000080061a6                RTC_EnterInitMode
 .text.RTC_ByteToBcd2
                0x00000000080061fe       0x42 ./Drivers/STM32F0xx_HAL_Driver/Src/stm32f0xx_hal_rtc.o
                0x00000000080061fe                RTC_ByteToBcd2
 .text.HAL_SPI_Init
                0x0000000008006240      0x170 ./Drivers/STM32F0xx_HAL_Driver/Src/stm32f0xx_hal_spi.o
                0x0000000008006240                HAL_SPI_Init
 .text.HAL_SPI_Transmit
                0x00000000080063b0      0x2b0 ./Drivers/STM32F0xx_HAL_Driver/Src/stm32f0xx_hal_spi.o
                0x00000000080063b0                HAL_SPI_Transmit
 .text.HAL_SPI_Receive
                0x0000000008006660      0x298 ./Drivers/STM32F0xx_HAL_Driver/Src/stm32f0xx_hal_spi.o
                0x0000000008006660                HAL_SPI_Receive
 .text.HAL_SPI_TransmitReceive
                0x00000000080068f8      0x3a4 ./Drivers/STM32F0xx_HAL_Driver/Src/stm32f0xx_hal_spi.o
                0x00000000080068f8                HAL_SPI_TransmitReceive
 .text.HAL_SPI_IRQHandler
                0x0000000008006c9c      0x1fc ./Drivers/STM32F0xx_HAL_Driver/Src/stm32f0xx_hal_spi.o
                0x0000000008006c9c                HAL_SPI_IRQHandler
 .text.HAL_SPI_ErrorCallback
                0x0000000008006e98       0x10 ./Drivers/STM32F0xx_HAL_Driver/Src/stm32f0xx_hal_spi.o
                0x0000000008006e98                HAL_SPI_ErrorCallback
 .text.SPI_DMAAbortOnError
                0x0000000008006ea8       0x2c ./Drivers/STM32F0xx_HAL_Driver/Src/stm32f0xx_hal_spi.o
 .text.SPI_WaitFlagStateUntilTimeout
                0x0000000008006ed4      0x11c ./Drivers/STM32F0xx_HAL_Driver/Src/stm32f0xx_hal_spi.o
 .text.SPI_WaitFifoStateUntilTimeout
                0x0000000008006ff0      0x12c ./Drivers/STM32F0xx_HAL_Driver/Src/stm32f0xx_hal_spi.o
 .text.SPI_EndRxTransaction
                0x000000000800711c       0xbc ./Drivers/STM32F0xx_HAL_Driver/Src/stm32f0xx_hal_spi.o
 .text.SPI_EndRxTxTransaction
                0x00000000080071d8       0x8c ./Drivers/STM32F0xx_HAL_Driver/Src/stm32f0xx_hal_spi.o
 .text.HAL_TIM_IRQHandler
                0x0000000008007264      0x22c ./Drivers/STM32F0xx_HAL_Driver/Src/stm32f0xx_hal_tim.o
                0x0000000008007264                HAL_TIM_IRQHandler
 .text.HAL_TIM_PeriodElapsedCallback
                0x0000000008007490       0x10 ./Drivers/STM32F0xx_HAL_Driver/Src/stm32f0xx_hal_tim.o
                0x0000000008007490                HAL_TIM_PeriodElapsedCallback
 .text.HAL_TIM_OC_DelayElapsedCallback
                0x00000000080074a0       0x10 ./Drivers/STM32F0xx_HAL_Driver/Src/stm32f0xx_hal_tim.o
                0x00000000080074a0                HAL_TIM_OC_DelayElapsedCallback
 .text.HAL_TIM_IC_CaptureCallback
                0x00000000080074b0       0x10 ./Drivers/STM32F0xx_HAL_Driver/Src/stm32f0xx_hal_tim.o
                0x00000000080074b0                HAL_TIM_IC_CaptureCallback
 .text.HAL_TIM_PWM_PulseFinishedCallback
                0x00000000080074c0       0x10 ./Drivers/STM32F0xx_HAL_Driver/Src/stm32f0xx_hal_tim.o
                0x00000000080074c0                HAL_TIM_PWM_PulseFinishedCallback
 .text.HAL_TIM_TriggerCallback
                0x00000000080074d0       0x10 ./Drivers/STM32F0xx_HAL_Driver/Src/stm32f0xx_hal_tim.o
                0x00000000080074d0                HAL_TIM_TriggerCallback
 .text.HAL_TIMEx_CommutCallback
                0x00000000080074e0       0x10 ./Drivers/STM32F0xx_HAL_Driver/Src/stm32f0xx_hal_tim_ex.o
                0x00000000080074e0                HAL_TIMEx_CommutCallback
 .text.HAL_TIMEx_BreakCallback
                0x00000000080074f0       0x10 ./Drivers/STM32F0xx_HAL_Driver/Src/stm32f0xx_hal_tim_ex.o
                0x00000000080074f0                HAL_TIMEx_BreakCallback
 .text.HAL_UART_Init
                0x0000000008007500       0xa8 ./Drivers/STM32F0xx_HAL_Driver/Src/stm32f0xx_hal_uart.o
                0x0000000008007500                HAL_UART_Init
 .text.HAL_UART_IRQHandler
                0x00000000080075a8      0x3dc ./Drivers/STM32F0xx_HAL_Driver/Src/stm32f0xx_hal_uart.o
                0x00000000080075a8                HAL_UART_IRQHandler
 .text.HAL_UART_TxCpltCallback
                0x0000000008007984       0x10 ./Drivers/STM32F0xx_HAL_Driver/Src/stm32f0xx_hal_uart.o
                0x0000000008007984                HAL_UART_TxCpltCallback
 .text.HAL_UART_ErrorCallback
                0x0000000008007994       0x10 ./Drivers/STM32F0xx_HAL_Driver/Src/stm32f0xx_hal_uart.o
                0x0000000008007994                HAL_UART_ErrorCallback
 .text.HAL_UARTEx_RxEventCallback
                0x00000000080079a4       0x16 ./Drivers/STM32F0xx_HAL_Driver/Src/stm32f0xx_hal_uart.o
                0x00000000080079a4                HAL_UARTEx_RxEventCallback
 *fill*         0x00000000080079ba        0x2 
 .text.UART_SetConfig
                0x00000000080079bc      0x2b0 ./Drivers/STM32F0xx_HAL_Driver/Src/stm32f0xx_hal_uart.o
                0x00000000080079bc                UART_SetConfig
 .text.UART_AdvFeatureConfig
                0x0000000008007c6c      0x168 ./Drivers/STM32F0xx_HAL_Driver/Src/stm32f0xx_hal_uart.o
                0x0000000008007c6c                UART_AdvFeatureConfig
 .text.UART_CheckIdleState
                0x0000000008007dd4       0x90 ./Drivers/STM32F0xx_HAL_Driver/Src/stm32f0xx_hal_uart.o
                0x0000000008007dd4                UART_CheckIdleState
 .text.UART_WaitOnFlagUntilTimeout
                0x0000000008007e64       0xfc ./Drivers/STM32F0xx_HAL_Driver/Src/stm32f0xx_hal_uart.o
                0x0000000008007e64                UART_WaitOnFlagUntilTimeout
 .text.UART_EndRxTransfer
                0x0000000008007f60       0x60 ./Drivers/STM32F0xx_HAL_Driver/Src/stm32f0xx_hal_uart.o
 .text.UART_DMAAbortOnError
                0x0000000008007fc0       0x2e ./Drivers/STM32F0xx_HAL_Driver/Src/stm32f0xx_hal_uart.o
 .text.UART_EndTransmit_IT
                0x0000000008007fee       0x34 ./Drivers/STM32F0xx_HAL_Driver/Src/stm32f0xx_hal_uart.o
 *fill*         0x0000000008008022        0x2 
 .text.USB_EnableGlobalInt
                0x0000000008008024       0x2c ./Drivers/STM32F0xx_HAL_Driver/Src/stm32f0xx_ll_usb.o
                0x0000000008008024                USB_EnableGlobalInt
 .text.USB_DisableGlobalInt
                0x0000000008008050       0x34 ./Drivers/STM32F0xx_HAL_Driver/Src/stm32f0xx_ll_usb.o
                0x0000000008008050                USB_DisableGlobalInt
 .text.USB_DevInit
                0x0000000008008084       0x58 ./Drivers/STM32F0xx_HAL_Driver/Src/stm32f0xx_ll_usb.o
                0x0000000008008084                USB_DevInit
 .text.USB_ActivateEndpoint
                0x00000000080080dc      0x6ac ./Drivers/STM32F0xx_HAL_Driver/Src/stm32f0xx_ll_usb.o
                0x00000000080080dc                USB_ActivateEndpoint
 .text.USB_DeactivateEndpoint
                0x0000000008008788      0x380 ./Drivers/STM32F0xx_HAL_Driver/Src/stm32f0xx_ll_usb.o
                0x0000000008008788                USB_DeactivateEndpoint
 .text.USB_EPStartXfer
                0x0000000008008b08     0x1244 ./Drivers/STM32F0xx_HAL_Driver/Src/stm32f0xx_ll_usb.o
                0x0000000008008b08                USB_EPStartXfer
 .text.USB_EPSetStall
                0x0000000008009d4c       0xa0 ./Drivers/STM32F0xx_HAL_Driver/Src/stm32f0xx_ll_usb.o
                0x0000000008009d4c                USB_EPSetStall
 .text.USB_EPClearStall
                0x0000000008009dec      0x164 ./Drivers/STM32F0xx_HAL_Driver/Src/stm32f0xx_ll_usb.o
                0x0000000008009dec                USB_EPClearStall
 .text.USB_SetDevAddress
                0x0000000008009f50       0x28 ./Drivers/STM32F0xx_HAL_Driver/Src/stm32f0xx_ll_usb.o
                0x0000000008009f50                USB_SetDevAddress
 .text.USB_DevConnect
                0x0000000008009f78       0x2c ./Drivers/STM32F0xx_HAL_Driver/Src/stm32f0xx_ll_usb.o
                0x0000000008009f78                USB_DevConnect
 .text.USB_WritePMA
                0x0000000008009fa4       0x88 ./Drivers/STM32F0xx_HAL_Driver/Src/stm32f0xx_ll_usb.o
                0x0000000008009fa4                USB_WritePMA
 .text.USB_ReadPMA
                0x000000000800a02c       0x9e ./Drivers/STM32F0xx_HAL_Driver/Src/stm32f0xx_ll_usb.o
                0x000000000800a02c                USB_ReadPMA
 .text.USBD_CDC_Init
                0x000000000800a0ca      0x118 ./Middlewares/ST/STM32_USB_Device_Library/Class/CDC/Src/usbd_cdc.o
 .text.USBD_CDC_DeInit
                0x000000000800a1e2       0x88 ./Middlewares/ST/STM32_USB_Device_Library/Class/CDC/Src/usbd_cdc.o
 *fill*         0x000000000800a26a        0x2 
 .text.USBD_CDC_Setup
                0x000000000800a26c      0x190 ./Middlewares/ST/STM32_USB_Device_Library/Class/CDC/Src/usbd_cdc.o
 .text.USBD_CDC_DataIn
                0x000000000800a3fc       0xb6 ./Middlewares/ST/STM32_USB_Device_Library/Class/CDC/Src/usbd_cdc.o
 .text.USBD_CDC_DataOut
                0x000000000800a4b2       0x6a ./Middlewares/ST/STM32_USB_Device_Library/Class/CDC/Src/usbd_cdc.o
 .text.USBD_CDC_EP0_RxReady
                0x000000000800a51c       0x60 ./Middlewares/ST/STM32_USB_Device_Library/Class/CDC/Src/usbd_cdc.o
 .text.USBD_CDC_GetFSCfgDesc
                0x000000000800a57c       0x1c ./Middlewares/ST/STM32_USB_Device_Library/Class/CDC/Src/usbd_cdc.o
 .text.USBD_CDC_GetHSCfgDesc
                0x000000000800a598       0x1c ./Middlewares/ST/STM32_USB_Device_Library/Class/CDC/Src/usbd_cdc.o
 .text.USBD_CDC_GetOtherSpeedCfgDesc
                0x000000000800a5b4       0x1c ./Middlewares/ST/STM32_USB_Device_Library/Class/CDC/Src/usbd_cdc.o
 .text.USBD_CDC_GetDeviceQualifierDescriptor
                0x000000000800a5d0       0x1c ./Middlewares/ST/STM32_USB_Device_Library/Class/CDC/Src/usbd_cdc.o
                0x000000000800a5d0                USBD_CDC_GetDeviceQualifierDescriptor
 .text.USBD_CDC_RegisterInterface
                0x000000000800a5ec       0x36 ./Middlewares/ST/STM32_USB_Device_Library/Class/CDC/Src/usbd_cdc.o
                0x000000000800a5ec                USBD_CDC_RegisterInterface
 .text.USBD_CDC_SetTxBuffer
                0x000000000800a622       0x38 ./Middlewares/ST/STM32_USB_Device_Library/Class/CDC/Src/usbd_cdc.o
                0x000000000800a622                USBD_CDC_SetTxBuffer
 .text.USBD_CDC_SetRxBuffer
                0x000000000800a65a       0x28 ./Middlewares/ST/STM32_USB_Device_Library/Class/CDC/Src/usbd_cdc.o
                0x000000000800a65a                USBD_CDC_SetRxBuffer
 .text.USBD_CDC_TransmitPacket
                0x000000000800a682       0x6e ./Middlewares/ST/STM32_USB_Device_Library/Class/CDC/Src/usbd_cdc.o
                0x000000000800a682                USBD_CDC_TransmitPacket
 .text.USBD_CDC_ReceivePacket
                0x000000000800a6f0       0x5c ./Middlewares/ST/STM32_USB_Device_Library/Class/CDC/Src/usbd_cdc.o
                0x000000000800a6f0                USBD_CDC_ReceivePacket
 .text.USBD_Init
                0x000000000800a74c       0x62 ./Middlewares/ST/STM32_USB_Device_Library/Core/Src/usbd_core.o
                0x000000000800a74c                USBD_Init
 .text.USBD_RegisterClass
                0x000000000800a7ae       0x40 ./Middlewares/ST/STM32_USB_Device_Library/Core/Src/usbd_core.o
                0x000000000800a7ae                USBD_RegisterClass
 .text.USBD_Start
                0x000000000800a7ee       0x1a ./Middlewares/ST/STM32_USB_Device_Library/Core/Src/usbd_core.o
                0x000000000800a7ee                USBD_Start
 .text.USBD_RunTestMode
                0x000000000800a808       0x12 ./Middlewares/ST/STM32_USB_Device_Library/Core/Src/usbd_core.o
                0x000000000800a808                USBD_RunTestMode
 .text.USBD_SetClassConfig
                0x000000000800a81a       0x4e ./Middlewares/ST/STM32_USB_Device_Library/Core/Src/usbd_core.o
                0x000000000800a81a                USBD_SetClassConfig
 .text.USBD_ClrClassConfig
                0x000000000800a868       0x2c ./Middlewares/ST/STM32_USB_Device_Library/Core/Src/usbd_core.o
                0x000000000800a868                USBD_ClrClassConfig
 .text.USBD_LL_SetupStage
                0x000000000800a894       0xbc ./Middlewares/ST/STM32_USB_Device_Library/Core/Src/usbd_core.o
                0x000000000800a894                USBD_LL_SetupStage
 .text.USBD_LL_DataOutStage
                0x000000000800a950      0x104 ./Middlewares/ST/STM32_USB_Device_Library/Core/Src/usbd_core.o
                0x000000000800a950                USBD_LL_DataOutStage
 .text.USBD_LL_DataInStage
                0x000000000800aa54      0x17a ./Middlewares/ST/STM32_USB_Device_Library/Core/Src/usbd_core.o
                0x000000000800aa54                USBD_LL_DataInStage
 .text.USBD_LL_Reset
                0x000000000800abce       0x90 ./Middlewares/ST/STM32_USB_Device_Library/Core/Src/usbd_core.o
                0x000000000800abce                USBD_LL_Reset
 .text.USBD_LL_SetSpeed
                0x000000000800ac5e       0x20 ./Middlewares/ST/STM32_USB_Device_Library/Core/Src/usbd_core.o
                0x000000000800ac5e                USBD_LL_SetSpeed
 *fill*         0x000000000800ac7e        0x2 
 .text.USBD_LL_Suspend
                0x000000000800ac80       0x30 ./Middlewares/ST/STM32_USB_Device_Library/Core/Src/usbd_core.o
                0x000000000800ac80                USBD_LL_Suspend
 .text.USBD_LL_Resume
                0x000000000800acb0       0x30 ./Middlewares/ST/STM32_USB_Device_Library/Core/Src/usbd_core.o
                0x000000000800acb0                USBD_LL_Resume
 .text.USBD_LL_SOF
                0x000000000800ace0       0x3c ./Middlewares/ST/STM32_USB_Device_Library/Core/Src/usbd_core.o
                0x000000000800ace0                USBD_LL_SOF
 .text.USBD_StdDevReq
                0x000000000800ad1c       0xe4 ./Middlewares/ST/STM32_USB_Device_Library/Core/Src/usbd_ctlreq.o
                0x000000000800ad1c                USBD_StdDevReq
 .text.USBD_StdItfReq
                0x000000000800ae00       0xae ./Middlewares/ST/STM32_USB_Device_Library/Core/Src/usbd_ctlreq.o
                0x000000000800ae00                USBD_StdItfReq
 .text.USBD_StdEPReq
                0x000000000800aeae      0x36c ./Middlewares/ST/STM32_USB_Device_Library/Core/Src/usbd_ctlreq.o
                0x000000000800aeae                USBD_StdEPReq
 *fill*         0x000000000800b21a        0x2 
 .text.USBD_GetDescriptor
                0x000000000800b21c      0x364 ./Middlewares/ST/STM32_USB_Device_Library/Core/Src/usbd_ctlreq.o
 .text.USBD_SetAddress
                0x000000000800b580       0xa8 ./Middlewares/ST/STM32_USB_Device_Library/Core/Src/usbd_ctlreq.o
 .text.USBD_SetConfig
                0x000000000800b628      0x148 ./Middlewares/ST/STM32_USB_Device_Library/Core/Src/usbd_ctlreq.o
 .text.USBD_GetConfig
                0x000000000800b770       0x76 ./Middlewares/ST/STM32_USB_Device_Library/Core/Src/usbd_ctlreq.o
 .text.USBD_GetStatus
                0x000000000800b7e6       0x74 ./Middlewares/ST/STM32_USB_Device_Library/Core/Src/usbd_ctlreq.o
 .text.USBD_SetFeature
                0x000000000800b85a       0x2c ./Middlewares/ST/STM32_USB_Device_Library/Core/Src/usbd_ctlreq.o
 .text.USBD_ClrFeature
                0x000000000800b886       0x4c ./Middlewares/ST/STM32_USB_Device_Library/Core/Src/usbd_ctlreq.o
 .text.USBD_ParseSetupRequest
                0x000000000800b8d2       0x76 ./Middlewares/ST/STM32_USB_Device_Library/Core/Src/usbd_ctlreq.o
                0x000000000800b8d2                USBD_ParseSetupRequest
 .text.USBD_CtlError
                0x000000000800b948       0x26 ./Middlewares/ST/STM32_USB_Device_Library/Core/Src/usbd_ctlreq.o
                0x000000000800b948                USBD_CtlError
 .text.USBD_GetString
                0x000000000800b96e       0x9c ./Middlewares/ST/STM32_USB_Device_Library/Core/Src/usbd_ctlreq.o
                0x000000000800b96e                USBD_GetString
 .text.USBD_GetLen
                0x000000000800ba0a       0x3a ./Middlewares/ST/STM32_USB_Device_Library/Core/Src/usbd_ctlreq.o
 .text.USBD_CtlSendData
                0x000000000800ba44       0x40 ./Middlewares/ST/STM32_USB_Device_Library/Core/Src/usbd_ioreq.o
                0x000000000800ba44                USBD_CtlSendData
 .text.USBD_CtlContinueSendData
                0x000000000800ba84       0x26 ./Middlewares/ST/STM32_USB_Device_Library/Core/Src/usbd_ioreq.o
                0x000000000800ba84                USBD_CtlContinueSendData
 .text.USBD_CtlPrepareRx
                0x000000000800baaa       0x48 ./Middlewares/ST/STM32_USB_Device_Library/Core/Src/usbd_ioreq.o
                0x000000000800baaa                USBD_CtlPrepareRx
 .text.USBD_CtlContinueRx
                0x000000000800baf2       0x26 ./Middlewares/ST/STM32_USB_Device_Library/Core/Src/usbd_ioreq.o
                0x000000000800baf2                USBD_CtlContinueRx
 .text.USBD_CtlSendStatus
                0x000000000800bb18       0x28 ./Middlewares/ST/STM32_USB_Device_Library/Core/Src/usbd_ioreq.o
                0x000000000800bb18                USBD_CtlSendStatus
 .text.USBD_CtlReceiveStatus
                0x000000000800bb40       0x28 ./Middlewares/ST/STM32_USB_Device_Library/Core/Src/usbd_ioreq.o
                0x000000000800bb40                USBD_CtlReceiveStatus
 .text.MX_USB_DEVICE_Init
                0x000000000800bb68       0x70 ./USB_DEVICE/App/usb_device.o
                0x000000000800bb68                MX_USB_DEVICE_Init
 .text.CDC_Init_FS
                0x000000000800bbd8       0x30 ./USB_DEVICE/App/usbd_cdc_if.o
 .text.CDC_DeInit_FS
                0x000000000800bc08        0xc ./USB_DEVICE/App/usbd_cdc_if.o
 .text.CDC_Control_FS
                0x000000000800bc14       0x38 ./USB_DEVICE/App/usbd_cdc_if.o
 .text.CDC_Receive_FS
                0x000000000800bc4c       0x2c ./USB_DEVICE/App/usbd_cdc_if.o
 .text.CDC_Transmit_FS
                0x000000000800bc78       0x60 ./USB_DEVICE/App/usbd_cdc_if.o
                0x000000000800bc78                CDC_Transmit_FS
 .text.USBD_FS_DeviceDescriptor
                0x000000000800bcd8       0x24 ./USB_DEVICE/App/usbd_desc.o
                0x000000000800bcd8                USBD_FS_DeviceDescriptor
 .text.USBD_FS_LangIDStrDescriptor
                0x000000000800bcfc       0x24 ./USB_DEVICE/App/usbd_desc.o
                0x000000000800bcfc                USBD_FS_LangIDStrDescriptor
 .text.USBD_FS_ProductStrDescriptor
                0x000000000800bd20       0x44 ./USB_DEVICE/App/usbd_desc.o
                0x000000000800bd20                USBD_FS_ProductStrDescriptor
 .text.USBD_FS_ManufacturerStrDescriptor
                0x000000000800bd64       0x2c ./USB_DEVICE/App/usbd_desc.o
                0x000000000800bd64                USBD_FS_ManufacturerStrDescriptor
 .text.USBD_FS_SerialStrDescriptor
                0x000000000800bd90       0x28 ./USB_DEVICE/App/usbd_desc.o
                0x000000000800bd90                USBD_FS_SerialStrDescriptor
 .text.USBD_FS_ConfigStrDescriptor
                0x000000000800bdb8       0x44 ./USB_DEVICE/App/usbd_desc.o
                0x000000000800bdb8                USBD_FS_ConfigStrDescriptor
 .text.USBD_FS_InterfaceStrDescriptor
                0x000000000800bdfc       0x44 ./USB_DEVICE/App/usbd_desc.o
                0x000000000800bdfc                USBD_FS_InterfaceStrDescriptor
 .text.Get_SerialNum
                0x000000000800be40       0x5c ./USB_DEVICE/App/usbd_desc.o
 .text.IntToUnicode
                0x000000000800be9c       0x96 ./USB_DEVICE/App/usbd_desc.o
 *fill*         0x000000000800bf32        0x2 
 .text.HAL_PCD_MspInit
                0x000000000800bf34       0x50 ./USB_DEVICE/Target/usbd_conf.o
                0x000000000800bf34                HAL_PCD_MspInit
 .text.HAL_PCD_SetupStageCallback
                0x000000000800bf84       0x2a ./USB_DEVICE/Target/usbd_conf.o
                0x000000000800bf84                HAL_PCD_SetupStageCallback
 .text.HAL_PCD_DataOutStageCallback
                0x000000000800bfae       0x42 ./USB_DEVICE/Target/usbd_conf.o
                0x000000000800bfae                HAL_PCD_DataOutStageCallback
 .text.HAL_PCD_DataInStageCallback
                0x000000000800bff0       0x3c ./USB_DEVICE/Target/usbd_conf.o
                0x000000000800bff0                HAL_PCD_DataInStageCallback
 .text.HAL_PCD_SOFCallback
                0x000000000800c02c       0x1e ./USB_DEVICE/Target/usbd_conf.o
                0x000000000800c02c                HAL_PCD_SOFCallback
 .text.HAL_PCD_ResetCallback
                0x000000000800c04a       0x48 ./USB_DEVICE/Target/usbd_conf.o
                0x000000000800c04a                HAL_PCD_ResetCallback
 *fill*         0x000000000800c092        0x2 
 .text.HAL_PCD_SuspendCallback
                0x000000000800c094       0x38 ./USB_DEVICE/Target/usbd_conf.o
                0x000000000800c094                HAL_PCD_SuspendCallback
 .text.HAL_PCD_ResumeCallback
                0x000000000800c0cc       0x3c ./USB_DEVICE/Target/usbd_conf.o
                0x000000000800c0cc                HAL_PCD_ResumeCallback
 .text.USBD_LL_Init
                0x000000000800c108       0xc8 ./USB_DEVICE/Target/usbd_conf.o
                0x000000000800c108                USBD_LL_Init
 .text.USBD_LL_Start
                0x000000000800c1d0       0x4a ./USB_DEVICE/Target/usbd_conf.o
                0x000000000800c1d0                USBD_LL_Start
 .text.USBD_LL_OpenEP
                0x000000000800c21a       0x6e ./USB_DEVICE/Target/usbd_conf.o
                0x000000000800c21a                USBD_LL_OpenEP
 .text.USBD_LL_CloseEP
                0x000000000800c288       0x56 ./USB_DEVICE/Target/usbd_conf.o
                0x000000000800c288                USBD_LL_CloseEP
 .text.USBD_LL_StallEP
                0x000000000800c2de       0x56 ./USB_DEVICE/Target/usbd_conf.o
                0x000000000800c2de                USBD_LL_StallEP
 .text.USBD_LL_ClearStallEP
                0x000000000800c334       0x56 ./USB_DEVICE/Target/usbd_conf.o
                0x000000000800c334                USBD_LL_ClearStallEP
 .text.USBD_LL_IsStallEP
                0x000000000800c38a       0x62 ./USB_DEVICE/Target/usbd_conf.o
                0x000000000800c38a                USBD_LL_IsStallEP
 .text.USBD_LL_SetUSBAddress
                0x000000000800c3ec       0x56 ./USB_DEVICE/Target/usbd_conf.o
                0x000000000800c3ec                USBD_LL_SetUSBAddress
 .text.USBD_LL_Transmit
                0x000000000800c442       0x6e ./USB_DEVICE/Target/usbd_conf.o
                0x000000000800c442                USBD_LL_Transmit
 .text.USBD_LL_PrepareReceive
                0x000000000800c4b0       0x6e ./USB_DEVICE/Target/usbd_conf.o
                0x000000000800c4b0                USBD_LL_PrepareReceive
 .text.USBD_LL_GetRxDataSize
                0x000000000800c51e       0x2c ./USB_DEVICE/Target/usbd_conf.o
                0x000000000800c51e                USBD_LL_GetRxDataSize
 *fill*         0x000000000800c54a        0x2 
 .text.USBD_static_malloc
                0x000000000800c54c       0x18 ./USB_DEVICE/Target/usbd_conf.o
                0x000000000800c54c                USBD_static_malloc
 .text.USBD_static_free
                0x000000000800c564       0x10 ./USB_DEVICE/Target/usbd_conf.o
                0x000000000800c564                USBD_static_free
 .text.SystemClockConfig_Resume
                0x000000000800c574        0xe ./USB_DEVICE/Target/usbd_conf.o
 .text.USBD_Get_USB_Status
                0x000000000800c582       0x6e ./USB_DEVICE/Target/usbd_conf.o
 .text.atol     0x000000000800c5f0        0xc d:/stm32/stm32cubeide_1.7.0/stm32cubeide/plugins/com.st.stm32cube.ide.mcu.externaltools.gnu-tools-for-stm32.9-2020-q2-update.win32_2.0.0.202105311346/tools/bin/../lib/gcc/arm-none-eabi/9.3.1/../../../../arm-none-eabi/lib/thumb/v6-m/nofp\libc_nano.a(lib_a-atol.o)
                0x000000000800c5f0                atol
 .text.__errno  0x000000000800c5fc        0xc d:/stm32/stm32cubeide_1.7.0/stm32cubeide/plugins/com.st.stm32cube.ide.mcu.externaltools.gnu-tools-for-stm32.9-2020-q2-update.win32_2.0.0.202105311346/tools/bin/../lib/gcc/arm-none-eabi/9.3.1/../../../../arm-none-eabi/lib/thumb/v6-m/nofp\libc_nano.a(lib_a-errno.o)
                0x000000000800c5fc                __errno
 .text.__libc_init_array
                0x000000000800c608       0x48 d:/stm32/stm32cubeide_1.7.0/stm32cubeide/plugins/com.st.stm32cube.ide.mcu.externaltools.gnu-tools-for-stm32.9-2020-q2-update.win32_2.0.0.202105311346/tools/bin/../lib/gcc/arm-none-eabi/9.3.1/../../../../arm-none-eabi/lib/thumb/v6-m/nofp\libc_nano.a(lib_a-init.o)
                0x000000000800c608                __libc_init_array
 .text.memset   0x000000000800c650       0x10 d:/stm32/stm32cubeide_1.7.0/stm32cubeide/plugins/com.st.stm32cube.ide.mcu.externaltools.gnu-tools-for-stm32.9-2020-q2-update.win32_2.0.0.202105311346/tools/bin/../lib/gcc/arm-none-eabi/9.3.1/../../../../arm-none-eabi/lib/thumb/v6-m/nofp\libc_nano.a(lib_a-memset.o)
                0x000000000800c650                memset
 .text.sprintf  0x000000000800c660       0x40 d:/stm32/stm32cubeide_1.7.0/stm32cubeide/plugins/com.st.stm32cube.ide.mcu.externaltools.gnu-tools-for-stm32.9-2020-q2-update.win32_2.0.0.202105311346/tools/bin/../lib/gcc/arm-none-eabi/9.3.1/../../../../arm-none-eabi/lib/thumb/v6-m/nofp\libc_nano.a(lib_a-sprintf.o)
                0x000000000800c660                siprintf
                0x000000000800c660                sprintf
 .text._strtol_l.isra.0
                0x000000000800c6a0      0x11c d:/stm32/stm32cubeide_1.7.0/stm32cubeide/plugins/com.st.stm32cube.ide.mcu.externaltools.gnu-tools-for-stm32.9-2020-q2-update.win32_2.0.0.202105311346/tools/bin/../lib/gcc/arm-none-eabi/9.3.1/../../../../arm-none-eabi/lib/thumb/v6-m/nofp\libc_nano.a(lib_a-strtol.o)
 .text.strtol   0x000000000800c7bc       0x18 d:/stm32/stm32cubeide_1.7.0/stm32cubeide/plugins/com.st.stm32cube.ide.mcu.externaltools.gnu-tools-for-stm32.9-2020-q2-update.win32_2.0.0.202105311346/tools/bin/../lib/gcc/arm-none-eabi/9.3.1/../../../../arm-none-eabi/lib/thumb/v6-m/nofp\libc_nano.a(lib_a-strtol.o)
                0x000000000800c7bc                strtol
 .text.__ssputs_r
                0x000000000800c7d4       0xc4 d:/stm32/stm32cubeide_1.7.0/stm32cubeide/plugins/com.st.stm32cube.ide.mcu.externaltools.gnu-tools-for-stm32.9-2020-q2-update.win32_2.0.0.202105311346/tools/bin/../lib/gcc/arm-none-eabi/9.3.1/../../../../arm-none-eabi/lib/thumb/v6-m/nofp\libc_nano.a(lib_a-nano-svfprintf.o)
                0x000000000800c7d4                __ssputs_r
 .text._svfprintf_r
                0x000000000800c898      0x200 d:/stm32/stm32cubeide_1.7.0/stm32cubeide/plugins/com.st.stm32cube.ide.mcu.externaltools.gnu-tools-for-stm32.9-2020-q2-update.win32_2.0.0.202105311346/tools/bin/../lib/gcc/arm-none-eabi/9.3.1/../../../../arm-none-eabi/lib/thumb/v6-m/nofp\libc_nano.a(lib_a-nano-svfprintf.o)
                0x000000000800c898                _svfiprintf_r
                0x000000000800c898                _svfprintf_r
 .text._printf_common
                0x000000000800ca98       0xde d:/stm32/stm32cubeide_1.7.0/stm32cubeide/plugins/com.st.stm32cube.ide.mcu.externaltools.gnu-tools-for-stm32.9-2020-q2-update.win32_2.0.0.202105311346/tools/bin/../lib/gcc/arm-none-eabi/9.3.1/../../../../arm-none-eabi/lib/thumb/v6-m/nofp\libc_nano.a(lib_a-nano-vfprintf_i.o)
                0x000000000800ca98                _printf_common
 *fill*         0x000000000800cb76        0x2 
 .text._printf_i
                0x000000000800cb78      0x224 d:/stm32/stm32cubeide_1.7.0/stm32cubeide/plugins/com.st.stm32cube.ide.mcu.externaltools.gnu-tools-for-stm32.9-2020-q2-update.win32_2.0.0.202105311346/tools/bin/../lib/gcc/arm-none-eabi/9.3.1/../../../../arm-none-eabi/lib/thumb/v6-m/nofp\libc_nano.a(lib_a-nano-vfprintf_i.o)
                0x000000000800cb78                _printf_i
 .text.memchr   0x000000000800cd9c       0x16 d:/stm32/stm32cubeide_1.7.0/stm32cubeide/plugins/com.st.stm32cube.ide.mcu.externaltools.gnu-tools-for-stm32.9-2020-q2-update.win32_2.0.0.202105311346/tools/bin/../lib/gcc/arm-none-eabi/9.3.1/../../../../arm-none-eabi/lib/thumb/v6-m/nofp\libc_nano.a(lib_a-memchr-stub.o)
                0x000000000800cd9c                memchr
 .text.memcpy   0x000000000800cdb2       0x12 d:/stm32/stm32cubeide_1.7.0/stm32cubeide/plugins/com.st.stm32cube.ide.mcu.externaltools.gnu-tools-for-stm32.9-2020-q2-update.win32_2.0.0.202105311346/tools/bin/../lib/gcc/arm-none-eabi/9.3.1/../../../../arm-none-eabi/lib/thumb/v6-m/nofp\libc_nano.a(lib_a-memcpy-stub.o)
                0x000000000800cdb2                memcpy
 .text.memmove  0x000000000800cdc4       0x26 d:/stm32/stm32cubeide_1.7.0/stm32cubeide/plugins/com.st.stm32cube.ide.mcu.externaltools.gnu-tools-for-stm32.9-2020-q2-update.win32_2.0.0.202105311346/tools/bin/../lib/gcc/arm-none-eabi/9.3.1/../../../../arm-none-eabi/lib/thumb/v6-m/nofp\libc_nano.a(lib_a-memmove.o)
                0x000000000800cdc4                memmove
 *fill*         0x000000000800cdea        0x2 
 .text._free_r  0x000000000800cdec       0x94 d:/stm32/stm32cubeide_1.7.0/stm32cubeide/plugins/com.st.stm32cube.ide.mcu.externaltools.gnu-tools-for-stm32.9-2020-q2-update.win32_2.0.0.202105311346/tools/bin/../lib/gcc/arm-none-eabi/9.3.1/../../../../arm-none-eabi/lib/thumb/v6-m/nofp\libc_nano.a(lib_a-nano-freer.o)
                0x000000000800cdec                _free_r
 .text._malloc_r
                0x000000000800ce80       0xbc d:/stm32/stm32cubeide_1.7.0/stm32cubeide/plugins/com.st.stm32cube.ide.mcu.externaltools.gnu-tools-for-stm32.9-2020-q2-update.win32_2.0.0.202105311346/tools/bin/../lib/gcc/arm-none-eabi/9.3.1/../../../../arm-none-eabi/lib/thumb/v6-m/nofp\libc_nano.a(lib_a-nano-mallocr.o)
                0x000000000800ce80                _malloc_r
 .text._realloc_r
                0x000000000800cf3c       0x4c d:/stm32/stm32cubeide_1.7.0/stm32cubeide/plugins/com.st.stm32cube.ide.mcu.externaltools.gnu-tools-for-stm32.9-2020-q2-update.win32_2.0.0.202105311346/tools/bin/../lib/gcc/arm-none-eabi/9.3.1/../../../../arm-none-eabi/lib/thumb/v6-m/nofp\libc_nano.a(lib_a-nano-reallocr.o)
                0x000000000800cf3c                _realloc_r
 .text._sbrk_r  0x000000000800cf88       0x24 d:/stm32/stm32cubeide_1.7.0/stm32cubeide/plugins/com.st.stm32cube.ide.mcu.externaltools.gnu-tools-for-stm32.9-2020-q2-update.win32_2.0.0.202105311346/tools/bin/../lib/gcc/arm-none-eabi/9.3.1/../../../../arm-none-eabi/lib/thumb/v6-m/nofp\libc_nano.a(lib_a-sbrkr.o)
                0x000000000800cf88                _sbrk_r
 .text.__malloc_lock
                0x000000000800cfac       0x10 d:/stm32/stm32cubeide_1.7.0/stm32cubeide/plugins/com.st.stm32cube.ide.mcu.externaltools.gnu-tools-for-stm32.9-2020-q2-update.win32_2.0.0.202105311346/tools/bin/../lib/gcc/arm-none-eabi/9.3.1/../../../../arm-none-eabi/lib/thumb/v6-m/nofp\libc_nano.a(lib_a-mlock.o)
                0x000000000800cfac                __malloc_lock
 .text.__malloc_unlock
                0x000000000800cfbc       0x10 d:/stm32/stm32cubeide_1.7.0/stm32cubeide/plugins/com.st.stm32cube.ide.mcu.externaltools.gnu-tools-for-stm32.9-2020-q2-update.win32_2.0.0.202105311346/tools/bin/../lib/gcc/arm-none-eabi/9.3.1/../../../../arm-none-eabi/lib/thumb/v6-m/nofp\libc_nano.a(lib_a-mlock.o)
                0x000000000800cfbc                __malloc_unlock
 .text._malloc_usable_size_r
                0x000000000800cfcc       0x10 d:/stm32/stm32cubeide_1.7.0/stm32cubeide/plugins/com.st.stm32cube.ide.mcu.externaltools.gnu-tools-for-stm32.9-2020-q2-update.win32_2.0.0.202105311346/tools/bin/../lib/gcc/arm-none-eabi/9.3.1/../../../../arm-none-eabi/lib/thumb/v6-m/nofp\libc_nano.a(lib_a-nano-msizer.o)
                0x000000000800cfcc                _malloc_usable_size_r
 .text.__retarget_lock_acquire_recursive
                0x000000000800cfdc        0x2 d:/stm32/stm32cubeide_1.7.0/stm32cubeide/plugins/com.st.stm32cube.ide.mcu.externaltools.gnu-tools-for-stm32.9-2020-q2-update.win32_2.0.0.202105311346/tools/bin/../lib/gcc/arm-none-eabi/9.3.1/../../../../arm-none-eabi/lib/thumb/v6-m/nofp\libc_nano.a(lib_a-lock.o)
                0x000000000800cfdc                __retarget_lock_acquire_recursive
 .text.__retarget_lock_release_recursive
                0x000000000800cfde        0x2 d:/stm32/stm32cubeide_1.7.0/stm32cubeide/plugins/com.st.stm32cube.ide.mcu.externaltools.gnu-tools-for-stm32.9-2020-q2-update.win32_2.0.0.202105311346/tools/bin/../lib/gcc/arm-none-eabi/9.3.1/../../../../arm-none-eabi/lib/thumb/v6-m/nofp\libc_nano.a(lib_a-lock.o)
                0x000000000800cfde                __retarget_lock_release_recursive
 *(.glue_7)
 .glue_7        0x000000000800cfe0        0x0 linker stubs
 *(.glue_7t)
 .glue_7t       0x000000000800cfe0        0x0 linker stubs
 *(.eh_frame)
 .eh_frame      0x000000000800cfe0        0x0 d:/stm32/stm32cubeide_1.7.0/stm32cubeide/plugins/com.st.stm32cube.ide.mcu.externaltools.gnu-tools-for-stm32.9-2020-q2-update.win32_2.0.0.202105311346/tools/bin/../lib/gcc/arm-none-eabi/9.3.1/thumb/v6-m/nofp/crtbegin.o
 *(.init)
 .init          0x000000000800cfe0        0x4 d:/stm32/stm32cubeide_1.7.0/stm32cubeide/plugins/com.st.stm32cube.ide.mcu.externaltools.gnu-tools-for-stm32.9-2020-q2-update.win32_2.0.0.202105311346/tools/bin/../lib/gcc/arm-none-eabi/9.3.1/thumb/v6-m/nofp/crti.o
                0x000000000800cfe0                _init
 .init          0x000000000800cfe4        0x8 d:/stm32/stm32cubeide_1.7.0/stm32cubeide/plugins/com.st.stm32cube.ide.mcu.externaltools.gnu-tools-for-stm32.9-2020-q2-update.win32_2.0.0.202105311346/tools/bin/../lib/gcc/arm-none-eabi/9.3.1/thumb/v6-m/nofp/crtn.o
 *(.fini)
 .fini          0x000000000800cfec        0x4 d:/stm32/stm32cubeide_1.7.0/stm32cubeide/plugins/com.st.stm32cube.ide.mcu.externaltools.gnu-tools-for-stm32.9-2020-q2-update.win32_2.0.0.202105311346/tools/bin/../lib/gcc/arm-none-eabi/9.3.1/thumb/v6-m/nofp/crti.o
                0x000000000800cfec                _fini
 .fini          0x000000000800cff0        0x8 d:/stm32/stm32cubeide_1.7.0/stm32cubeide/plugins/com.st.stm32cube.ide.mcu.externaltools.gnu-tools-for-stm32.9-2020-q2-update.win32_2.0.0.202105311346/tools/bin/../lib/gcc/arm-none-eabi/9.3.1/thumb/v6-m/nofp/crtn.o
                0x000000000800cff8                . = ALIGN (0x4)
                0x000000000800cff8                _etext = .

.vfp11_veneer   0x000000000800cff8        0x0
 .vfp11_veneer  0x000000000800cff8        0x0 linker stubs

.v4_bx          0x000000000800cff8        0x0
 .v4_bx         0x000000000800cff8        0x0 linker stubs

.iplt           0x000000000800cff8        0x0
 .iplt          0x000000000800cff8        0x0 d:/stm32/stm32cubeide_1.7.0/stm32cubeide/plugins/com.st.stm32cube.ide.mcu.externaltools.gnu-tools-for-stm32.9-2020-q2-update.win32_2.0.0.202105311346/tools/bin/../lib/gcc/arm-none-eabi/9.3.1/thumb/v6-m/nofp/crtbegin.o

.rodata         0x000000000800cff8      0x97c
                0x000000000800cff8                . = ALIGN (0x4)
 *(.rodata)
 .rodata        0x000000000800cff8      0x184 ./Core/Src/cmmain.o
 .rodata        0x000000000800d17c       0x80 ./Core/Src/gsm.o
 .rodata        0x000000000800d1fc       0x4b ./Core/Src/quectel.o
 *fill*         0x000000000800d247        0x1 
 .rodata        0x000000000800d248       0x20 ./Drivers/STM32F0xx_HAL_Driver/Src/stm32f0xx_hal_rcc.o
 .rodata        0x000000000800d268       0x2e ./USB_DEVICE/App/usbd_desc.o
 *(.rodata*)
 *fill*         0x000000000800d296        0x2 
 .rodata.firmware_version
                0x000000000800d298        0xa ./Core/Src/cmmain.o
                0x000000000800d298                firmware_version
 *fill*         0x000000000800d2a2        0x2 
 .rodata.st_init
                0x000000000800d2a4       0x20 ./Core/Src/gsm.o
 .rodata.st_init2
                0x000000000800d2c4       0x20 ./Core/Src/gsm.o
 .rodata.st_init3
                0x000000000800d2e4       0x10 ./Core/Src/gsm.o
 .rodata.st_init3wt
                0x000000000800d2f4       0x50 ./Core/Src/gsm.o
 .rodata.st_chkinitmsg
                0x000000000800d344       0x30 ./Core/Src/gsm.o
 .rodata.st_wtrdy
                0x000000000800d374       0x50 ./Core/Src/gsm.o
 .rodata.st_chkrxrdy
                0x000000000800d3c4       0x20 ./Core/Src/gsm.o
 .rodata.st_wtat
                0x000000000800d3e4       0x30 ./Core/Src/gsm.o
 .rodata.st_chkrsp1
                0x000000000800d414       0x30 ./Core/Src/gsm.o
 .rodata.st_wtrdyok
                0x000000000800d444       0x30 ./Core/Src/gsm.o
 .rodata.st_chkrsp1a
                0x000000000800d474       0x20 ./Core/Src/gsm.o
 .rodata.st_wtapn
                0x000000000800d494       0x40 ./Core/Src/gsm.o
 .rodata.st_chkrspapn
                0x000000000800d4d4       0x20 ./Core/Src/gsm.o
 .rodata.st_wtqurccfg
                0x000000000800d4f4       0x30 ./Core/Src/gsm.o
 .rodata.st_chkrspqurccfg
                0x000000000800d524       0x20 ./Core/Src/gsm.o
 .rodata.st_wtqcfg
                0x000000000800d544       0x30 ./Core/Src/gsm.o
 .rodata.st_chkrspqcfg
                0x000000000800d574       0x20 ./Core/Src/gsm.o
 .rodata.st_wtgsn
                0x000000000800d594       0x30 ./Core/Src/gsm.o
 .rodata.st_chkrspgsn
                0x000000000800d5c4       0x20 ./Core/Src/gsm.o
 .rodata.st_wtcimi
                0x000000000800d5e4       0x30 ./Core/Src/gsm.o
 .rodata.st_chkrspcimi
                0x000000000800d614       0x20 ./Core/Src/gsm.o
 .rodata.st_wtqccid
                0x000000000800d634       0x30 ./Core/Src/gsm.o
 .rodata.st_chkrspqccid
                0x000000000800d664       0x20 ./Core/Src/gsm.o
 .rodata.st_idle
                0x000000000800d684       0x10 ./Core/Src/gsm.o
 .rodata.apnmsg
                0x000000000800d694       0x23 ./Core/Src/gsm.o
 *fill*         0x000000000800d6b7        0x1 
 .rodata.qcfg1msg
                0x000000000800d6b8        0xc ./Core/Src/gsm.o
 .rodata.qurccfgmsg
                0x000000000800d6c4       0x12 ./Core/Src/gsm.o
 *fill*         0x000000000800d6d6        0x2 
 .rodata.quec_task
                0x000000000800d6d8       0x1c ./Core/Src/quectel.o
 .rodata.AHBPrescTable
                0x000000000800d6f4       0x10 ./Core/Src/system_stm32f0xx.o
                0x000000000800d6f4                AHBPrescTable
 .rodata.APBPrescTable
                0x000000000800d704        0x8 ./Core/Src/system_stm32f0xx.o
                0x000000000800d704                APBPrescTable
 .rodata.bin2hex
                0x000000000800d70c       0x11 ./Core/Src/usbdebug.o
 *fill*         0x000000000800d71d        0x3 
 .rodata.usb_printf
                0x000000000800d720       0x30 ./Core/Src/usbdebug.o
 .rodata.USBD_StdDevReq
                0x000000000800d750       0x28 ./Middlewares/ST/STM32_USB_Device_Library/Core/Src/usbd_ctlreq.o
 .rodata.USBD_GetDescriptor
                0x000000000800d778       0x38 ./Middlewares/ST/STM32_USB_Device_Library/Core/Src/usbd_ctlreq.o
 .rodata.CDC_Control_FS
                0x000000000800d7b0       0x90 ./USB_DEVICE/App/usbd_cdc_if.o
 .rodata._ctype_
                0x000000000800d840      0x101 d:/stm32/stm32cubeide_1.7.0/stm32cubeide/plugins/com.st.stm32cube.ide.mcu.externaltools.gnu-tools-for-stm32.9-2020-q2-update.win32_2.0.0.202105311346/tools/bin/../lib/gcc/arm-none-eabi/9.3.1/../../../../arm-none-eabi/lib/thumb/v6-m/nofp\libc_nano.a(lib_a-ctype_.o)
                0x000000000800d840                _ctype_
 .rodata._svfprintf_r.str1.1
                0x000000000800d941       0x11 d:/stm32/stm32cubeide_1.7.0/stm32cubeide/plugins/com.st.stm32cube.ide.mcu.externaltools.gnu-tools-for-stm32.9-2020-q2-update.win32_2.0.0.202105311346/tools/bin/../lib/gcc/arm-none-eabi/9.3.1/../../../../arm-none-eabi/lib/thumb/v6-m/nofp\libc_nano.a(lib_a-nano-svfprintf.o)
 .rodata._printf_i.str1.1
                0x000000000800d952       0x22 d:/stm32/stm32cubeide_1.7.0/stm32cubeide/plugins/com.st.stm32cube.ide.mcu.externaltools.gnu-tools-for-stm32.9-2020-q2-update.win32_2.0.0.202105311346/tools/bin/../lib/gcc/arm-none-eabi/9.3.1/../../../../arm-none-eabi/lib/thumb/v6-m/nofp\libc_nano.a(lib_a-nano-vfprintf_i.o)
                0x000000000800d974                . = ALIGN (0x4)

.rel.dyn        0x000000000800d974        0x0
 .rel.iplt      0x000000000800d974        0x0 d:/stm32/stm32cubeide_1.7.0/stm32cubeide/plugins/com.st.stm32cube.ide.mcu.externaltools.gnu-tools-for-stm32.9-2020-q2-update.win32_2.0.0.202105311346/tools/bin/../lib/gcc/arm-none-eabi/9.3.1/thumb/v6-m/nofp/crtbegin.o

.ARM.extab      0x000000000800d974        0x0
                0x000000000800d974                . = ALIGN (0x4)
 *(.ARM.extab* .gnu.linkonce.armextab.*)
                0x000000000800d974                . = ALIGN (0x4)

.ARM            0x000000000800d974        0x0
                0x000000000800d974                . = ALIGN (0x4)
                0x000000000800d974                __exidx_start = .
 *(.ARM.exidx*)
                0x000000000800d974                __exidx_end = .
                0x000000000800d974                . = ALIGN (0x4)

.preinit_array  0x000000000800d974        0x0
                0x000000000800d974                . = ALIGN (0x4)
                0x000000000800d974                PROVIDE (__preinit_array_start = .)
 *(.preinit_array*)
                0x000000000800d974                PROVIDE (__preinit_array_end = .)
                0x000000000800d974                . = ALIGN (0x4)

.init_array     0x000000000800d974        0x4
                0x000000000800d974                . = ALIGN (0x4)
                0x000000000800d974                PROVIDE (__init_array_start = .)
 *(SORT_BY_NAME(.init_array.*))
 *(.init_array*)
 .init_array    0x000000000800d974        0x4 d:/stm32/stm32cubeide_1.7.0/stm32cubeide/plugins/com.st.stm32cube.ide.mcu.externaltools.gnu-tools-for-stm32.9-2020-q2-update.win32_2.0.0.202105311346/tools/bin/../lib/gcc/arm-none-eabi/9.3.1/thumb/v6-m/nofp/crtbegin.o
                0x000000000800d978                PROVIDE (__init_array_end = .)
                0x000000000800d978                . = ALIGN (0x4)

.fini_array     0x000000000800d978        0x4
                0x000000000800d978                . = ALIGN (0x4)
                [!provide]                        PROVIDE (__fini_array_start = .)
 *(SORT_BY_NAME(.fini_array.*))
 *(.fini_array*)
 .fini_array    0x000000000800d978        0x4 d:/stm32/stm32cubeide_1.7.0/stm32cubeide/plugins/com.st.stm32cube.ide.mcu.externaltools.gnu-tools-for-stm32.9-2020-q2-update.win32_2.0.0.202105311346/tools/bin/../lib/gcc/arm-none-eabi/9.3.1/thumb/v6-m/nofp/crtbegin.o
                [!provide]                        PROVIDE (__fini_array_end = .)
                0x000000000800d97c                . = ALIGN (0x4)
                0x000000000800d97c                _sidata = LOADADDR (.data)

.data           0x0000000020000000      0x2a4 load address 0x000000000800d97c
                0x0000000020000000                . = ALIGN (0x4)
                0x0000000020000000                _sdata = .
 *(.data)
 *(.data*)
 .data.protocol_version
                0x0000000020000000        0x5 ./Core/Src/cmmain.o
                0x0000000020000000                protocol_version
 *fill*         0x0000000020000005        0x3 
 .data.device_id
                0x0000000020000008        0xd ./Core/Src/cmmain.o
                0x0000000020000008                device_id
 *fill*         0x0000000020000015        0x3 
 .data.configuration_version
                0x0000000020000018        0xa ./Core/Src/cmmain.o
                0x0000000020000018                configuration_version
 *fill*         0x0000000020000022        0x2 
 .data.apn      0x0000000020000024       0x28 ./Core/Src/cmmain.o
 .data.mem_write_address
                0x000000002000004c        0x4 ./Core/Src/cmmain.o
 .data.mem_read_address
                0x0000000020000050        0x4 ./Core/Src/cmmain.o
 .data.state_table
                0x0000000020000054       0x70 ./Core/Src/gsm.o
 .data.SystemCoreClock
                0x00000000200000c4        0x4 ./Core/Src/system_stm32f0xx.o
                0x00000000200000c4                SystemCoreClock
 .data.uwTickPrio
                0x00000000200000c8        0x4 ./Drivers/STM32F0xx_HAL_Driver/Src/stm32f0xx_hal.o
                0x00000000200000c8                uwTickPrio
 .data.uwTickFreq
                0x00000000200000cc        0x1 ./Drivers/STM32F0xx_HAL_Driver/Src/stm32f0xx_hal.o
                0x00000000200000cc                uwTickFreq
 *fill*         0x00000000200000cd        0x3 
 .data.USBD_CDC_DeviceQualifierDesc
                0x00000000200000d0        0xa ./Middlewares/ST/STM32_USB_Device_Library/Class/CDC/Src/usbd_cdc.o
 *fill*         0x00000000200000da        0x2 
 .data.USBD_CDC
                0x00000000200000dc       0x38 ./Middlewares/ST/STM32_USB_Device_Library/Class/CDC/Src/usbd_cdc.o
                0x00000000200000dc                USBD_CDC
 .data.USBD_CDC_CfgHSDesc
                0x0000000020000114       0x43 ./Middlewares/ST/STM32_USB_Device_Library/Class/CDC/Src/usbd_cdc.o
                0x0000000020000114                USBD_CDC_CfgHSDesc
 *fill*         0x0000000020000157        0x1 
 .data.USBD_CDC_CfgFSDesc
                0x0000000020000158       0x43 ./Middlewares/ST/STM32_USB_Device_Library/Class/CDC/Src/usbd_cdc.o
                0x0000000020000158                USBD_CDC_CfgFSDesc
 *fill*         0x000000002000019b        0x1 
 .data.USBD_CDC_OtherSpeedCfgDesc
                0x000000002000019c       0x43 ./Middlewares/ST/STM32_USB_Device_Library/Class/CDC/Src/usbd_cdc.o
                0x000000002000019c                USBD_CDC_OtherSpeedCfgDesc
 *fill*         0x00000000200001df        0x1 
 .data.USBD_Interface_fops_FS
                0x00000000200001e0       0x10 ./USB_DEVICE/App/usbd_cdc_if.o
                0x00000000200001e0                USBD_Interface_fops_FS
 .data.FS_Desc  0x00000000200001f0       0x1c ./USB_DEVICE/App/usbd_desc.o
                0x00000000200001f0                FS_Desc
 .data.USBD_FS_DeviceDesc
                0x000000002000020c       0x12 ./USB_DEVICE/App/usbd_desc.o
                0x000000002000020c                USBD_FS_DeviceDesc
 *fill*         0x000000002000021e        0x2 
 .data.USBD_LangIDDesc
                0x0000000020000220        0x4 ./USB_DEVICE/App/usbd_desc.o
                0x0000000020000220                USBD_LangIDDesc
 .data.USBD_StringSerial
                0x0000000020000224       0x1a ./USB_DEVICE/App/usbd_desc.o
                0x0000000020000224                USBD_StringSerial
 *fill*         0x000000002000023e        0x2 
 .data._impure_ptr
                0x0000000020000240        0x4 d:/stm32/stm32cubeide_1.7.0/stm32cubeide/plugins/com.st.stm32cube.ide.mcu.externaltools.gnu-tools-for-stm32.9-2020-q2-update.win32_2.0.0.202105311346/tools/bin/../lib/gcc/arm-none-eabi/9.3.1/../../../../arm-none-eabi/lib/thumb/v6-m/nofp\libc_nano.a(lib_a-impure.o)
                0x0000000020000240                _impure_ptr
 .data.impure_data
                0x0000000020000244       0x60 d:/stm32/stm32cubeide_1.7.0/stm32cubeide/plugins/com.st.stm32cube.ide.mcu.externaltools.gnu-tools-for-stm32.9-2020-q2-update.win32_2.0.0.202105311346/tools/bin/../lib/gcc/arm-none-eabi/9.3.1/../../../../arm-none-eabi/lib/thumb/v6-m/nofp\libc_nano.a(lib_a-impure.o)
 *(.RamFunc)
 *(.RamFunc*)
                0x00000000200002a4                . = ALIGN (0x4)
                0x00000000200002a4                _edata = .

.igot.plt       0x00000000200002a4        0x0 load address 0x000000000800dc20
 .igot.plt      0x00000000200002a4        0x0 d:/stm32/stm32cubeide_1.7.0/stm32cubeide/plugins/com.st.stm32cube.ide.mcu.externaltools.gnu-tools-for-stm32.9-2020-q2-update.win32_2.0.0.202105311346/tools/bin/../lib/gcc/arm-none-eabi/9.3.1/thumb/v6-m/nofp/crtbegin.o
                0x00000000200002a4                . = ALIGN (0x4)

.bss            0x00000000200002a4     0x1cf4 load address 0x000000000800dc20
                0x00000000200002a4                _sbss = .
                0x00000000200002a4                __bss_start__ = _sbss
 *(.bss)
 .bss           0x00000000200002a4       0x1c d:/stm32/stm32cubeide_1.7.0/stm32cubeide/plugins/com.st.stm32cube.ide.mcu.externaltools.gnu-tools-for-stm32.9-2020-q2-update.win32_2.0.0.202105311346/tools/bin/../lib/gcc/arm-none-eabi/9.3.1/thumb/v6-m/nofp/crtbegin.o
 *(.bss*)
 .bss.timer     0x00000000200002c0        0x4 ./Core/Src/beeper.o
 .bss.twin_sb   0x00000000200002c4       0x64 ./Core/Src/cmmain.o
 .bss.twin_pb   0x0000000020000328       0x64 ./Core/Src/cmmain.o
 .bss.twin_rp   0x000000002000038c       0x64 ./Core/Src/cmmain.o
 .bss.read_pb   0x00000000200003f0       0x64 ./Core/Src/cmmain.o
 .bss.tx_string
                0x0000000020000454      0x190 ./Core/Src/cmmain.o
 .bss.stored_settings
                0x00000000200005e4      0x12c ./Core/Src/cmmain.o
 .bss.stored_parameters
                0x0000000020000710       0x64 ./Core/Src/cmmain.o
 .bss.temp_data
                0x0000000020000774       0xff ./Core/Src/cmmain.o
 *fill*         0x0000000020000873        0x1 
 .bss.meter_sequence_number
                0x0000000020000874        0x2 ./Core/Src/cmmain.o
 .bss.total_downloaded_records_meter
                0x0000000020000876        0x2 ./Core/Src/cmmain.o
 .bss.rcv_status
                0x0000000020000878        0x1 ./Core/Src/gsm.o
 .bss.gotrdyflag
                0x0000000020000879        0x1 ./Core/Src/gsm.o
 .bss.gotcpinrflag
                0x000000002000087a        0x1 ./Core/Src/gsm.o
 *fill*         0x000000002000087b        0x1 
 .bss.myiccidlen
                0x000000002000087c        0x4 ./Core/Src/gsm.o
 .bss.rcv_count
                0x0000000020000880        0x4 ./Core/Src/gsm.o
 .bss.timer     0x0000000020000884        0x4 ./Core/Src/gsm.o
 .bss.oldstate  0x0000000020000888        0x4 ./Core/Src/gsm.o
 .bss.rcv_buffer
                0x000000002000088c       0x20 ./Core/Src/gsm.o
 .bss.myimei    0x00000000200008ac        0xf ./Core/Src/gsm.o
 *fill*         0x00000000200008bb        0x1 
 .bss.myiccid   0x00000000200008bc       0x16 ./Core/Src/gsm.o
 *fill*         0x00000000200008d2        0x2 
 .bss.myimsi    0x00000000200008d4        0xf ./Core/Src/gsm.o
 *fill*         0x00000000200008e3        0x1 
 .bss.led_timer
                0x00000000200008e4        0x4 ./Core/Src/led.o
 .bss.green_led
                0x00000000200008e8        0x2 ./Core/Src/led.o
 *fill*         0x00000000200008ea        0x2 
 .bss.red_led   0x00000000200008ec        0x2 ./Core/Src/led.o
 *fill*         0x00000000200008ee        0x2 
 .bss.yellow_led
                0x00000000200008f0        0x2 ./Core/Src/led.o
 .bss.output_busy
                0x00000000200008f2        0x1 ./Core/Src/quectel.o
 .bss.taskstate
                0x00000000200008f3        0x1 ./Core/Src/quectel.o
 .bss.taskoldstate
                0x00000000200008f4        0x1 ./Core/Src/quectel.o
 .bss.input_busy
                0x00000000200008f5        0x1 ./Core/Src/quectel.o
 .bss.input_status
                0x00000000200008f6        0x1 ./Core/Src/quectel.o
 *fill*         0x00000000200008f7        0x1 
 .bss.rxget     0x00000000200008f8        0x4 ./Core/Src/quectel.o
 .bss.rxput     0x00000000200008fc        0x4 ./Core/Src/quectel.o
 .bss.timer1    0x0000000020000900        0x4 ./Core/Src/quectel.o
 .bss.timer2    0x0000000020000904        0x4 ./Core/Src/quectel.o
 .bss.txbuflen  0x0000000020000908        0x4 ./Core/Src/quectel.o
 .bss.rxbufindex
                0x000000002000090c        0x4 ./Core/Src/quectel.o
 .bss.rxbuflen  0x0000000020000910        0x4 ./Core/Src/quectel.o
 .bss.rxtimeout
                0x0000000020000914        0x4 ./Core/Src/quectel.o
 .bss.rxcomplih
                0x0000000020000918        0x4 ./Core/Src/quectel.o
 .bss.rxbufaddr
                0x000000002000091c        0x4 ./Core/Src/quectel.o
 .bss.txbufaddr
                0x0000000020000920        0x4 ./Core/Src/quectel.o
 .bss.rxintbuf  0x0000000020000924       0x80 ./Core/Src/quectel.o
 .bss.__sbrk_heap_end
                0x00000000200009a4        0x4 ./Core/Src/sysmem.o
 .bss.zflag     0x00000000200009a8        0x1 ./Core/Src/usbdebug.o
 .bss.pfield    0x00000000200009a9        0x1 ./Core/Src/usbdebug.o
 .bss.negflag   0x00000000200009aa        0x1 ./Core/Src/usbdebug.o
 .bss.width     0x00000000200009ab        0x1 ./Core/Src/usbdebug.o
 .bss.prbufdex  0x00000000200009ac        0x4 ./Core/Src/usbdebug.o
 .bss.prbuf     0x00000000200009b0       0x40 ./Core/Src/usbdebug.o
 .bss.cfgidx.8702
                0x00000000200009f0        0x1 ./Middlewares/ST/STM32_USB_Device_Library/Core/Src/usbd_ctlreq.o
 *fill*         0x00000000200009f1        0x3 
 .bss.mem.8771  0x00000000200009f4      0x220 ./USB_DEVICE/Target/usbd_conf.o
 .bss.__malloc_free_list
                0x0000000020000c14        0x4 d:/stm32/stm32cubeide_1.7.0/stm32cubeide/plugins/com.st.stm32cube.ide.mcu.externaltools.gnu-tools-for-stm32.9-2020-q2-update.win32_2.0.0.202105311346/tools/bin/../lib/gcc/arm-none-eabi/9.3.1/../../../../arm-none-eabi/lib/thumb/v6-m/nofp\libc_nano.a(lib_a-nano-mallocr.o)
                0x0000000020000c14                __malloc_free_list
 .bss.__malloc_sbrk_start
                0x0000000020000c18        0x4 d:/stm32/stm32cubeide_1.7.0/stm32cubeide/plugins/com.st.stm32cube.ide.mcu.externaltools.gnu-tools-for-stm32.9-2020-q2-update.win32_2.0.0.202105311346/tools/bin/../lib/gcc/arm-none-eabi/9.3.1/../../../../arm-none-eabi/lib/thumb/v6-m/nofp\libc_nano.a(lib_a-nano-mallocr.o)
                0x0000000020000c18                __malloc_sbrk_start
 *(COMMON)
 COMMON         0x0000000020000c1c      0x168 ./Core/Src/cmmain.o
                0x0000000020000c1c                mqtt_client_id
                0x0000000020000c80                mqtt_port
                0x0000000020000c88                mqtt_username
                0x0000000020000cec                mqtt_password
                0x0000000020000d20                mqtt_server
 COMMON         0x0000000020000d84        0xc ./Core/Src/gsm.o
                0x0000000020000d84                gsm_stmachine
 COMMON         0x0000000020000d90      0x264 ./Core/Src/main.o
                0x0000000020000d90                huart1
                0x0000000020000e14                hrtc
                0x0000000020000e34                htim6
                0x0000000020000e7c                hspi1
                0x0000000020000ee0                huart2
                0x0000000020000f64                htim16
                0x0000000020000fac                htim7
 COMMON         0x0000000020000ff4        0x1 ./Core/Src/quectel.o
                0x0000000020000ff4                quec_ready_flag
 *fill*         0x0000000020000ff5        0x3 
 COMMON         0x0000000020000ff8      0x2c5 ./Core/Src/usbdebug.o
                0x0000000020000ff8                hUsbDeviceFS
                0x00000000200012bc                debug_print_ready
 *fill*         0x00000000200012bd        0x3 
 COMMON         0x00000000200012c0        0x4 ./Drivers/STM32F0xx_HAL_Driver/Src/stm32f0xx_hal.o
                0x00000000200012c0                uwTick
 COMMON         0x00000000200012c4      0x7d0 ./USB_DEVICE/App/usbd_cdc_if.o
                0x00000000200012c4                UserRxBufferFS
                0x00000000200016ac                UserTxBufferFS
 COMMON         0x0000000020001a94      0x200 ./USB_DEVICE/App/usbd_desc.o
                0x0000000020001a94                USBD_StrDesc
 COMMON         0x0000000020001c94      0x2f4 ./USB_DEVICE/Target/usbd_conf.o
                0x0000000020001c94                hpcd_USB_FS
 COMMON         0x0000000020001f88        0x4 d:/stm32/stm32cubeide_1.7.0/stm32cubeide/plugins/com.st.stm32cube.ide.mcu.externaltools.gnu-tools-for-stm32.9-2020-q2-update.win32_2.0.0.202105311346/tools/bin/../lib/gcc/arm-none-eabi/9.3.1/../../../../arm-none-eabi/lib/thumb/v6-m/nofp\libc_nano.a(lib_a-reent.o)
                0x0000000020001f88                errno
 COMMON         0x0000000020001f8c        0x9 d:/stm32/stm32cubeide_1.7.0/stm32cubeide/plugins/com.st.stm32cube.ide.mcu.externaltools.gnu-tools-for-stm32.9-2020-q2-update.win32_2.0.0.202105311346/tools/bin/../lib/gcc/arm-none-eabi/9.3.1/../../../../arm-none-eabi/lib/thumb/v6-m/nofp\libc_nano.a(lib_a-lock.o)
                0x0000000020001f8c                __lock___atexit_recursive_mutex
                0x0000000020001f8d                __lock___arc4random_mutex
                0x0000000020001f8e                __lock___env_recursive_mutex
                0x0000000020001f8f                __lock___sinit_recursive_mutex
                0x0000000020001f90                __lock___malloc_recursive_mutex
                0x0000000020001f91                __lock___at_quick_exit_mutex
                0x0000000020001f92                __lock___dd_hash_mutex
                0x0000000020001f93                __lock___tz_mutex
                0x0000000020001f94                __lock___sfp_recursive_mutex
                0x0000000020001f98                . = ALIGN (0x4)
 *fill*         0x0000000020001f95        0x3 
                0x0000000020001f98                _ebss = .
                0x0000000020001f98                __bss_end__ = _ebss

._user_heap_stack
                0x0000000020001f98      0x600 load address 0x000000000800dc20
                0x0000000020001f98                . = ALIGN (0x8)
                [!provide]                        PROVIDE (end = .)
                0x0000000020001f98                PROVIDE (_end = .)
                0x0000000020002198                . = (. + _Min_Heap_Size)
 *fill*         0x0000000020001f98      0x200 
                0x0000000020002598                . = (. + _Min_Stack_Size)
 *fill*         0x0000000020002198      0x400 
                0x0000000020002598                . = ALIGN (0x8)

/DISCARD/
 libc.a(*)
 libm.a(*)
 libgcc.a(*)

.ARM.attributes
                0x0000000000000000       0x28
 *(.ARM.attributes)
 .ARM.attributes
                0x0000000000000000       0x1e d:/stm32/stm32cubeide_1.7.0/stm32cubeide/plugins/com.st.stm32cube.ide.mcu.externaltools.gnu-tools-for-stm32.9-2020-q2-update.win32_2.0.0.202105311346/tools/bin/../lib/gcc/arm-none-eabi/9.3.1/thumb/v6-m/nofp/crti.o
 .ARM.attributes
                0x000000000000001e       0x2c d:/stm32/stm32cubeide_1.7.0/stm32cubeide/plugins/com.st.stm32cube.ide.mcu.externaltools.gnu-tools-for-stm32.9-2020-q2-update.win32_2.0.0.202105311346/tools/bin/../lib/gcc/arm-none-eabi/9.3.1/thumb/v6-m/nofp/crtbegin.o
 .ARM.attributes
                0x000000000000004a       0x2c ./Core/Src/beeper.o
 .ARM.attributes
                0x0000000000000076       0x2c ./Core/Src/cmmain.o
 .ARM.attributes
                0x00000000000000a2       0x2c ./Core/Src/espif.o
 .ARM.attributes
                0x00000000000000ce       0x2c ./Core/Src/gsm.o
 .ARM.attributes
                0x00000000000000fa       0x2c ./Core/Src/led.o
 .ARM.attributes
                0x0000000000000126       0x2c ./Core/Src/main.o
 .ARM.attributes
                0x0000000000000152       0x2c ./Core/Src/quectel.o
 .ARM.attributes
                0x000000000000017e       0x2c ./Core/Src/stm32f0xx_hal_msp.o
 .ARM.attributes
                0x00000000000001aa       0x2c ./Core/Src/stm32f0xx_it.o
 .ARM.attributes
                0x00000000000001d6       0x2c ./Core/Src/sysmem.o
 .ARM.attributes
                0x0000000000000202       0x2c ./Core/Src/system_stm32f0xx.o
 .ARM.attributes
                0x000000000000022e       0x2c ./Core/Src/usbdebug.o
 .ARM.attributes
                0x000000000000025a       0x2c ./Core/Src/winbond_mem.o
 .ARM.attributes
                0x0000000000000286       0x21 ./Core/Startup/startup_stm32f070cbtx.o
 .ARM.attributes
                0x00000000000002a7       0x2c ./Drivers/STM32F0xx_HAL_Driver/Src/stm32f0xx_hal.o
 .ARM.attributes
                0x00000000000002d3       0x2c ./Drivers/STM32F0xx_HAL_Driver/Src/stm32f0xx_hal_cortex.o
 .ARM.attributes
                0x00000000000002ff       0x2c ./Drivers/STM32F0xx_HAL_Driver/Src/stm32f0xx_hal_dma.o
 .ARM.attributes
                0x000000000000032b       0x2c ./Drivers/STM32F0xx_HAL_Driver/Src/stm32f0xx_hal_gpio.o
 .ARM.attributes
                0x0000000000000357       0x2c ./Drivers/STM32F0xx_HAL_Driver/Src/stm32f0xx_hal_pcd.o
 .ARM.attributes
                0x0000000000000383       0x2c ./Drivers/STM32F0xx_HAL_Driver/Src/stm32f0xx_hal_pcd_ex.o
 .ARM.attributes
                0x00000000000003af       0x2c ./Drivers/STM32F0xx_HAL_Driver/Src/stm32f0xx_hal_rcc.o
 .ARM.attributes
                0x00000000000003db       0x2c ./Drivers/STM32F0xx_HAL_Driver/Src/stm32f0xx_hal_rcc_ex.o
 .ARM.attributes
                0x0000000000000407       0x2c ./Drivers/STM32F0xx_HAL_Driver/Src/stm32f0xx_hal_rtc.o
 .ARM.attributes
                0x0000000000000433       0x2c ./Drivers/STM32F0xx_HAL_Driver/Src/stm32f0xx_hal_spi.o
 .ARM.attributes
                0x000000000000045f       0x2c ./Drivers/STM32F0xx_HAL_Driver/Src/stm32f0xx_hal_tim.o
 .ARM.attributes
                0x000000000000048b       0x2c ./Drivers/STM32F0xx_HAL_Driver/Src/stm32f0xx_hal_tim_ex.o
 .ARM.attributes
                0x00000000000004b7       0x2c ./Drivers/STM32F0xx_HAL_Driver/Src/stm32f0xx_hal_uart.o
 .ARM.attributes
                0x00000000000004e3       0x2c ./Drivers/STM32F0xx_HAL_Driver/Src/stm32f0xx_ll_usb.o
 .ARM.attributes