Archive member included to satisfy reference by file (symbol)

d:/stm32/stm32cubeide_1.7.0/stm32cubeide/plugins/com.st.stm32cube.ide.mcu.externaltools.gnu-tools-for-stm32.9-2020-q2-update.win32_2.0.0.202105311346/tools/bin/../lib/gcc/arm-none-eabi/9.3.1/../../../../arm-none-eabi/lib/thumb/v6-m/nofp\libc_nano.a(lib_a-atoi.o)
                              ./Core/Src/cmmain.o (atoi)
d:/stm32/stm32cubeide_1.7.0/stm32cubeide/plugins/com.st.stm32cube.ide.mcu.externaltools.gnu-tools-for-stm32.9-2020-q2-update.win32_2.0.0.202105311346/tools/bin/../lib/gcc/arm-none-eabi/9.3.1/../../../../arm-none-eabi/lib/thumb/v6-m/nofp\libc_nano.a(lib_a-atol.o)
                              ./Core/Src/cmmain.o (atol)
d:/stm32/stm32cubeide_1.7.0/stm32cubeide/plugins/com.st.stm32cube.ide.mcu.externaltools.gnu-tools-for-stm32.9-2020-q2-update.win32_2.0.0.202105311346/tools/bin/../lib/gcc/arm-none-eabi/9.3.1/../../../../arm-none-eabi/lib/thumb/v6-m/nofp\libc_nano.a(lib_a-errno.o)
                              ./Core/Src/syscalls.o (__errno)
d:/stm32/stm32cubeide_1.7.0/stm32cubeide/plugins/com.st.stm32cube.ide.mcu.externaltools.gnu-tools-for-stm32.9-2020-q2-update.win32_2.0.0.202105311346/tools/bin/../lib/gcc/arm-none-eabi/9.3.1/../../../../arm-none-eabi/lib/thumb/v6-m/nofp\libc_nano.a(lib_a-exit.o)
                              d:/stm32/stm32cubeide_1.7.0/stm32cubeide/plugins/com.st.stm32cube.ide.mcu.externaltools.gnu-tools-for-stm32.9-2020-q2-update.win32_2.0.0.202105311346/tools/bin/../lib/gcc/arm-none-eabi/9.3.1/../../../../arm-none-eabi/lib/thumb/v6-m/nofp/crt0.o (exit)
d:/stm32/stm32cubeide_1.7.0/stm32cubeide/plugins/com.st.stm32cube.ide.mcu.externaltools.gnu-tools-for-stm32.9-2020-q2-update.win32_2.0.0.202105311346/tools/bin/../lib/gcc/arm-none-eabi/9.3.1/../../../../arm-none-eabi/lib/thumb/v6-m/nofp\libc_nano.a(lib_a-impure.o)
                              d:/stm32/stm32cubeide_1.7.0/stm32cubeide/plugins/com.st.stm32cube.ide.mcu.externaltools.gnu-tools-for-stm32.9-2020-q2-update.win32_2.0.0.202105311346/tools/bin/../lib/gcc/arm-none-eabi/9.3.1/../../../../arm-none-eabi/lib/thumb/v6-m/nofp\libc_nano.a(lib_a-exit.o) (_global_impure_ptr)
d:/stm32/stm32cubeide_1.7.0/stm32cubeide/plugins/com.st.stm32cube.ide.mcu.externaltools.gnu-tools-for-stm32.9-2020-q2-update.win32_2.0.0.202105311346/tools/bin/../lib/gcc/arm-none-eabi/9.3.1/../../../../arm-none-eabi/lib/thumb/v6-m/nofp\libc_nano.a(lib_a-init.o)
                              d:/stm32/stm32cubeide_1.7.0/stm32cubeide/plugins/com.st.stm32cube.ide.mcu.externaltools.gnu-tools-for-stm32.9-2020-q2-update.win32_2.0.0.202105311346/tools/bin/../lib/gcc/arm-none-eabi/9.3.1/../../../../arm-none-eabi/lib/thumb/v6-m/nofp/crt0.o (__libc_init_array)
d:/stm32/stm32cubeide_1.7.0/stm32cubeide/plugins/com.st.stm32cube.ide.mcu.externaltools.gnu-tools-for-stm32.9-2020-q2-update.win32_2.0.0.202105311346/tools/bin/../lib/gcc/arm-none-eabi/9.3.1/../../../../arm-none-eabi/lib/thumb/v6-m/nofp\libc_nano.a(lib_a-memset.o)
                              d:/stm32/stm32cubeide_1.7.0/stm32cubeide/plugins/com.st.stm32cube.ide.mcu.externaltools.gnu-tools-for-stm32.9-2020-q2-update.win32_2.0.0.202105311346/tools/bin/../lib/gcc/arm-none-eabi/9.3.1/../../../../arm-none-eabi/lib/thumb/v6-m/nofp/crt0.o (memset)
d:/stm32/stm32cubeide_1.7.0/stm32cubeide/plugins/com.st.stm32cube.ide.mcu.externaltools.gnu-tools-for-stm32.9-2020-q2-update.win32_2.0.0.202105311346/tools/bin/../lib/gcc/arm-none-eabi/9.3.1/../../../../arm-none-eabi/lib/thumb/v6-m/nofp\libc_nano.a(lib_a-mktime.o)
                              ./Core/Src/cmmain.o (mktime)
d:/stm32/stm32cubeide_1.7.0/stm32cubeide/plugins/com.st.stm32cube.ide.mcu.externaltools.gnu-tools-for-stm32.9-2020-q2-update.win32_2.0.0.202105311346/tools/bin/../lib/gcc/arm-none-eabi/9.3.1/../../../../arm-none-eabi/lib/thumb/v6-m/nofp\libc_nano.a(lib_a-sprintf.o)
                              ./Core/Src/cmmain.o (sprintf)
d:/stm32/stm32cubeide_1.7.0/stm32cubeide/plugins/com.st.stm32cube.ide.mcu.externaltools.gnu-tools-for-stm32.9-2020-q2-update.win32_2.0.0.202105311346/tools/bin/../lib/gcc/arm-none-eabi/9.3.1/../../../../arm-none-eabi/lib/thumb/v6-m/nofp\libc_nano.a(lib_a-strlen.o)
                              ./Core/Src/cmmain.o (strlen)
d:/stm32/stm32cubeide_1.7.0/stm32cubeide/plugins/com.st.stm32cube.ide.mcu.externaltools.gnu-tools-for-stm32.9-2020-q2-update.win32_2.0.0.202105311346/tools/bin/../lib/gcc/arm-none-eabi/9.3.1/../../../../arm-none-eabi/lib/thumb/v6-m/nofp\libc_nano.a(lib_a-strtol.o)
                              d:/stm32/stm32cubeide_1.7.0/stm32cubeide/plugins/com.st.stm32cube.ide.mcu.externaltools.gnu-tools-for-stm32.9-2020-q2-update.win32_2.0.0.202105311346/tools/bin/../lib/gcc/arm-none-eabi/9.3.1/../../../../arm-none-eabi/lib/thumb/v6-m/nofp\libc_nano.a(lib_a-atoi.o) (_strtol_r)
[...]
Memory Configuration

Name             Origin             Length             Attributes
RAM              0x0000000020000000 0x0000000000004000 xrw
FLASH            0x0000000008000000 0x0000000000020000 xr
*default*        0x0000000000000000 0xffffffffffffffff

Linker script and memory map

LOAD d:/stm32/stm32cubeide_1.7.0/stm32cubeide/plugins/com.st.stm32cube.ide.mcu.externaltools.gnu-tools-for-stm32.9-2020-q2-update.win32_2.0.0.202105311346/tools/bin/../lib/gcc/arm-none-eabi/9.3.1/thumb/v6-m/nofp/crti.o
LOAD d:/stm32/stm32cubeide_1.7.0/stm32cubeide/plugins/com.st.stm32cube.ide.mcu.externaltools.gnu-tools-for-stm32.9-2020-q2-update.win32_2.0.0.202105311346/tools/bin/../lib/gcc/arm-none-eabi/9.3.1/thumb/v6-m/nofp/crtbegin.o
LOAD d:/stm32/stm32cubeide_1.7.0/stm32cubeide/plugins/com.st.stm32cube.ide.mcu.externaltools.gnu-tools-for-stm32.9-2020-q2-update.win32_2.0.0.202105311346/tools/bin/../lib/gcc/arm-none-eabi/9.3.1/../../../../arm-none-eabi/lib/thumb/v6-m/nofp/crt0.o
LOAD ./Core/Src/beeper.o
LOAD ./Core/Src/cmmain.o
LOAD ./Core/Src/console.o
LOAD ./Core/Src/debug.o
LOAD ./Core/Src/espif.o
LOAD ./Core/Src/espifat.o
LOAD ./Core/Src/gsm.o
LOAD ./Core/Src/jpd500f.o
LOAD ./Core/Src/junk.o
LOAD ./Core/Src/led.o
LOAD ./Core/Src/main.o
LOAD ./Core/Src/quectel.o
LOAD ./Core/Src/stm32f0xx_hal_msp.o
LOAD ./Core/Src/stm32f0xx_it.o
LOAD ./Core/Src/syscalls.o
LOAD ./Core/Src/sysmem.o
LOAD ./Core/Src/system_stm32f0xx.o
LOAD ./Core/Src/template.o
LOAD ./Core/Src/usbcdc.o
LOAD ./Core/Src/usbmain.o
LOAD ./Core/Src/winbond_mem.o
LOAD ./Core/Startup/startup_stm32f070cbtx.o
LOAD ./Core/master.o
LOAD ./Drivers/STM32F0xx_HAL_Driver/Src/stm32f0xx_hal.o
LOAD ./Drivers/STM32F0xx_HAL_Driver/Src/stm32f0xx_hal_cortex.o
LOAD ./Drivers/STM32F0xx_HAL_Driver/Src/stm32f0xx_hal_dma.o
LOAD ./Drivers/STM32F0xx_HAL_Driver/Src/stm32f0xx_hal_exti.o
LOAD ./Drivers/STM32F0xx_HAL_Driver/Src/stm32f0xx_hal_flash.o
LOAD ./Drivers/STM32F0xx_HAL_Driver/Src/stm32f0xx_hal_flash_ex.o
LOAD ./Drivers/STM32F0xx_HAL_Driver/Src/stm32f0xx_hal_gpio.o
LOAD ./Drivers/STM32F0xx_HAL_Driver/Src/stm32f0xx_hal_i2c.o
LOAD ./Drivers/STM32F0xx_HAL_Driver/Src/stm32f0xx_hal_i2c_ex.o
LOAD ./Drivers/STM32F0xx_HAL_Driver/Src/stm32f0xx_hal_pcd.o
LOAD ./Drivers/STM32F0xx_HAL_Driver/Src/stm32f0xx_hal_pcd_ex.o
LOAD ./Drivers/STM32F0xx_HAL_Driver/Src/stm32f0xx_hal_pwr.o
LOAD ./Drivers/STM32F0xx_HAL_Driver/Src/stm32f0xx_hal_pwr_ex.o
LOAD ./Drivers/STM32F0xx_HAL_Driver/Src/stm32f0xx_hal_rcc.o
LOAD ./Drivers/STM32F0xx_HAL_Driver/Src/stm32f0xx_hal_rcc_ex.o
LOAD ./Drivers/STM32F0xx_HAL_Driver/Src/stm32f0xx_hal_rtc.o
LOAD ./Drivers/STM32F0xx_HAL_Driver/Src/stm32f0xx_hal_rtc_ex.o
LOAD ./Drivers/STM32F0xx_HAL_Driver/Src/stm32f0xx_hal_spi.o
LOAD ./Drivers/STM32F0xx_HAL_Driver/Src/stm32f0xx_hal_spi_ex.o
LOAD ./Drivers/STM32F0xx_HAL_Driver/Src/stm32f0xx_hal_tim.o
LOAD ./Drivers/STM32F0xx_HAL_Driver/Src/stm32f0xx_hal_tim_ex.o
LOAD ./Drivers/STM32F0xx_HAL_Driver/Src/stm32f0xx_hal_uart.o
LOAD ./Drivers/STM32F0xx_HAL_Driver/Src/stm32f0xx_hal_uart_ex.o
LOAD ./Drivers/STM32F0xx_HAL_Driver/Src/stm32f0xx_ll_usb.o
LOAD ./Middlewares/ST/STM32_USB_Device_Library/Core/Src/usbd_core.o
LOAD ./Middlewares/ST/STM32_USB_Device_Library/Core/Src/usbd_ctlreq.o
LOAD ./Middlewares/ST/STM32_USB_Device_Library/Core/Src/usbd_ioreq.o
LOAD ./USB_DEVICE/App/usbd_desc.o
LOAD ./USB_DEVICE/Target/usbd_conf.o
START GROUP
LOAD d:/stm32/stm32cubeide_1.7.0/stm32cubeide/plugins/com.st.stm32cube.ide.mcu.externaltools.gnu-tools-for-stm32.9-2020-q2-update.win32_2.0.0.202105311346/tools/bin/../lib/gcc/arm-none-eabi/9.3.1/../../../../arm-none-eabi/lib/thumb/v6-m/nofp\libc_nano.a
LOAD d:/stm32/stm32cubeide_1.7.0/stm32cubeide/plugins/com.st.stm32cube.ide.mcu.externaltools.gnu-tools-for-stm32.9-2020-q2-update.win32_2.0.0.202105311346/tools/bin/../lib/gcc/arm-none-eabi/9.3.1/../../../../arm-none-eabi/lib/thumb/v6-m/nofp\libm.a
END GROUP
START GROUP
LOAD d:/stm32/stm32cubeide_1.7.0/stm32cubeide/plugins/com.st.stm32cube.ide.mcu.externaltools.gnu-tools-for-stm32.9-2020-q2-update.win32_2.0.0.202105311346/tools/bin/../lib/gcc/arm-none-eabi/9.3.1/thumb/v6-m/nofp\libgcc.a
LOAD d:/stm32/stm32cubeide_1.7.0/stm32cubeide/plugins/com.st.stm32cube.ide.mcu.externaltools.gnu-tools-for-stm32.9-2020-q2-update.win32_2.0.0.202105311346/tools/bin/../lib/gcc/arm-none-eabi/9.3.1/../../../../arm-none-eabi/lib/thumb/v6-m/nofp\libc_nano.a
END GROUP
START GROUP
LOAD d:/stm32/stm32cubeide_1.7.0/stm32cubeide/plugins/com.st.stm32cube.ide.mcu.externaltools.gnu-tools-for-stm32.9-2020-q2-update.win32_2.0.0.202105311346/tools/bin/../lib/gcc/arm-none-eabi/9.3.1/thumb/v6-m/nofp\libgcc.a
LOAD d:/stm32/stm32cubeide_1.7.0/stm32cubeide/plugins/com.st.stm32cube.ide.mcu.externaltools.gnu-tools-for-stm32.9-2020-q2-update.win32_2.0.0.202105311346/tools/bin/../lib/gcc/arm-none-eabi/9.3.1/../../../../arm-none-eabi/lib/thumb/v6-m/nofp\libc_nano.a
LOAD d:/stm32/stm32cubeide_1.7.0/stm32cubeide/plugins/com.st.stm32cube.ide.mcu.externaltools.gnu-tools-for-stm32.9-2020-q2-update.win32_2.0.0.202105311346/tools/bin/../lib/gcc/arm-none-eabi/9.3.1/../../../../arm-none-eabi/lib/thumb/v6-m/nofp\libnosys.a
END GROUP
START GROUP
LOAD d:/stm32/stm32cubeide_1.7.0/stm32cubeide/plugins/com.st.stm32cube.ide.mcu.externaltools.gnu-tools-for-stm32.9-2020-q2-update.win32_2.0.0.202105311346/tools/bin/../lib/gcc/arm-none-eabi/9.3.1/thumb/v6-m/nofp\libgcc.a
LOAD d:/stm32/stm32cubeide_1.7.0/stm32cubeide/plugins/com.st.stm32cube.ide.mcu.externaltools.gnu-tools-for-stm32.9-2020-q2-update.win32_2.0.0.202105311346/tools/bin/../lib/gcc/arm-none-eabi/9.3.1/../../../../arm-none-eabi/lib/thumb/v6-m/nofp\libc_nano.a
LOAD d:/stm32/stm32cubeide_1.7.0/stm32cubeide/plugins/com.st.stm32cube.ide.mcu.externaltools.gnu-tools-for-stm32.9-2020-q2-update.win32_2.0.0.202105311346/tools/bin/../lib/gcc/arm-none-eabi/9.3.1/../../../../arm-none-eabi/lib/thumb/v6-m/nofp\libnosys.a
END GROUP
LOAD d:/stm32/stm32cubeide_1.7.0/stm32cubeide/plugins/com.st.stm32cube.ide.mcu.externaltools.gnu-tools-for-stm32.9-2020-q2-update.win32_2.0.0.202105311346/tools/bin/../lib/gcc/arm-none-eabi/9.3.1/thumb/v6-m/nofp/crtend.o
LOAD d:/stm32/stm32cubeide_1.7.0/stm32cubeide/plugins/com.st.stm32cube.ide.mcu.externaltools.gnu-tools-for-stm32.9-2020-q2-update.win32_2.0.0.202105311346/tools/bin/../lib/gcc/arm-none-eabi/9.3.1/thumb/v6-m/nofp/crtn.o
                0x0000000020004000                _estack = (ORIGIN (RAM) + LENGTH (RAM))
                0x0000000000000200                _Min_Heap_Size = 0x200
                0x0000000000000400                _Min_Stack_Size = 0x400

.isr_vector     0x0000000008000000       0xc0
                0x0000000008000000                . = ALIGN (0x4)
 *(.isr_vector)
 .isr_vector    0x0000000008000000       0xc0 ./Core/Startup/startup_stm32f070cbtx.o
                0x0000000008000000                g_pfnVectors
                0x00000000080000c0                . = ALIGN (0x4)

.text           0x00000000080000c0    0x12e88
                0x00000000080000c0                . = ALIGN (0x4)
 *(.text)
 .text          0x00000000080000c0       0x48 d:/stm32/stm32cubeide_1.7.0/stm32cubeide/plugins/com.st.stm32cube.ide.mcu.externaltools.gnu-tools-for-stm32.9-2020-q2-update.win32_2.0.0.202105311346/tools/bin/../lib/gcc/arm-none-eabi/9.3.1/thumb/v6-m/nofp/crtbegin.o
 .text          0x0000000008000108        0xe d:/stm32/stm32cubeide_1.7.0/stm32cubeide/plugins/com.st.stm32cube.ide.mcu.externaltools.gnu-tools-for-stm32.9-2020-q2-update.win32_2.0.0.202105311346/tools/bin/../lib/gcc/arm-none-eabi/9.3.1/../../../../arm-none-eabi/lib/thumb/v6-m/nofp\libc_nano.a(lib_a-strlen.o)
                0x0000000008000108                strlen
 .text          0x0000000008000116       0x14 d:/stm32/stm32cubeide_1.7.0/stm32cubeide/plugins/com.st.stm32cube.ide.mcu.externaltools.gnu-tools-for-stm32.9-2020-q2-update.win32_2.0.0.202105311346/tools/bin/../lib/gcc/arm-none-eabi/9.3.1/../../../../arm-none-eabi/lib/thumb/v6-m/nofp\libc_nano.a(lib_a-strcmp.o)
                0x0000000008000116                strcmp
 *fill*         0x000000000800012a        0x2 
 .text          0x000000000800012c       0x14 d:/stm32/stm32cubeide_1.7.0/stm32cubeide/plugins/com.st.stm32cube.ide.mcu.externaltools.gnu-tools-for-stm32.9-2020-q2-update.win32_2.0.0.202105311346/tools/bin/../lib/gcc/arm-none-eabi/9.3.1/thumb/v6-m/nofp\libgcc.a(_thumb1_case_shi.o)
                0x000000000800012c                __gnu_thumb1_case_shi
 .text          0x0000000008000140      0x114 d:/stm32/stm32cubeide_1.7.0/stm32cubeide/plugins/com.st.stm32cube.ide.mcu.externaltools.gnu-tools-for-stm32.9-2020-q2-update.win32_2.0.0.202105311346/tools/bin/../lib/gcc/arm-none-eabi/9.3.1/thumb/v6-m/nofp\libgcc.a(_udivsi3.o)
                0x0000000008000140                __aeabi_uidiv
                0x0000000008000140                __udivsi3
                0x000000000800024c                __aeabi_uidivmod
 .text          0x0000000008000254      0x1d4 d:/stm32/stm32cubeide_1.7.0/stm32cubeide/plugins/com.st.stm32cube.ide.mcu.externaltools.gnu-tools-for-stm32.9-2020-q2-update.win32_2.0.0.202105311346/tools/bin/../lib/gcc/arm-none-eabi/9.3.1/thumb/v6-m/nofp\libgcc.a(_divsi3.o)
                0x0000000008000254                __divsi3
                0x0000000008000254                __aeabi_idiv
                0x0000000008000420                __aeabi_idivmod
 .text          0x0000000008000428        0x4 d:/stm32/stm32cubeide_1.7.0/stm32cubeide/plugins/com.st.stm32cube.ide.mcu.externaltools.gnu-tools-for-stm32.9-2020-q2-update.win32_2.0.0.202105311346/tools/bin/../lib/gcc/arm-none-eabi/9.3.1/thumb/v6-m/nofp\libgcc.a(_dvmd_tls.o)
                0x0000000008000428                __aeabi_idiv0
                0x0000000008000428                __aeabi_ldiv0
 .text          0x000000000800042c       0x50 d:/stm32/stm32cubeide_1.7.0/stm32cubeide/plugins/com.st.stm32cube.ide.mcu.externaltools.gnu-tools-for-stm32.9-2020-q2-update.win32_2.0.0.202105311346/tools/bin/../lib/gcc/arm-none-eabi/9.3.1/thumb/v6-m/nofp\libgcc.a(_muldi3.o)
                0x000000000800042c                __muldi3
                0x000000000800042c                __aeabi_lmul
 *(.text*)
 .text.beep     0x000000000800047c       0x6c ./Core/Src/beeper.o
                0x000000000800047c                beep
 .text.beep_init
                0x00000000080004e8       0xbc ./Core/Src/beeper.o
                0x00000000080004e8                beep_init
 .text.__NVIC_SystemReset
                0x00000000080005a4       0x24 ./Core/Src/cmmain.o
 .text.cmmain   0x00000000080005c8      0x2dc ./Core/Src/cmmain.o
                0x00000000080005c8                cmmain
 .text.compare_cvs
                0x00000000080008a4       0xcc ./Core/Src/cmmain.o
                0x00000000080008a4                compare_cvs
 .text.configuration_service
                0x0000000008000970      0x138 ./Core/Src/cmmain.o
                0x0000000008000970                configuration_service
 .text.convert_to_epoch
                0x0000000008000aa8      0x168 ./Core/Src/cmmain.o
                0x0000000008000aa8                convert_to_epoch
 .text.dma_ch4_5_ih
                0x0000000008000c10       0x30 ./Core/Src/cmmain.o
                0x0000000008000c10                dma_ch4_5_ih
 .text.crash    0x0000000008000c40        0x8 ./Core/Src/cmmain.o
                0x0000000008000c40                crash
 .text.erase_all_records
                0x0000000008000c48       0x40 ./Core/Src/cmmain.o
                0x0000000008000c48                erase_all_records
 .text.flush_array
                0x0000000008000c88       0x46 ./Core/Src/cmmain.o
                0x0000000008000c88                flush_array
 *fill*         0x0000000008000cce        0x2 
 .text.json_get_value
                0x0000000008000cd0      0x238 ./Core/Src/cmmain.o
                0x0000000008000cd0                json_get_value
 .text.ping_response
                0x0000000008000f08      0x224 ./Core/Src/cmmain.o
                0x0000000008000f08                ping_response
 .text.publish_meter_readings
                0x000000000800112c      0x620 ./Core/Src/cmmain.o
                0x000000000800112c                publish_meter_readings
 .text.store_devinfo_to_flash
                0x000000000800174c       0x8c ./Core/Src/cmmain.o
                0x000000000800174c                store_devinfo_to_flash
 .text.store_records_to_flash
                0x00000000080017d8       0xf4 ./Core/Src/cmmain.o
                0x00000000080017d8                store_records_to_flash
 .text.explode_string
                0x00000000080018cc      0x144 ./Core/Src/cmmain.o
 .text.read_clock_from_flash
                0x0000000008001a10      0x1d4 ./Core/Src/cmmain.o
 .text.read_devinfo_from_flash
                0x0000000008001be4      0x180 ./Core/Src/cmmain.o
 .text.read_runtime_parameters_from_flash
                0x0000000008001d64      0x168 ./Core/Src/cmmain.o
 .text.read_settings_from_flash
                0x0000000008001ecc      0x410 ./Core/Src/cmmain.o
 .text.state_machine
                0x00000000080022dc       0x9e ./Core/Src/cmmain.o
 *fill*         0x000000000800237a        0x2 
 .text.store_clock_to_flash
                0x000000000800237c       0xdc ./Core/Src/cmmain.o
 .text.store_runtime_parameters_to_flash
                0x0000000008002458       0xb8 ./Core/Src/cmmain.o
 .text.store_settings_to_flash
                0x0000000008002510      0x10c ./Core/Src/cmmain.o
 .text.cons_init
                0x000000000800261c       0x28 ./Core/Src/console.o
                0x000000000800261c                cons_init
 .text.cons_task
                0x0000000008002644      0x110 ./Core/Src/console.o
                0x0000000008002644                cons_task
 .text.debug_printf
                0x0000000008002754      0x488 ./Core/Src/debug.o
                0x0000000008002754                debug_printf
 .text.debug_write_fixed
                0x0000000008002bdc       0x30 ./Core/Src/debug.o
                0x0000000008002bdc                debug_write_fixed
 .text.format_du
                0x0000000008002c0c      0x170 ./Core/Src/debug.o
 .text.format_x
                0x0000000008002d7c      0x138 ./Core/Src/debug.o
 .text.store_curchar
                0x0000000008002eb4       0x4c ./Core/Src/debug.o
 .text.esp_init
                0x0000000008002f00      0x144 ./Core/Src/espif.o
                0x0000000008002f00                esp_init
 .text.esp_power_on
                0x0000000008003044        0xa ./Core/Src/espif.o
                0x0000000008003044                esp_power_on
 *fill*         0x000000000800304e        0x2 
 .text.esp_receive
                0x0000000008003050       0xac ./Core/Src/espif.o
                0x0000000008003050                esp_receive
 .text.esp_rxflush
                0x00000000080030fc       0x30 ./Core/Src/espif.o
                0x00000000080030fc                esp_rxflush
 .text.esp_task
                0x000000000800312c      0x710 ./Core/Src/espif.o
                0x000000000800312c                esp_task
 .text.esp_transmit
                0x000000000800383c       0xc0 ./Core/Src/espif.o
                0x000000000800383c                esp_transmit
 .text.esp_timer_ih
                0x00000000080038fc       0x38 ./Core/Src/espif.o
                0x00000000080038fc                esp_timer_ih
 .text.esp_uart_ih
                0x0000000008003934      0x134 ./Core/Src/espif.o
                0x0000000008003934                esp_uart_ih
 .text.set_timer
                0x0000000008003a68       0x24 ./Core/Src/espif.o
 .text.espat_answer
                0x0000000008003a8c       0x14 ./Core/Src/espifat.o
                0x0000000008003a8c                espat_answer
 .text.espat_init
                0x0000000008003aa0       0xb4 ./Core/Src/espifat.o
                0x0000000008003aa0                espat_init
 .text.espat_request
                0x0000000008003b54       0x2c ./Core/Src/espifat.o
                0x0000000008003b54                espat_request
 .text.espat_timer_ih
                0x0000000008003b80       0x24 ./Core/Src/espifat.o
                0x0000000008003b80                espat_timer_ih
 .text.e_always
                0x0000000008003ba4        0xc ./Core/Src/espifat.o
 .text.e_gotmeter
                0x0000000008003bb0       0x18 ./Core/Src/espifat.o
 .text.e_gotmymeter
                0x0000000008003bc8       0x5c ./Core/Src/espifat.o
 .text.e_morerecs
                0x0000000008003c24       0x30 ./Core/Src/espifat.o
 .text.e_rcvbusy
                0x0000000008003c54       0x1c ./Core/Src/espifat.o
 .text.e_rcverr
                0x0000000008003c70       0x38 ./Core/Src/espifat.o
 .text.e_rcvok  0x0000000008003ca8       0x18 ./Core/Src/espifat.o
 .text.e_rcvtimout
                0x0000000008003cc0       0x1c ./Core/Src/espifat.o
 .text.e_reqapmode
                0x0000000008003cdc       0x2c ./Core/Src/espifat.o
 .text.e_reqconnect
                0x0000000008003d08       0x2c ./Core/Src/espifat.o
 .text.e_reqnone
                0x0000000008003d34       0x18 ./Core/Src/espifat.o
 .text.e_reqpower
                0x0000000008003d4c       0x2c ./Core/Src/espifat.o
 .text.e_reqpwrdown
                0x0000000008003d78       0x2c ./Core/Src/espifat.o
 .text.e_reqsendrecs
                0x0000000008003da4       0x2c ./Core/Src/espifat.o
 .text.e_rxate0
                0x0000000008003dd0       0x30 ./Core/Src/espifat.o
 .text.e_rxauthcpl
                0x0000000008003e00       0x64 ./Core/Src/espifat.o
 .text.e_rxblegetc
                0x0000000008003e64       0x24 ./Core/Src/espifat.o
 .text.e_rxclose
                0x0000000008003e88       0x24 ./Core/Src/espifat.o
 .text.e_rxconnfail
                0x0000000008003eac       0x24 ./Core/Src/espifat.o
 .text.e_rxconnect
                0x0000000008003ed0       0x24 ./Core/Src/espifat.o
 .text.e_rxconnok
                0x0000000008003ef4       0x70 ./Core/Src/espifat.o
 .text.e_rxcr   0x0000000008003f64       0x30 ./Core/Src/espifat.o
 .text.e_rxdisconn
                0x0000000008003f94       0x24 ./Core/Src/espifat.o
 .text.e_rxerror
                0x0000000008003fb8       0x24 ./Core/Src/espifat.o
 .text.e_rxgdc  0x0000000008003fdc       0x34 ./Core/Src/espifat.o
 .text.e_rxgt   0x0000000008004010       0x28 ./Core/Src/espifat.o
 .text.e_rxmeter
                0x0000000008004038       0x24 ./Core/Src/espifat.o
 .text.e_rxmodel
                0x000000000800405c       0x34 ./Core/Src/espifat.o
 .text.e_rxok   0x0000000008004090       0x30 ./Core/Src/espifat.o
 .text.e_rxpair
                0x00000000080040c0       0x34 ./Core/Src/espifat.o
 .text.e_rxprimsvc
                0x00000000080040f4       0x24 ./Core/Src/espifat.o
 .text.e_rxrdy  0x0000000008004118       0x38 ./Core/Src/espifat.o
 .text.e_rxreccnt
                0x0000000008004150       0x3c ./Core/Src/espifat.o
 .text.e_rxrecord
                0x000000000800418c       0x24 ./Core/Src/espifat.o
 .text.e_rxseckeytype
                0x00000000080041b0       0x24 ./Core/Src/espifat.o
 .text.e_rxscan1
                0x00000000080041d4       0x34 ./Core/Src/espifat.o
 .text.e_rxserial
                0x0000000008004208       0x34 ./Core/Src/espifat.o
 .text.a_ansapmode
                0x000000000800423c       0x20 ./Core/Src/espifat.o
 .text.a_ansconnected
                0x000000000800425c       0x20 ./Core/Src/espifat.o
 .text.a_ansnopower
                0x000000000800427c       0x20 ./Core/Src/espifat.o
 .text.a_anspaired
                0x000000000800429c       0x14 ./Core/Src/espifat.o
 .text.a_anspowered
                0x00000000080042b0       0x20 ./Core/Src/espifat.o
 .text.a_flushrx
                0x00000000080042d0        0xe ./Core/Src/espifat.o
 *fill*         0x00000000080042de        0x2 
 .text.a_inccount
                0x00000000080042e0       0x18 ./Core/Src/espifat.o
 .text.a_initcount
                0x00000000080042f8       0x14 ./Core/Src/espifat.o
 .text.a_initvars
                0x000000000800430c        0xa ./Core/Src/espifat.o
 .text.a_nop    0x0000000008004316        0xa ./Core/Src/espifat.o
 .text.a_powerdn
                0x0000000008004320       0x58 ./Core/Src/espifat.o
 .text.a_powerup
                0x0000000008004378       0x68 ./Core/Src/espifat.o
 .text.a_rcvdata
                0x00000000080043e0       0x30 ./Core/Src/espifat.o
 .text.a_rcvscan
                0x0000000008004410       0x30 ./Core/Src/espifat.o
 .text.a_savedevinfo
                0x0000000008004440       0x44 ./Core/Src/espifat.o
 .text.a_savegdc
                0x0000000008004484        0xa ./Core/Src/espifat.o
 *fill*         0x000000000800448e        0x2 
 .text.a_savemeter
                0x0000000008004490       0x3c ./Core/Src/espifat.o
 .text.a_savemodel
                0x00000000080044cc       0x4c ./Core/Src/espifat.o
 .text.a_savepkey
                0x0000000008004518       0x54 ./Core/Src/espifat.o
 .text.a_saveprimsvc
                0x000000000800456c        0xa ./Core/Src/espifat.o
 *fill*         0x0000000008004576        0x2 
 .text.a_savereccnt
                0x0000000008004578       0x40 ./Core/Src/espifat.o
 .text.a_saverecord
                0x00000000080045b8       0x4c ./Core/Src/espifat.o
 .text.a_saveserial
                0x0000000008004604       0x4c ./Core/Src/espifat.o
 .text.a_trate0
                0x0000000008004650       0xb8 ./Core/Src/espifat.o
 .text.a_trbleencdevq
                0x0000000008004708        0xa ./Core/Src/espifat.o
 *fill*         0x0000000008004712        0x2 
 .text.a_trbleinit1
                0x0000000008004714       0x54 ./Core/Src/espifat.o
 .text.a_trblename
                0x0000000008004768       0x68 ./Core/Src/espifat.o
 .text.a_trcipap
                0x00000000080047d0       0x54 ./Core/Src/espifat.o
 .text.a_trcipapq
                0x0000000008004824       0x54 ./Core/Src/espifat.o
 .text.a_trcipmux
                0x0000000008004878       0x50 ./Core/Src/espifat.o
 .text.a_trcipsvr
                0x00000000080048c8       0x50 ./Core/Src/espifat.o
 .text.a_trcwmode0
                0x0000000008004918       0x50 ./Core/Src/espifat.o
 .text.a_trcwmode3
                0x0000000008004968       0x50 ./Core/Src/espifat.o
 .text.a_trcwsap
                0x00000000080049b8       0x70 ./Core/Src/espifat.o
 .text.a_trgattcwr1
                0x0000000008004a28       0x54 ./Core/Src/espifat.o
 .text.a_trgattcwr2
                0x0000000008004a7c       0x54 ./Core/Src/espifat.o
 .text.a_trgattcwr3
                0x0000000008004ad0       0x54 ./Core/Src/espifat.o
 .text.a_trgattcwr4
                0x0000000008004b24       0x54 ./Core/Src/espifat.o
 .text.a_trgmr  0x0000000008004b78       0x54 ./Core/Src/espifat.o
 .text.a_trmsg1
                0x0000000008004bcc       0x54 ./Core/Src/espifat.o
 .text.a_tx0401
                0x0000000008004c20       0x24 ./Core/Src/espifat.o
 .text.a_tx1    0x0000000008004c44       0x18 ./Core/Src/espifat.o
 .text.a_tx2    0x0000000008004c5c       0x18 ./Core/Src/espifat.o
 .text.a_txbleconn
                0x0000000008004c74       0x38 ./Core/Src/espifat.o
 .text.a_txbledisconn
                0x0000000008004cac       0x18 ./Core/Src/espifat.o
 .text.a_txbleenc3
                0x0000000008004cc4       0x18 ./Core/Src/espifat.o
 .text.a_txbleencclr
                0x0000000008004cdc       0x18 ./Core/Src/espifat.o
 .text.a_txblegdc
                0x0000000008004cf4       0x18 ./Core/Src/espifat.o
 .text.a_txblegetc2
                0x0000000008004d0c       0x18 ./Core/Src/espifat.o
 .text.a_txbleinit0
                0x0000000008004d24       0x18 ./Core/Src/espifat.o
 .text.a_txblekeyrep
                0x0000000008004d3c       0x38 ./Core/Src/espifat.o
 .text.a_txblemodel
                0x0000000008004d74       0x18 ./Core/Src/espifat.o
 .text.a_txbleprimsvc
                0x0000000008004d8c       0x18 ./Core/Src/espifat.o
 .text.a_txblescan0
                0x0000000008004da4       0x18 ./Core/Src/espifat.o
 .text.a_txblescan1
                0x0000000008004dbc       0x18 ./Core/Src/espifat.o
 .text.a_txblescan2
                0x0000000008004dd4       0x38 ./Core/Src/espifat.o
 .text.a_txblescanp
                0x0000000008004e0c       0x18 ./Core/Src/espifat.o
 .text.a_txblesecp
                0x0000000008004e24       0x18 ./Core/Src/espifat.o
 .text.a_txblesecp2
                0x0000000008004e3c       0x18 ./Core/Src/espifat.o
 .text.a_txbleserial
                0x0000000008004e54       0x18 ./Core/Src/espifat.o
 .text.a_txstartrecs
                0x0000000008004e6c       0x18 ./Core/Src/espifat.o
 .text.a_writerecs
                0x0000000008004e84       0x1c ./Core/Src/espifat.o
 .text.compare  0x0000000008004ea0       0x50 ./Core/Src/espifat.o
 .text.esp_rcv_ih
                0x0000000008004ef0       0x2c ./Core/Src/espifat.o
 .text.state_trace
                0x0000000008004f1c       0x20 ./Core/Src/espifat.o
 .text.gsm_answer
                0x0000000008004f3c       0x14 ./Core/Src/gsm.o
                0x0000000008004f3c                gsm_answer
 .text.gsm_init
                0x0000000008004f50       0x48 ./Core/Src/gsm.o
                0x0000000008004f50                gsm_init
 .text.gsm_request
                0x0000000008004f98       0x2c ./Core/Src/gsm.o
                0x0000000008004f98                gsm_request
 .text.gsm_timer_ih
                0x0000000008004fc4       0x24 ./Core/Src/gsm.o
                0x0000000008004fc4                gsm_timer_ih
 .text.e_always
                0x0000000008004fe8        0xc ./Core/Src/gsm.o
 .text.e_eof    0x0000000008004ff4       0x30 ./Core/Src/gsm.o
 .text.e_equalcvs
                0x0000000008005024       0x18 ./Core/Src/gsm.o
 .text.e_outidle
                0x000000000800503c       0x18 ./Core/Src/gsm.o
 .text.e_pingok
                0x0000000008005054       0x5c ./Core/Src/gsm.o
 .text.e_rcverr
                0x00000000080050b0       0x38 ./Core/Src/gsm.o
 .text.e_rcvovflow
                0x00000000080050e8       0x1c ./Core/Src/gsm.o
 .text.e_rcvok  0x0000000008005104       0x18 ./Core/Src/gsm.o
 .text.e_rcvtimout
                0x000000000800511c       0x1c ./Core/Src/gsm.o
 .text.e_reqclock
                0x0000000008005138       0x2c ./Core/Src/gsm.o
 .text.e_reqconnect
                0x0000000008005164       0x2c ./Core/Src/gsm.o
 .text.e_reqdisconn
                0x0000000008005190       0x2c ./Core/Src/gsm.o
 .text.e_reqnone
                0x00000000080051bc       0x18 ./Core/Src/gsm.o
 .text.e_reqping
                0x00000000080051d4       0x2c ./Core/Src/gsm.o
 .text.e_reqpower
                0x0000000008005200       0x2c ./Core/Src/gsm.o
 .text.e_reqpwrdown
                0x000000000800522c       0x2c ./Core/Src/gsm.o
 .text.e_reqrdtwin
                0x0000000008005258       0x2c ./Core/Src/gsm.o
 .text.e_reqrecords
                0x0000000008005284       0x2c ./Core/Src/gsm.o
 .text.e_requpdcfg
                0x00000000080052b0       0x2c ./Core/Src/gsm.o
 .text.e_requpdtwin
                0x00000000080052dc       0x2c ./Core/Src/gsm.o
 .text.e_rxccid
                0x0000000008005308       0x24 ./Core/Src/gsm.o
 .text.e_rxconnect
                0x000000000800532c       0x24 ./Core/Src/gsm.o
 .text.e_rxconnok
                0x0000000008005350       0x24 ./Core/Src/gsm.o
 .text.e_rxcr   0x0000000008005374       0x1c ./Core/Src/gsm.o
 .text.e_rxcsq  0x0000000008005390       0x24 ./Core/Src/gsm.o
 .text.e_rxgt   0x00000000080053b4       0x28 ./Core/Src/gsm.o
 .text.e_rximei
                0x00000000080053dc       0x28 ./Core/Src/gsm.o
 .text.e_rximsi
                0x0000000008005404       0x28 ./Core/Src/gsm.o
 .text.e_rxjsonend
                0x000000000800542c       0x54 ./Core/Src/gsm.o
 .text.e_rxok   0x0000000008005480       0x30 ./Core/Src/gsm.o
 .text.e_rxopenok
                0x00000000080054b0       0x24 ./Core/Src/gsm.o
 .text.e_rxqcfg
                0x00000000080054d4       0x24 ./Core/Src/gsm.o
 .text.e_rxqhtget
                0x00000000080054f8       0x24 ./Core/Src/gsm.o
 .text.e_rxqhtpost
                0x000000000800551c       0x24 ./Core/Src/gsm.o
 .text.e_rxqhtrdfile
                0x0000000008005540       0x24 ./Core/Src/gsm.o
 .text.e_rxqmtclose
                0x0000000008005564       0x24 ./Core/Src/gsm.o
 .text.e_rxqmtdisc
                0x0000000008005588       0x24 ./Core/Src/gsm.o
 .text.e_rxqmtpub
                0x00000000080055ac       0x24 ./Core/Src/gsm.o
 .text.e_rxqmtrecv
                0x00000000080055d0       0x24 ./Core/Src/gsm.o
 .text.e_rxqmtsub
                0x00000000080055f4       0x24 ./Core/Src/gsm.o
 .text.e_rxtime
                0x0000000008005618       0x34 ./Core/Src/gsm.o
 .text.e_timeout
                0x000000000800564c       0x1c ./Core/Src/gsm.o
 .text.e_updcacert
                0x0000000008005668       0x18 ./Core/Src/gsm.o
 .text.e_updclcert
                0x0000000008005680       0x18 ./Core/Src/gsm.o
 .text.e_updclkey
                0x0000000008005698       0x18 ./Core/Src/gsm.o
 .text.e_updfver
                0x00000000080056b0       0x18 ./Core/Src/gsm.o
 .text.e_updmver
                0x00000000080056c8       0x18 ./Core/Src/gsm.o
 .text.e_updsconfig
                0x00000000080056e0       0x18 ./Core/Src/gsm.o
 .text.a_accumjson
                0x00000000080056f8       0x8c ./Core/Src/gsm.o
 .text.a_ansbadcfg
                0x0000000008005784       0x14 ./Core/Src/gsm.o
 .text.a_ansconnected
                0x0000000008005798       0x14 ./Core/Src/gsm.o
 .text.a_ansinprogress
                0x00000000080057ac       0x14 ./Core/Src/gsm.o
 .text.a_ansnopower
                0x00000000080057c0       0x14 ./Core/Src/gsm.o
 .text.a_anspowered
                0x00000000080057d4       0x14 ./Core/Src/gsm.o
 .text.a_buildpost
                0x00000000080057e8       0xd0 ./Core/Src/gsm.o
 .text.a_clrupdca
                0x00000000080058b8       0x14 ./Core/Src/gsm.o
 .text.a_clrupdcc
                0x00000000080058cc       0x14 ./Core/Src/gsm.o
 .text.a_clrupdck
                0x00000000080058e0       0x14 ./Core/Src/gsm.o
 .text.a_clrupdfv
                0x00000000080058f4       0x14 ./Core/Src/gsm.o
 .text.a_clrupdmv
                0x0000000008005908       0x14 ./Core/Src/gsm.o
 .text.a_clrupdsc
                0x000000000800591c       0x14 ./Core/Src/gsm.o
 .text.a_flushrx
                0x0000000008005930        0xe ./Core/Src/gsm.o
 *fill*         0x000000000800593e        0x2 
 .text.a_increcnum
                0x0000000008005940       0x18 ./Core/Src/gsm.o
 .text.a_initjson
                0x0000000008005958       0x44 ./Core/Src/gsm.o
 .text.a_initrecnum
                0x000000000800599c       0x14 ./Core/Src/gsm.o
 .text.a_initvars
                0x00000000080059b0       0x20 ./Core/Src/gsm.o
 .text.a_nop    0x00000000080059d0        0xa ./Core/Src/gsm.o
 *fill*         0x00000000080059da        0x2 
 .text.a_powerdn
                0x00000000080059dc       0x2c ./Core/Src/gsm.o
 .text.a_powerup
                0x0000000008005a08       0x44 ./Core/Src/gsm.o
 .text.a_processjson
                0x0000000008005a4c        0xe ./Core/Src/gsm.o
 *fill*         0x0000000008005a5a        0x2 
 .text.a_processping
                0x0000000008005a5c       0x1c ./Core/Src/gsm.o
 .text.a_processsc
                0x0000000008005a78        0xe ./Core/Src/gsm.o
 *fill*         0x0000000008005a86        0x2 
 .text.a_rcvdata
                0x0000000008005a88       0x34 ./Core/Src/gsm.o
 .text.a_rcvqmt
                0x0000000008005abc       0x34 ./Core/Src/gsm.o
 .text.a_reset  0x0000000008005af0       0x34 ./Core/Src/gsm.o
 .text.a_saveccid
                0x0000000008005b24       0x54 ./Core/Src/gsm.o
 .text.a_savegmr
                0x0000000008005b78       0x68 ./Core/Src/gsm.o
 .text.a_saveimei
                0x0000000008005be0       0x3c ./Core/Src/gsm.o
 .text.a_saveimsi
                0x0000000008005c1c       0x3c ./Core/Src/gsm.o
 .text.a_savetime
                0x0000000008005c58       0x28 ./Core/Src/gsm.o
 .text.a_tmr10  0x0000000008005c80       0x20 ./Core/Src/gsm.o
 .text.a_trapn  0x0000000008005ca0       0x54 ./Core/Src/gsm.o
 .text.a_trate0
                0x0000000008005cf4       0x54 ./Core/Src/gsm.o
 .text.a_trcgreg
                0x0000000008005d48       0x54 ./Core/Src/gsm.o
 .text.a_trcimi
                0x0000000008005d9c       0x54 ./Core/Src/gsm.o
 .text.a_trcreg
                0x0000000008005df0       0x54 ./Core/Src/gsm.o
 .text.a_trcsq  0x0000000008005e44       0x54 ./Core/Src/gsm.o
 .text.a_trgmr  0x0000000008005e98       0x54 ./Core/Src/gsm.o
 .text.a_trgsn  0x0000000008005eec       0x54 ./Core/Src/gsm.o
 .text.a_trhtcfgc
                0x0000000008005f40       0x54 ./Core/Src/gsm.o
 .text.a_trhtcfgrqh
                0x0000000008005f94       0x54 ./Core/Src/gsm.o
 .text.a_trhtcfgrqh2
                0x0000000008005fe8       0x54 ./Core/Src/gsm.o
 .text.a_trhtget
                0x000000000800603c       0x54 ./Core/Src/gsm.o
 .text.a_trhtpost1
                0x0000000008006090       0x78 ./Core/Src/gsm.o
 .text.a_trhtpost2
                0x0000000008006108       0x5c ./Core/Src/gsm.o
 .text.a_trhtrdfile
                0x0000000008006164       0x54 ./Core/Src/gsm.o
 .text.a_trhtrdfile2
                0x00000000080061b8       0x54 ./Core/Src/gsm.o
 .text.a_trhtrdfile3
                0x000000000800620c       0x54 ./Core/Src/gsm.o
 .text.a_trhtread
                0x0000000008006260       0x54 ./Core/Src/gsm.o
 .text.a_trhturl2
                0x00000000080062b4       0x5c ./Core/Src/gsm.o
 .text.a_trhturlca
                0x0000000008006310       0x98 ./Core/Src/gsm.o
 .text.a_trhturlcc
                0x00000000080063a8       0x98 ./Core/Src/gsm.o
 .text.a_trhturlck
                0x0000000008006440       0x98 ./Core/Src/gsm.o
 .text.a_trhturlp
                0x00000000080064d8       0x90 ./Core/Src/gsm.o
 .text.a_trhturlsc
                0x0000000008006568       0x98 ./Core/Src/gsm.o
 .text.a_trmsg1
                0x0000000008006600       0x54 ./Core/Src/gsm.o
 .text.a_trqccid
                0x0000000008006654       0x54 ./Core/Src/gsm.o
 .text.a_trqcfg
                0x00000000080066a8       0x54 ./Core/Src/gsm.o
 .text.a_trqiact
                0x00000000080066fc       0x54 ./Core/Src/gsm.o
 .text.a_trqmtcfg1
                0x0000000008006750       0x54 ./Core/Src/gsm.o
 .text.a_trqmtcfg2
                0x00000000080067a4       0x54 ./Core/Src/gsm.o
 .text.a_trqmtclose
                0x00000000080067f8       0x54 ./Core/Src/gsm.o
 .text.a_trqmtconn
                0x000000000800684c       0x80 ./Core/Src/gsm.o
 .text.a_trqmtdisc
                0x00000000080068cc       0x54 ./Core/Src/gsm.o
 .text.a_trqmtopen
                0x0000000008006920       0x78 ./Core/Src/gsm.o
 .text.a_trqmtpub
                0x0000000008006998       0x74 ./Core/Src/gsm.o
 .text.a_trqmtpub2
                0x0000000008006a0c       0x74 ./Core/Src/gsm.o
 .text.a_trqmtpub3
                0x0000000008006a80       0x74 ./Core/Src/gsm.o
 .text.a_trqmtsub
                0x0000000008006af4       0x74 ./Core/Src/gsm.o
 .text.a_trqntp
                0x0000000008006b68       0x54 ./Core/Src/gsm.o
 .text.a_trqssl1
                0x0000000008006bbc       0x54 ./Core/Src/gsm.o
 .text.a_trqssl2
                0x0000000008006c10       0x54 ./Core/Src/gsm.o
 .text.a_trqssl3
                0x0000000008006c64       0x54 ./Core/Src/gsm.o
 .text.a_trqssl4
                0x0000000008006cb8       0x54 ./Core/Src/gsm.o
 .text.a_trqssl5
                0x0000000008006d0c       0x54 ./Core/Src/gsm.o
 .text.a_trqssl6
                0x0000000008006d60       0x54 ./Core/Src/gsm.o
 .text.a_trqurccfg
                0x0000000008006db4       0x54 ./Core/Src/gsm.o
 .text.a_txnul  0x0000000008006e08       0x18 ./Core/Src/gsm.o
 .text.a_txrecord
                0x0000000008006e20       0x30 ./Core/Src/gsm.o
 .text.a_txsub  0x0000000008006e50       0x20 ./Core/Src/gsm.o
 .text.a_txtwin
                0x0000000008006e70       0x68 ./Core/Src/gsm.o
 .text.compare  0x0000000008006ed8       0x50 ./Core/Src/gsm.o
 .text.gsm_rcv_ih
                0x0000000008006f28       0x2c ./Core/Src/gsm.o
 .text.state_trace
                0x0000000008006f54       0x48 ./Core/Src/gsm.o
 .text.led_init
                0x0000000008006f9c       0xc8 ./Core/Src/led.o
                0x0000000008006f9c                led_init
 .text.led_green_set
                0x0000000008007064       0x7c ./Core/Src/led.o
                0x0000000008007064                led_green_set
 .text.led_red_set
                0x00000000080070e0       0x7c ./Core/Src/led.o
                0x00000000080070e0                led_red_set
 .text.led_yellow_set
                0x000000000800715c       0x7c ./Core/Src/led.o
                0x000000000800715c                led_yellow_set
 .text.led_task
                0x00000000080071d8       0x74 ./Core/Src/led.o
                0x00000000080071d8                led_task
 .text.led_timer_ih
                0x000000000800724c       0xf0 ./Core/Src/led.o
                0x000000000800724c                led_timer_ih
 .text.main     0x000000000800733c       0x28 ./Core/Src/main.o
                0x000000000800733c                main
 .text.SystemClock_Config
                0x0000000008007364       0xd8 ./Core/Src/main.o
                0x0000000008007364                SystemClock_Config
 .text.MX_RTC_Init
                0x000000000800743c       0xc4 ./Core/Src/main.o
 .text.MX_SPI1_Init
                0x0000000008007500       0x7c ./Core/Src/main.o
                0x0000000008007500                MX_SPI1_Init
 .text.Error_Handler
                0x000000000800757c        0xa ./Core/Src/main.o
                0x000000000800757c                Error_Handler
 .text.quec_3v8enbl
                0x0000000008007586       0x3e ./Core/Src/quectel.o
                0x0000000008007586                quec_3v8enbl
 .text.quec_init
                0x00000000080075c4      0x1d0 ./Core/Src/quectel.o
                0x00000000080075c4                quec_init
 .text.quec_task
                0x0000000008007794      0x434 ./Core/Src/quectel.o
                0x0000000008007794                quec_task
 .text.quec_outcompl
                0x0000000008007bc8       0x28 ./Core/Src/quectel.o
                0x0000000008007bc8                quec_outcompl
 .text.quec_receive
                0x0000000008007bf0       0xb4 ./Core/Src/quectel.o
                0x0000000008007bf0                quec_receive
 .text.quec_rxflush
                0x0000000008007ca4       0x24 ./Core/Src/quectel.o
                0x0000000008007ca4                quec_rxflush
 .text.quec_transmit
                0x0000000008007cc8       0xcc ./Core/Src/quectel.o
                0x0000000008007cc8                quec_transmit
 .text.quec_dma_ih
                0x0000000008007d94       0x3c ./Core/Src/quectel.o
                0x0000000008007d94                quec_dma_ih
 .text.quec_timer_ih
                0x0000000008007dd0       0x38 ./Core/Src/quectel.o
                0x0000000008007dd0                quec_timer_ih
 .text.quec_uart_ih
                0x0000000008007e08       0x7c ./Core/Src/quectel.o
                0x0000000008007e08                quec_uart_ih
 .text.set_timer
                0x0000000008007e84       0x24 ./Core/Src/quectel.o
 .text.HAL_MspInit
                0x0000000008007ea8       0x58 ./Core/Src/stm32f0xx_hal_msp.o
                0x0000000008007ea8                HAL_MspInit
 .text.HAL_RTC_MspInit
                0x0000000008007f00       0x30 ./Core/Src/stm32f0xx_hal_msp.o
                0x0000000008007f00                HAL_RTC_MspInit
 .text.HAL_SPI_MspInit
                0x0000000008007f30       0xa8 ./Core/Src/stm32f0xx_hal_msp.o
                0x0000000008007f30                HAL_SPI_MspInit
 .text.HAL_UART_MspInit
                0x0000000008007fd8      0x130 ./Core/Src/stm32f0xx_hal_msp.o
                0x0000000008007fd8                HAL_UART_MspInit
 .text.NMI_Handler
                0x0000000008008108        0xa ./Core/Src/stm32f0xx_it.o
                0x0000000008008108                NMI_Handler
 .text.HardFault_Handler
                0x0000000008008112        0x6 ./Core/Src/stm32f0xx_it.o
                0x0000000008008112                HardFault_Handler
 .text.SVC_Handler
                0x0000000008008118        0xa ./Core/Src/stm32f0xx_it.o
                0x0000000008008118                SVC_Handler
 .text.PendSV_Handler
                0x0000000008008122        0xa ./Core/Src/stm32f0xx_it.o
                0x0000000008008122                PendSV_Handler
 .text.SysTick_Handler
                0x000000000800812c       0x26 ./Core/Src/stm32f0xx_it.o
                0x000000000800812c                SysTick_Handler
 .text.RCC_IRQHandler
                0x0000000008008152        0xa ./Core/Src/stm32f0xx_it.o
                0x0000000008008152                RCC_IRQHandler
 .text.TIM6_IRQHandler
                0x000000000800815c       0x18 ./Core/Src/stm32f0xx_it.o
                0x000000000800815c                TIM6_IRQHandler
 .text.TIM7_IRQHandler
                0x0000000008008174       0x18 ./Core/Src/stm32f0xx_it.o
                0x0000000008008174                TIM7_IRQHandler
 .text.SPI1_IRQHandler
                0x000000000800818c       0x18 ./Core/Src/stm32f0xx_it.o
                0x000000000800818c                SPI1_IRQHandler
 .text._sbrk    0x00000000080081a4       0x6c ./Core/Src/sysmem.o
                0x00000000080081a4                _sbrk
 .text.SystemInit
                0x0000000008008210        0xa ./Core/Src/system_stm32f0xx.o
                0x0000000008008210                SystemInit
 *fill*         0x000000000800821a        0x2 
 .text.CDC_Init_FS
                0x000000000800821c       0x30 ./Core/Src/usbcdc.o
                0x000000000800821c                CDC_Init_FS
 .text.CDC_DeInit_FS
                0x000000000800824c        0xc ./Core/Src/usbcdc.o
                0x000000000800824c                CDC_DeInit_FS
 .text.CDC_Control_FS
                0x0000000008008258       0x38 ./Core/Src/usbcdc.o
                0x0000000008008258                CDC_Control_FS
 .text.CDC_Receive_FS
                0x0000000008008290       0x2c ./Core/Src/usbcdc.o
                0x0000000008008290                CDC_Receive_FS
 .text.CDC_Transmit_FS
                0x00000000080082bc       0x60 ./Core/Src/usbcdc.o
                0x00000000080082bc                CDC_Transmit_FS
 .text.USBD_CDC_Init
                0x000000000800831c      0x118 ./Core/Src/usbcdc.o
                0x000000000800831c                USBD_CDC_Init
 .text.USBD_CDC_DeInit
                0x0000000008008434       0x88 ./Core/Src/usbcdc.o
                0x0000000008008434                USBD_CDC_DeInit
 .text.USBD_CDC_Setup
                0x00000000080084bc      0x190 ./Core/Src/usbcdc.o
                0x00000000080084bc                USBD_CDC_Setup
 .text.USBD_CDC_DataIn
                0x000000000800864c       0xb6 ./Core/Src/usbcdc.o
                0x000000000800864c                USBD_CDC_DataIn
 .text.USBD_CDC_DataOut
                0x0000000008008702       0x6a ./Core/Src/usbcdc.o
                0x0000000008008702                USBD_CDC_DataOut
 .text.USBD_CDC_EP0_RxReady
                0x000000000800876c       0x60 ./Core/Src/usbcdc.o
                0x000000000800876c                USBD_CDC_EP0_RxReady
 .text.USBD_CDC_GetFSCfgDesc
                0x00000000080087cc       0x1c ./Core/Src/usbcdc.o
                0x00000000080087cc                USBD_CDC_GetFSCfgDesc
 .text.USBD_CDC_GetHSCfgDesc
                0x00000000080087e8       0x1c ./Core/Src/usbcdc.o
                0x00000000080087e8                USBD_CDC_GetHSCfgDesc
 .text.USBD_CDC_GetOtherSpeedCfgDesc
                0x0000000008008804       0x1c ./Core/Src/usbcdc.o
                0x0000000008008804                USBD_CDC_GetOtherSpeedCfgDesc
 .text.USBD_CDC_GetDeviceQualifierDescriptor
                0x0000000008008820       0x1c ./Core/Src/usbcdc.o
                0x0000000008008820                USBD_CDC_GetDeviceQualifierDescriptor
 .text.USBD_CDC_SetTxBuffer
                0x000000000800883c       0x38 ./Core/Src/usbcdc.o
                0x000000000800883c                USBD_CDC_SetTxBuffer
 .text.USBD_CDC_SetRxBuffer
                0x0000000008008874       0x28 ./Core/Src/usbcdc.o
                0x0000000008008874                USBD_CDC_SetRxBuffer
 .text.USBD_CDC_TransmitPacket
                0x000000000800889c       0x6e ./Core/Src/usbcdc.o
                0x000000000800889c                USBD_CDC_TransmitPacket
 .text.USBD_CDC_ReceivePacket
                0x000000000800890a       0x5c ./Core/Src/usbcdc.o
                0x000000000800890a                USBD_CDC_ReceivePacket
 *fill*         0x0000000008008966        0x2 
 .text.usb_init
                0x0000000008008968      0x354 ./Core/Src/usbmain.o
                0x0000000008008968                usb_init
 .text.usb_print_ih
                0x0000000008008cbc      0x1cc ./Core/Src/usbmain.o
                0x0000000008008cbc                usb_print_ih
 .text.usb_write_fixed
                0x0000000008008e88       0x60 ./Core/Src/usbmain.o
                0x0000000008008e88                usb_write_fixed
 .text.pma_config
                0x0000000008008ee8       0x6a ./Core/Src/usbmain.o
 .text.sFLASH_CS_LOW
                0x0000000008008f52       0x18 ./Core/Src/winbond_mem.o
                0x0000000008008f52                sFLASH_CS_LOW
 .text.sFLASH_CS_HIGH
                0x0000000008008f6a       0x18 ./Core/Src/winbond_mem.o
                0x0000000008008f6a                sFLASH_CS_HIGH
 .text.sFLASH_Init
                0x0000000008008f82       0x6a ./Core/Src/winbond_mem.o
                0x0000000008008f82                sFLASH_Init
 .text.sFLASH_EraseSector
                0x0000000008008fec       0x48 ./Core/Src/winbond_mem.o
                0x0000000008008fec                sFLASH_EraseSector
 .text.sFLASH_EraseBulk
                0x0000000008009034       0x34 ./Core/Src/winbond_mem.o
                0x0000000008009034                sFLASH_EraseBulk
 .text.sFLASH_WriteByte
                0x0000000008009068       0x58 ./Core/Src/winbond_mem.o
                0x0000000008009068                sFLASH_WriteByte
 .text.sFLASH_ReadByte1
                0x00000000080090c0       0x58 ./Core/Src/winbond_mem.o
                0x00000000080090c0                sFLASH_ReadByte1
 .text.sFLASH_SendByte
                0x0000000008009118       0x24 ./Core/Src/winbond_mem.o
                0x0000000008009118                sFLASH_SendByte
 .text.sFLASH_ReadByte
                0x000000000800913c       0x28 ./Core/Src/winbond_mem.o
                0x000000000800913c                sFLASH_ReadByte
 .text.sFLASH_WriteEnable
                0x0000000008009164       0x18 ./Core/Src/winbond_mem.o
                0x0000000008009164                sFLASH_WriteEnable
 .text.sFLASH_WaitForWriteEnd
                0x000000000800917c       0x40 ./Core/Src/winbond_mem.o
                0x000000000800917c                sFLASH_WaitForWriteEnd
 .text.Reset_Handler
                0x00000000080091bc       0x50 ./Core/Startup/startup_stm32f070cbtx.o
                0x00000000080091bc                Reset_Handler
 .text.Default_Handler
                0x000000000800920c        0x2 ./Core/Startup/startup_stm32f070cbtx.o
                0x000000000800920c                TIM1_CC_IRQHandler
                0x000000000800920c                I2C1_IRQHandler
                0x000000000800920c                USART3_4_IRQHandler
                0x000000000800920c                EXTI2_3_IRQHandler
                0x000000000800920c                ADC1_IRQHandler
                0x000000000800920c                I2C2_IRQHandler
                0x000000000800920c                TIM17_IRQHandler
                0x000000000800920c                RTC_IRQHandler
                0x000000000800920c                TIM16_IRQHandler
                0x000000000800920c                TIM3_IRQHandler
                0x000000000800920c                EXTI4_15_IRQHandler
                0x000000000800920c                DMA1_Channel1_IRQHandler
                0x000000000800920c                Default_Handler
                0x000000000800920c                TIM14_IRQHandler
                0x000000000800920c                DMA1_Channel4_5_IRQHandler
                0x000000000800920c                TIM15_IRQHandler
                0x000000000800920c                EXTI0_1_IRQHandler
                0x000000000800920c                SPI2_IRQHandler
                0x000000000800920c                WWDG_IRQHandler
                0x000000000800920c                DMA1_Channel2_3_IRQHandler
                0x000000000800920c                FLASH_IRQHandler
                0x000000000800920c                TIM1_BRK_UP_TRG_COM_IRQHandler
 *fill*         0x000000000800920e        0x2 
 .text.master_init
                0x0000000008009210       0x3c ./Core/master.o
                0x0000000008009210                master_init
 .text.master_timer_ih
                0x000000000800924c       0x24 ./Core/master.o
                0x000000000800924c                master_timer_ih
 .text.e_always
                0x0000000008009270        0xc ./Core/master.o
 .text.e_espapmode
                0x000000000800927c       0x24 ./Core/master.o
 .text.e_espconnected
                0x00000000080092a0       0x24 ./Core/master.o
 .text.e_espnone
                0x00000000080092c4       0x22 ./Core/master.o
 .text.e_espnotpowered
                0x00000000080092e6       0x24 ./Core/master.o
 .text.e_esppaired
                0x000000000800930a       0x24 ./Core/master.o
 .text.e_esppowered
                0x000000000800932e       0x24 ./Core/master.o
 *fill*         0x0000000008009352        0x2 
 .text.e_gotrecs
                0x0000000008009354       0x24 ./Core/master.o
 .text.e_qbadcfg
                0x0000000008009378       0x24 ./Core/master.o
 .text.e_qconnected
                0x000000000800939c       0x24 ./Core/master.o
 .text.e_qinprogress
                0x00000000080093c0       0x24 ./Core/master.o
 .text.e_qnopower
                0x00000000080093e4       0x24 ./Core/master.o
 .text.e_qpowered
                0x0000000008009408       0x24 ./Core/master.o
 .text.e_timeout
                0x000000000800942c       0x1c ./Core/master.o
 .text.a_clrfetchf
                0x0000000008009448       0x14 ./Core/master.o
 .text.a_clrsendf
                0x000000000800945c       0x14 ./Core/master.o
 .text.a_espapmode
                0x0000000008009470       0x10 ./Core/master.o
 .text.a_espconnect
                0x0000000008009480       0x10 ./Core/master.o
 .text.a_espgetrdgs
                0x0000000008009490       0x10 ./Core/master.o
 .text.a_esppdown
                0x00000000080094a0       0x10 ./Core/master.o
 .text.a_esppup
                0x00000000080094b0       0x10 ./Core/master.o
 .text.a_nop    0x00000000080094c0        0xa ./Core/master.o
 .text.a_qclock
                0x00000000080094ca       0x10 ./Core/master.o
 .text.a_qconnect
                0x00000000080094da       0x10 ./Core/master.o
 .text.a_qdisconn
                0x00000000080094ea       0x10 ./Core/master.o
 .text.a_qpdn   0x00000000080094fa       0x10 ./Core/master.o
 .text.a_qping  0x000000000800950a       0x10 ./Core/master.o
 .text.a_qpup   0x000000000800951a       0x10 ./Core/master.o
 .text.a_qrdtwin
                0x000000000800952a       0x10 ./Core/master.o
 .text.a_qsendrecs
                0x000000000800953a       0x10 ./Core/master.o
 .text.a_qupdcfg
                0x000000000800954a       0x10 ./Core/master.o
 .text.a_qupdtwin
                0x000000000800955a       0x10 ./Core/master.o
 *fill*         0x000000000800956a        0x2 
 .text.a_setfetchf
                0x000000000800956c       0x14 ./Core/master.o
 .text.a_setsendf
                0x0000000008009580       0x14 ./Core/master.o
 .text.a_tmr120
                0x0000000008009594       0x18 ./Core/master.o
 .text.a_tmr5min
                0x00000000080095ac       0x24 ./Core/master.o
 .text.state_trace
                0x00000000080095d0       0x48 ./Core/master.o
 .text.HAL_Init
                0x0000000008009618       0x28 ./Drivers/STM32F0xx_HAL_Driver/Src/stm32f0xx_hal.o
                0x0000000008009618                HAL_Init
 .text.HAL_InitTick
                0x0000000008009640       0x68 ./Drivers/STM32F0xx_HAL_Driver/Src/stm32f0xx_hal.o
                0x0000000008009640                HAL_InitTick
 .text.HAL_IncTick
                0x00000000080096a8       0x24 ./Drivers/STM32F0xx_HAL_Driver/Src/stm32f0xx_hal.o
                0x00000000080096a8                HAL_IncTick
 .text.HAL_GetTick
                0x00000000080096cc       0x14 ./Drivers/STM32F0xx_HAL_Driver/Src/stm32f0xx_hal.o
                0x00000000080096cc                HAL_GetTick
 .text.HAL_Delay
                0x00000000080096e0       0x48 ./Drivers/STM32F0xx_HAL_Driver/Src/stm32f0xx_hal.o
                0x00000000080096e0                HAL_Delay
 .text.__NVIC_EnableIRQ
                0x0000000008009728       0x34 ./Drivers/STM32F0xx_HAL_Driver/Src/stm32f0xx_hal_cortex.o
 .text.__NVIC_SetPriority
                0x000000000800975c       0xdc ./Drivers/STM32F0xx_HAL_Driver/Src/stm32f0xx_hal_cortex.o
 .text.SysTick_Config
                0x0000000008009838       0x48 ./Drivers/STM32F0xx_HAL_Driver/Src/stm32f0xx_hal_cortex.o
 .text.HAL_NVIC_SetPriority
                0x0000000008009880       0x2a ./Drivers/STM32F0xx_HAL_Driver/Src/stm32f0xx_hal_cortex.o
                0x0000000008009880                HAL_NVIC_SetPriority
 .text.HAL_NVIC_EnableIRQ
                0x00000000080098aa       0x20 ./Drivers/STM32F0xx_HAL_Driver/Src/stm32f0xx_hal_cortex.o
                0x00000000080098aa                HAL_NVIC_EnableIRQ
 .text.HAL_SYSTICK_Config
                0x00000000080098ca       0x1a ./Drivers/STM32F0xx_HAL_Driver/Src/stm32f0xx_hal_cortex.o
                0x00000000080098ca                HAL_SYSTICK_Config
 .text.HAL_DMA_Abort_IT
                0x00000000080098e4       0x8a ./Drivers/STM32F0xx_HAL_Driver/Src/stm32f0xx_hal_dma.o
                0x00000000080098e4                HAL_DMA_Abort_IT
 *fill*         0x000000000800996e        0x2 
 .text.HAL_GPIO_Init
                0x0000000008009970      0x2e0 ./Drivers/STM32F0xx_HAL_Driver/Src/stm32f0xx_hal_gpio.o
                0x0000000008009970                HAL_GPIO_Init
 .text.HAL_GPIO_WritePin
                0x0000000008009c50       0x3a ./Drivers/STM32F0xx_HAL_Driver/Src/stm32f0xx_hal_gpio.o
                0x0000000008009c50                HAL_GPIO_WritePin
 .text.HAL_PCD_SetAddress
                0x0000000008009c8a       0x56 ./Drivers/STM32F0xx_HAL_Driver/Src/stm32f0xx_hal_pcd.o
                0x0000000008009c8a                HAL_PCD_SetAddress
 .text.HAL_PCD_EP_Open
                0x0000000008009ce0       0xf0 ./Drivers/STM32F0xx_HAL_Driver/Src/stm32f0xx_hal_pcd.o
                0x0000000008009ce0                HAL_PCD_EP_Open
 .text.HAL_PCD_EP_Close
                0x0000000008009dd0       0xa2 ./Drivers/STM32F0xx_HAL_Driver/Src/stm32f0xx_hal_pcd.o
                0x0000000008009dd0                HAL_PCD_EP_Close
 .text.HAL_PCD_EP_Receive
                0x0000000008009e72       0x88 ./Drivers/STM32F0xx_HAL_Driver/Src/stm32f0xx_hal_pcd.o
                0x0000000008009e72                HAL_PCD_EP_Receive
 .text.HAL_PCD_EP_GetRxCount
                0x0000000008009efa       0x32 ./Drivers/STM32F0xx_HAL_Driver/Src/stm32f0xx_hal_pcd.o
                0x0000000008009efa                HAL_PCD_EP_GetRxCount
 .text.HAL_PCD_EP_Transmit
                0x0000000008009f2c       0x92 ./Drivers/STM32F0xx_HAL_Driver/Src/stm32f0xx_hal_pcd.o
                0x0000000008009f2c                HAL_PCD_EP_Transmit
 .text.HAL_PCD_EP_SetStall
                0x0000000008009fbe       0xb8 ./Drivers/STM32F0xx_HAL_Driver/Src/stm32f0xx_hal_pcd.o
                0x0000000008009fbe                HAL_PCD_EP_SetStall
 .text.HAL_PCD_EP_ClrStall
                0x000000000800a076       0xbc ./Drivers/STM32F0xx_HAL_Driver/Src/stm32f0xx_hal_pcd.o
                0x000000000800a076                HAL_PCD_EP_ClrStall
 *fill*         0x000000000800a132        0x2 
 .text.PCD_EP_ISR_Handler
                0x000000000800a134      0x678 ./Drivers/STM32F0xx_HAL_Driver/Src/stm32f0xx_hal_pcd.o
                0x000000000800a134                PCD_EP_ISR_Handler
 .text.HAL_PCD_EP_DB_Receive
                0x000000000800a7ac      0x238 ./Drivers/STM32F0xx_HAL_Driver/Src/stm32f0xx_hal_pcd.o
 .text.HAL_PCD_EP_DB_Transmit
                0x000000000800a9e4      0x564 ./Drivers/STM32F0xx_HAL_Driver/Src/stm32f0xx_hal_pcd.o
 .text.HAL_PCDEx_LPM_Callback
                0x000000000800af48       0x16 ./Drivers/STM32F0xx_HAL_Driver/Src/stm32f0xx_hal_pcd_ex.o
                0x000000000800af48                HAL_PCDEx_LPM_Callback
 *fill*         0x000000000800af5e        0x2 
 .text.HAL_RCC_OscConfig
                0x000000000800af60      0x63c ./Drivers/STM32F0xx_HAL_Driver/Src/stm32f0xx_hal_rcc.o
                0x000000000800af60                HAL_RCC_OscConfig
 .text.HAL_RCC_ClockConfig
                0x000000000800b59c      0x19c ./Drivers/STM32F0xx_HAL_Driver/Src/stm32f0xx_hal_rcc.o
                0x000000000800b59c                HAL_RCC_ClockConfig
 .text.HAL_RCC_GetSysClockFreq
                0x000000000800b738       0xd0 ./Drivers/STM32F0xx_HAL_Driver/Src/stm32f0xx_hal_rcc.o
                0x000000000800b738                HAL_RCC_GetSysClockFreq
 .text.HAL_RCC_GetHCLKFreq
                0x000000000800b808       0x14 ./Drivers/STM32F0xx_HAL_Driver/Src/stm32f0xx_hal_rcc.o
                0x000000000800b808                HAL_RCC_GetHCLKFreq
 .text.HAL_RCC_GetPCLK1Freq
                0x000000000800b81c       0x2c ./Drivers/STM32F0xx_HAL_Driver/Src/stm32f0xx_hal_rcc.o
                0x000000000800b81c                HAL_RCC_GetPCLK1Freq
 .text.HAL_RCCEx_PeriphCLKConfig
                0x000000000800b848      0x1bc ./Drivers/STM32F0xx_HAL_Driver/Src/stm32f0xx_hal_rcc_ex.o
                0x000000000800b848                HAL_RCCEx_PeriphCLKConfig
 .text.HAL_RTC_Init
                0x000000000800ba04      0x128 ./Drivers/STM32F0xx_HAL_Driver/Src/stm32f0xx_hal_rtc.o
                0x000000000800ba04                HAL_RTC_Init
 .text.HAL_RTC_SetTime
                0x000000000800bb2c      0x178 ./Drivers/STM32F0xx_HAL_Driver/Src/stm32f0xx_hal_rtc.o
                0x000000000800bb2c                HAL_RTC_SetTime
 .text.HAL_RTC_SetDate
                0x000000000800bca4      0x14c ./Drivers/STM32F0xx_HAL_Driver/Src/stm32f0xx_hal_rtc.o
                0x000000000800bca4                HAL_RTC_SetDate
 .text.HAL_RTC_WaitForSynchro
                0x000000000800bdf0       0x52 ./Drivers/STM32F0xx_HAL_Driver/Src/stm32f0xx_hal_rtc.o
                0x000000000800bdf0                HAL_RTC_WaitForSynchro
 .text.RTC_EnterInitMode
                0x000000000800be42       0x58 ./Drivers/STM32F0xx_HAL_Driver/Src/stm32f0xx_hal_rtc.o
                0x000000000800be42                RTC_EnterInitMode
 .text.RTC_ByteToBcd2
                0x000000000800be9a       0x42 ./Drivers/STM32F0xx_HAL_Driver/Src/stm32f0xx_hal_rtc.o
                0x000000000800be9a                RTC_ByteToBcd2
 .text.HAL_SPI_Init
                0x000000000800bedc      0x170 ./Drivers/STM32F0xx_HAL_Driver/Src/stm32f0xx_hal_spi.o
                0x000000000800bedc                HAL_SPI_Init
 .text.HAL_SPI_Transmit
                0x000000000800c04c      0x2b0 ./Drivers/STM32F0xx_HAL_Driver/Src/stm32f0xx_hal_spi.o
                0x000000000800c04c                HAL_SPI_Transmit
 .text.HAL_SPI_Receive
                0x000000000800c2fc      0x298 ./Drivers/STM32F0xx_HAL_Driver/Src/stm32f0xx_hal_spi.o
                0x000000000800c2fc                HAL_SPI_Receive
 .text.HAL_SPI_TransmitReceive
                0x000000000800c594      0x3a4 ./Drivers/STM32F0xx_HAL_Driver/Src/stm32f0xx_hal_spi.o
                0x000000000800c594                HAL_SPI_TransmitReceive
 .text.HAL_SPI_IRQHandler
                0x000000000800c938      0x1fc ./Drivers/STM32F0xx_HAL_Driver/Src/stm32f0xx_hal_spi.o
                0x000000000800c938                HAL_SPI_IRQHandler
 .text.HAL_SPI_ErrorCallback
                0x000000000800cb34       0x10 ./Drivers/STM32F0xx_HAL_Driver/Src/stm32f0xx_hal_spi.o
                0x000000000800cb34                HAL_SPI_ErrorCallback
 .text.SPI_DMAAbortOnError
                0x000000000800cb44       0x2c ./Drivers/STM32F0xx_HAL_Driver/Src/stm32f0xx_hal_spi.o
 .text.SPI_WaitFlagStateUntilTimeout
                0x000000000800cb70      0x11c ./Drivers/STM32F0xx_HAL_Driver/Src/stm32f0xx_hal_spi.o
 .text.SPI_WaitFifoStateUntilTimeout
                0x000000000800cc8c      0x12c ./Drivers/STM32F0xx_HAL_Driver/Src/stm32f0xx_hal_spi.o
 .text.SPI_EndRxTransaction
                0x000000000800cdb8       0xbc ./Drivers/STM32F0xx_HAL_Driver/Src/stm32f0xx_hal_spi.o
 .text.SPI_EndRxTxTransaction
                0x000000000800ce74       0x8c ./Drivers/STM32F0xx_HAL_Driver/Src/stm32f0xx_hal_spi.o
 .text.HAL_TIM_IRQHandler
                0x000000000800cf00      0x22c ./Drivers/STM32F0xx_HAL_Driver/Src/stm32f0xx_hal_tim.o
                0x000000000800cf00                HAL_TIM_IRQHandler
 .text.HAL_TIM_PeriodElapsedCallback
                0x000000000800d12c       0x10 ./Drivers/STM32F0xx_HAL_Driver/Src/stm32f0xx_hal_tim.o
                0x000000000800d12c                HAL_TIM_PeriodElapsedCallback
 .text.HAL_TIM_OC_DelayElapsedCallback
                0x000000000800d13c       0x10 ./Drivers/STM32F0xx_HAL_Driver/Src/stm32f0xx_hal_tim.o
                0x000000000800d13c                HAL_TIM_OC_DelayElapsedCallback
 .text.HAL_TIM_IC_CaptureCallback
                0x000000000800d14c       0x10 ./Drivers/STM32F0xx_HAL_Driver/Src/stm32f0xx_hal_tim.o
                0x000000000800d14c                HAL_TIM_IC_CaptureCallback
 .text.HAL_TIM_PWM_PulseFinishedCallback
                0x000000000800d15c       0x10 ./Drivers/STM32F0xx_HAL_Driver/Src/stm32f0xx_hal_tim.o
                0x000000000800d15c                HAL_TIM_PWM_PulseFinishedCallback
 .text.HAL_TIM_TriggerCallback
                0x000000000800d16c       0x10 ./Drivers/STM32F0xx_HAL_Driver/Src/stm32f0xx_hal_tim.o
                0x000000000800d16c                HAL_TIM_TriggerCallback
 .text.HAL_TIMEx_CommutCallback
                0x000000000800d17c       0x10 ./Drivers/STM32F0xx_HAL_Driver/Src/stm32f0xx_hal_tim_ex.o
                0x000000000800d17c                HAL_TIMEx_CommutCallback
 .text.HAL_TIMEx_BreakCallback
                0x000000000800d18c       0x10 ./Drivers/STM32F0xx_HAL_Driver/Src/stm32f0xx_hal_tim_ex.o
                0x000000000800d18c                HAL_TIMEx_BreakCallback
 .text.HAL_UART_Init
                0x000000000800d19c       0xa8 ./Drivers/STM32F0xx_HAL_Driver/Src/stm32f0xx_hal_uart.o
                0x000000000800d19c                HAL_UART_Init
 .text.UART_SetConfig
                0x000000000800d244      0x2b0 ./Drivers/STM32F0xx_HAL_Driver/Src/stm32f0xx_hal_uart.o
                0x000000000800d244                UART_SetConfig
 .text.UART_AdvFeatureConfig
                0x000000000800d4f4      0x168 ./Drivers/STM32F0xx_HAL_Driver/Src/stm32f0xx_hal_uart.o
                0x000000000800d4f4                UART_AdvFeatureConfig
 .text.UART_CheckIdleState
                0x000000000800d65c       0x90 ./Drivers/STM32F0xx_HAL_Driver/Src/stm32f0xx_hal_uart.o
                0x000000000800d65c                UART_CheckIdleState
 .text.UART_WaitOnFlagUntilTimeout
                0x000000000800d6ec       0xfc ./Drivers/STM32F0xx_HAL_Driver/Src/stm32f0xx_hal_uart.o
                0x000000000800d6ec                UART_WaitOnFlagUntilTimeout
 .text.USB_ActivateEndpoint
                0x000000000800d7e8      0x6ac ./Drivers/STM32F0xx_HAL_Driver/Src/stm32f0xx_ll_usb.o
                0x000000000800d7e8                USB_ActivateEndpoint
 .text.USB_DeactivateEndpoint
                0x000000000800de94      0x380 ./Drivers/STM32F0xx_HAL_Driver/Src/stm32f0xx_ll_usb.o
                0x000000000800de94                USB_DeactivateEndpoint
 .text.USB_EPStartXfer
                0x000000000800e214     0x1244 ./Drivers/STM32F0xx_HAL_Driver/Src/stm32f0xx_ll_usb.o
                0x000000000800e214                USB_EPStartXfer
 .text.USB_EPSetStall
                0x000000000800f458       0xa0 ./Drivers/STM32F0xx_HAL_Driver/Src/stm32f0xx_ll_usb.o
                0x000000000800f458                USB_EPSetStall
 .text.USB_EPClearStall
                0x000000000800f4f8      0x164 ./Drivers/STM32F0xx_HAL_Driver/Src/stm32f0xx_ll_usb.o
                0x000000000800f4f8                USB_EPClearStall
 .text.USB_SetDevAddress
                0x000000000800f65c       0x28 ./Drivers/STM32F0xx_HAL_Driver/Src/stm32f0xx_ll_usb.o
                0x000000000800f65c                USB_SetDevAddress
 .text.USB_WritePMA
                0x000000000800f684       0x88 ./Drivers/STM32F0xx_HAL_Driver/Src/stm32f0xx_ll_usb.o
                0x000000000800f684                USB_WritePMA
 .text.USB_ReadPMA
                0x000000000800f70c       0x9e ./Drivers/STM32F0xx_HAL_Driver/Src/stm32f0xx_ll_usb.o
                0x000000000800f70c                USB_ReadPMA
 .text.USBD_RunTestMode
                0x000000000800f7aa       0x12 ./Middlewares/ST/STM32_USB_Device_Library/Core/Src/usbd_core.o
                0x000000000800f7aa                USBD_RunTestMode
 .text.USBD_SetClassConfig
                0x000000000800f7bc       0x4e ./Middlewares/ST/STM32_USB_Device_Library/Core/Src/usbd_core.o
                0x000000000800f7bc                USBD_SetClassConfig
 .text.USBD_ClrClassConfig
                0x000000000800f80a       0x2c ./Middlewares/ST/STM32_USB_Device_Library/Core/Src/usbd_core.o
                0x000000000800f80a                USBD_ClrClassConfig
 *fill*         0x000000000800f836        0x2 
 .text.USBD_LL_SetupStage
                0x000000000800f838       0xbc ./Middlewares/ST/STM32_USB_Device_Library/Core/Src/usbd_core.o
                0x000000000800f838                USBD_LL_SetupStage
 .text.USBD_LL_DataOutStage
                0x000000000800f8f4      0x104 ./Middlewares/ST/STM32_USB_Device_Library/Core/Src/usbd_core.o
                0x000000000800f8f4                USBD_LL_DataOutStage
 .text.USBD_LL_DataInStage
                0x000000000800f9f8      0x17a ./Middlewares/ST/STM32_USB_Device_Library/Core/Src/usbd_core.o
                0x000000000800f9f8                USBD_LL_DataInStage
 *fill*         0x000000000800fb72        0x2 
 .text.USBD_LL_Suspend
                0x000000000800fb74       0x30 ./Middlewares/ST/STM32_USB_Device_Library/Core/Src/usbd_core.o
                0x000000000800fb74                USBD_LL_Suspend
 .text.USBD_LL_Resume
                0x000000000800fba4       0x30 ./Middlewares/ST/STM32_USB_Device_Library/Core/Src/usbd_core.o
                0x000000000800fba4                USBD_LL_Resume
 .text.USBD_StdDevReq
                0x000000000800fbd4       0xe4 ./Middlewares/ST/STM32_USB_Device_Library/Core/Src/usbd_ctlreq.o
                0x000000000800fbd4                USBD_StdDevReq
 .text.USBD_StdItfReq
                0x000000000800fcb8       0xae ./Middlewares/ST/STM32_USB_Device_Library/Core/Src/usbd_ctlreq.o
                0x000000000800fcb8                USBD_StdItfReq
 .text.USBD_StdEPReq
                0x000000000800fd66      0x36c ./Middlewares/ST/STM32_USB_Device_Library/Core/Src/usbd_ctlreq.o
                0x000000000800fd66                USBD_StdEPReq
 *fill*         0x00000000080100d2        0x2 
 .text.USBD_GetDescriptor
                0x00000000080100d4      0x364 ./Middlewares/ST/STM32_USB_Device_Library/Core/Src/usbd_ctlreq.o
 .text.USBD_SetAddress
                0x0000000008010438       0xa8 ./Middlewares/ST/STM32_USB_Device_Library/Core/Src/usbd_ctlreq.o
 .text.USBD_SetConfig
                0x00000000080104e0      0x148 ./Middlewares/ST/STM32_USB_Device_Library/Core/Src/usbd_ctlreq.o
 .text.USBD_GetConfig
                0x0000000008010628       0x76 ./Middlewares/ST/STM32_USB_Device_Library/Core/Src/usbd_ctlreq.o
 .text.USBD_GetStatus
                0x000000000801069e       0x74 ./Middlewares/ST/STM32_USB_Device_Library/Core/Src/usbd_ctlreq.o
 .text.USBD_SetFeature
                0x0000000008010712       0x2c ./Middlewares/ST/STM32_USB_Device_Library/Core/Src/usbd_ctlreq.o
 .text.USBD_ClrFeature
                0x000000000801073e       0x4c ./Middlewares/ST/STM32_USB_Device_Library/Core/Src/usbd_ctlreq.o
 .text.USBD_ParseSetupRequest
                0x000000000801078a       0x76 ./Middlewares/ST/STM32_USB_Device_Library/Core/Src/usbd_ctlreq.o
                0x000000000801078a                USBD_ParseSetupRequest
 .text.USBD_CtlError
                0x0000000008010800       0x26 ./Middlewares/ST/STM32_USB_Device_Library/Core/Src/usbd_ctlreq.o
                0x0000000008010800                USBD_CtlError
 .text.USBD_GetString
                0x0000000008010826       0x9c ./Middlewares/ST/STM32_USB_Device_Library/Core/Src/usbd_ctlreq.o
                0x0000000008010826                USBD_GetString
 .text.USBD_GetLen
                0x00000000080108c2       0x3a ./Middlewares/ST/STM32_USB_Device_Library/Core/Src/usbd_ctlreq.o
 .text.USBD_CtlSendData
                0x00000000080108fc       0x40 ./Middlewares/ST/STM32_USB_Device_Library/Core/Src/usbd_ioreq.o
                0x00000000080108fc                USBD_CtlSendData
 .text.USBD_CtlContinueSendData
                0x000000000801093c       0x26 ./Middlewares/ST/STM32_USB_Device_Library/Core/Src/usbd_ioreq.o
                0x000000000801093c                USBD_CtlContinueSendData
 .text.USBD_CtlPrepareRx
                0x0000000008010962       0x48 ./Middlewares/ST/STM32_USB_Device_Library/Core/Src/usbd_ioreq.o
                0x0000000008010962                USBD_CtlPrepareRx
 .text.USBD_CtlContinueRx
                0x00000000080109aa       0x26 ./Middlewares/ST/STM32_USB_Device_Library/Core/Src/usbd_ioreq.o
                0x00000000080109aa                USBD_CtlContinueRx
 .text.USBD_CtlSendStatus
                0x00000000080109d0       0x28 ./Middlewares/ST/STM32_USB_Device_Library/Core/Src/usbd_ioreq.o
                0x00000000080109d0                USBD_CtlSendStatus
 .text.USBD_CtlReceiveStatus
                0x00000000080109f8       0x28 ./Middlewares/ST/STM32_USB_Device_Library/Core/Src/usbd_ioreq.o
                0x00000000080109f8                USBD_CtlReceiveStatus
 .text.USBD_FS_DeviceDescriptor
                0x0000000008010a20       0x24 ./USB_DEVICE/App/usbd_desc.o
                0x0000000008010a20                USBD_FS_DeviceDescriptor
 .text.USBD_FS_LangIDStrDescriptor
                0x0000000008010a44       0x24 ./USB_DEVICE/App/usbd_desc.o
                0x0000000008010a44                USBD_FS_LangIDStrDescriptor
 .text.USBD_FS_ProductStrDescriptor
                0x0000000008010a68       0x44 ./USB_DEVICE/App/usbd_desc.o
                0x0000000008010a68                USBD_FS_ProductStrDescriptor
 .text.USBD_FS_ManufacturerStrDescriptor
                0x0000000008010aac       0x2c ./USB_DEVICE/App/usbd_desc.o
                0x0000000008010aac                USBD_FS_ManufacturerStrDescriptor
 .text.USBD_FS_SerialStrDescriptor
                0x0000000008010ad8       0x28 ./USB_DEVICE/App/usbd_desc.o
                0x0000000008010ad8                USBD_FS_SerialStrDescriptor
 .text.USBD_FS_ConfigStrDescriptor
                0x0000000008010b00       0x44 ./USB_DEVICE/App/usbd_desc.o
                0x0000000008010b00                USBD_FS_ConfigStrDescriptor
 .text.USBD_FS_InterfaceStrDescriptor
                0x0000000008010b44       0x44 ./USB_DEVICE/App/usbd_desc.o
                0x0000000008010b44                USBD_FS_InterfaceStrDescriptor
 .text.Get_SerialNum
                0x0000000008010b88       0x5c ./USB_DEVICE/App/usbd_desc.o
 .text.IntToUnicode
                0x0000000008010be4       0x96 ./USB_DEVICE/App/usbd_desc.o
 .text.HAL_PCD_SetupStageCallback
                0x0000000008010c7a       0x2a ./USB_DEVICE/Target/usbd_conf.o
                0x0000000008010c7a                HAL_PCD_SetupStageCallback
 .text.HAL_PCD_DataOutStageCallback
                0x0000000008010ca4       0x42 ./USB_DEVICE/Target/usbd_conf.o
                0x0000000008010ca4                HAL_PCD_DataOutStageCallback
 .text.HAL_PCD_DataInStageCallback
                0x0000000008010ce6       0x3c ./USB_DEVICE/Target/usbd_conf.o
                0x0000000008010ce6                HAL_PCD_DataInStageCallback
 *fill*         0x0000000008010d22        0x2 
 .text.HAL_PCD_SuspendCallback
                0x0000000008010d24       0x38 ./USB_DEVICE/Target/usbd_conf.o
                0x0000000008010d24                HAL_PCD_SuspendCallback
 .text.HAL_PCD_ResumeCallback
                0x0000000008010d5c       0x3c ./USB_DEVICE/Target/usbd_conf.o
                0x0000000008010d5c                HAL_PCD_ResumeCallback
 .text.USBD_LL_OpenEP
                0x0000000008010d98       0x6e ./USB_DEVICE/Target/usbd_conf.o
                0x0000000008010d98                USBD_LL_OpenEP
 .text.USBD_LL_CloseEP
                0x0000000008010e06       0x56 ./USB_DEVICE/Target/usbd_conf.o
                0x0000000008010e06                USBD_LL_CloseEP
 .text.USBD_LL_StallEP
                0x0000000008010e5c       0x56 ./USB_DEVICE/Target/usbd_conf.o
                0x0000000008010e5c                USBD_LL_StallEP
 .text.USBD_LL_ClearStallEP
                0x0000000008010eb2       0x56 ./USB_DEVICE/Target/usbd_conf.o
                0x0000000008010eb2                USBD_LL_ClearStallEP
 .text.USBD_LL_IsStallEP
                0x0000000008010f08       0x62 ./USB_DEVICE/Target/usbd_conf.o
                0x0000000008010f08                USBD_LL_IsStallEP
 .text.USBD_LL_SetUSBAddress
                0x0000000008010f6a       0x56 ./USB_DEVICE/Target/usbd_conf.o
                0x0000000008010f6a                USBD_LL_SetUSBAddress
 .text.USBD_LL_Transmit
                0x0000000008010fc0       0x6e ./USB_DEVICE/Target/usbd_conf.o
                0x0000000008010fc0                USBD_LL_Transmit
 .text.USBD_LL_PrepareReceive
                0x000000000801102e       0x6e ./USB_DEVICE/Target/usbd_conf.o
                0x000000000801102e                USBD_LL_PrepareReceive
 .text.USBD_LL_GetRxDataSize
                0x000000000801109c       0x2c ./USB_DEVICE/Target/usbd_conf.o
                0x000000000801109c                USBD_LL_GetRxDataSize
 .text.USBD_static_malloc
                0x00000000080110c8       0x18 ./USB_DEVICE/Target/usbd_conf.o
                0x00000000080110c8                USBD_static_malloc
 .text.USBD_static_free
                0x00000000080110e0       0x10 ./USB_DEVICE/Target/usbd_conf.o
                0x00000000080110e0                USBD_static_free
 .text.SystemClockConfig_Resume
                0x00000000080110f0        0xe ./USB_DEVICE/Target/usbd_conf.o
 .text.USBD_Get_USB_Status
                0x00000000080110fe       0x6e ./USB_DEVICE/Target/usbd_conf.o
 .text.atoi     0x000000000801116c        0xc d:/stm32/stm32cubeide_1.7.0/stm32cubeide/plugins/com.st.stm32cube.ide.mcu.externaltools.gnu-tools-for-stm32.9-2020-q2-update.win32_2.0.0.202105311346/tools/bin/../lib/gcc/arm-none-eabi/9.3.1/../../../../arm-none-eabi/lib/thumb/v6-m/nofp\libc_nano.a(lib_a-atoi.o)
                0x000000000801116c                atoi
 .text.atol     0x0000000008011178        0xc d:/stm32/stm32cubeide_1.7.0/stm32cubeide/plugins/com.st.stm32cube.ide.mcu.externaltools.gnu-tools-for-stm32.9-2020-q2-update.win32_2.0.0.202105311346/tools/bin/../lib/gcc/arm-none-eabi/9.3.1/../../../../arm-none-eabi/lib/thumb/v6-m/nofp\libc_nano.a(lib_a-atol.o)
                0x0000000008011178                atol
 .text.__errno  0x0000000008011184        0xc d:/stm32/stm32cubeide_1.7.0/stm32cubeide/plugins/com.st.stm32cube.ide.mcu.externaltools.gnu-tools-for-stm32.9-2020-q2-update.win32_2.0.0.202105311346/tools/bin/../lib/gcc/arm-none-eabi/9.3.1/../../../../arm-none-eabi/lib/thumb/v6-m/nofp\libc_nano.a(lib_a-errno.o)
                0x0000000008011184                __errno
 .text.__libc_init_array
                0x0000000008011190       0x48 d:/stm32/stm32cubeide_1.7.0/stm32cubeide/plugins/com.st.stm32cube.ide.mcu.externaltools.gnu-tools-for-stm32.9-2020-q2-update.win32_2.0.0.202105311346/tools/bin/../lib/gcc/arm-none-eabi/9.3.1/../../../../arm-none-eabi/lib/thumb/v6-m/nofp\libc_nano.a(lib_a-init.o)
                0x0000000008011190                __libc_init_array
 .text.memset   0x00000000080111d8       0x10 d:/stm32/stm32cubeide_1.7.0/stm32cubeide/plugins/com.st.stm32cube.ide.mcu.externaltools.gnu-tools-for-stm32.9-2020-q2-update.win32_2.0.0.202105311346/tools/bin/../lib/gcc/arm-none-eabi/9.3.1/../../../../arm-none-eabi/lib/thumb/v6-m/nofp\libc_nano.a(lib_a-memset.o)
                0x00000000080111d8                memset
 .text.validate_structure
                0x00000000080111e8      0x18c d:/stm32/stm32cubeide_1.7.0/stm32cubeide/plugins/com.st.stm32cube.ide.mcu.externaltools.gnu-tools-for-stm32.9-2020-q2-update.win32_2.0.0.202105311346/tools/bin/../lib/gcc/arm-none-eabi/9.3.1/../../../../arm-none-eabi/lib/thumb/v6-m/nofp\libc_nano.a(lib_a-mktime.o)
 .text.mktime   0x0000000008011374      0x390 d:/stm32/stm32cubeide_1.7.0/stm32cubeide/plugins/com.st.stm32cube.ide.mcu.externaltools.gnu-tools-for-stm32.9-2020-q2-update.win32_2.0.0.202105311346/tools/bin/../lib/gcc/arm-none-eabi/9.3.1/../../../../arm-none-eabi/lib/thumb/v6-m/nofp\libc_nano.a(lib_a-mktime.o)
                0x0000000008011374                mktime
 .text.sprintf  0x0000000008011704       0x40 d:/stm32/stm32cubeide_1.7.0/stm32cubeide/plugins/com.st.stm32cube.ide.mcu.externaltools.gnu-tools-for-stm32.9-2020-q2-update.win32_2.0.0.202105311346/tools/bin/../lib/gcc/arm-none-eabi/9.3.1/../../../../arm-none-eabi/lib/thumb/v6-m/nofp\libc_nano.a(lib_a-sprintf.o)
                0x0000000008011704                siprintf
                0x0000000008011704                sprintf
 .text._strtol_l.isra.0
                0x0000000008011744      0x11c d:/stm32/stm32cubeide_1.7.0/stm32cubeide/plugins/com.st.stm32cube.ide.mcu.externaltools.gnu-tools-for-stm32.9-2020-q2-update.win32_2.0.0.202105311346/tools/bin/../lib/gcc/arm-none-eabi/9.3.1/../../../../arm-none-eabi/lib/thumb/v6-m/nofp\libc_nano.a(lib_a-strtol.o)
 .text._strtol_r
                0x0000000008011860        0x8 d:/stm32/stm32cubeide_1.7.0/stm32cubeide/plugins/com.st.stm32cube.ide.mcu.externaltools.gnu-tools-for-stm32.9-2020-q2-update.win32_2.0.0.202105311346/tools/bin/../lib/gcc/arm-none-eabi/9.3.1/../../../../arm-none-eabi/lib/thumb/v6-m/nofp\libc_nano.a(lib_a-strtol.o)
                0x0000000008011860                _strtol_r
 .text.strtol   0x0000000008011868       0x18 d:/stm32/stm32cubeide_1.7.0/stm32cubeide/plugins/com.st.stm32cube.ide.mcu.externaltools.gnu-tools-for-stm32.9-2020-q2-update.win32_2.0.0.202105311346/tools/bin/../lib/gcc/arm-none-eabi/9.3.1/../../../../arm-none-eabi/lib/thumb/v6-m/nofp\libc_nano.a(lib_a-strtol.o)
                0x0000000008011868                strtol
 .text.__tzcalc_limits
                0x0000000008011880      0x158 d:/stm32/stm32cubeide_1.7.0/stm32cubeide/plugins/com.st.stm32cube.ide.mcu.externaltools.gnu-tools-for-stm32.9-2020-q2-update.win32_2.0.0.202105311346/tools/bin/../lib/gcc/arm-none-eabi/9.3.1/../../../../arm-none-eabi/lib/thumb/v6-m/nofp\libc_nano.a(lib_a-tzcalc_limits.o)
                0x0000000008011880                __tzcalc_limits
 .text.__tz_lock
                0x00000000080119d8       0x10 d:/stm32/stm32cubeide_1.7.0/stm32cubeide/plugins/com.st.stm32cube.ide.mcu.externaltools.gnu-tools-for-stm32.9-2020-q2-update.win32_2.0.0.202105311346/tools/bin/../lib/gcc/arm-none-eabi/9.3.1/../../../../arm-none-eabi/lib/thumb/v6-m/nofp\libc_nano.a(lib_a-tzlock.o)
                0x00000000080119d8                __tz_lock
 .text.__tz_unlock
                0x00000000080119e8       0x10 d:/stm32/stm32cubeide_1.7.0/stm32cubeide/plugins/com.st.stm32cube.ide.mcu.externaltools.gnu-tools-for-stm32.9-2020-q2-update.win32_2.0.0.202105311346/tools/bin/../lib/gcc/arm-none-eabi/9.3.1/../../../../arm-none-eabi/lib/thumb/v6-m/nofp\libc_nano.a(lib_a-tzlock.o)
                0x00000000080119e8                __tz_unlock
 .text._tzset_unlocked
                0x00000000080119f8       0x10 d:/stm32/stm32cubeide_1.7.0/stm32cubeide/plugins/com.st.stm32cube.ide.mcu.externaltools.gnu-tools-for-stm32.9-2020-q2-update.win32_2.0.0.202105311346/tools/bin/../lib/gcc/arm-none-eabi/9.3.1/../../../../arm-none-eabi/lib/thumb/v6-m/nofp\libc_nano.a(lib_a-tzset.o)
                0x00000000080119f8                _tzset_unlocked
 .text._tzset_unlocked_r
                0x0000000008011a08      0x308 d:/stm32/stm32cubeide_1.7.0/stm32cubeide/plugins/com.st.stm32cube.ide.mcu.externaltools.gnu-tools-for-stm32.9-2020-q2-update.win32_2.0.0.202105311346/tools/bin/../lib/gcc/arm-none-eabi/9.3.1/../../../../arm-none-eabi/lib/thumb/v6-m/nofp\libc_nano.a(lib_a-tzset_r.o)
                0x0000000008011a08                _tzset_unlocked_r
 .text.div      0x0000000008011d10       0x2e d:/stm32/stm32cubeide_1.7.0/stm32cubeide/plugins/com.st.stm32cube.ide.mcu.externaltools.gnu-tools-for-stm32.9-2020-q2-update.win32_2.0.0.202105311346/tools/bin/../lib/gcc/arm-none-eabi/9.3.1/../../../../arm-none-eabi/lib/thumb/v6-m/nofp\libc_nano.a(lib_a-div.o)
                0x0000000008011d10                div
 *fill*         0x0000000008011d3e        0x2 
 .text._findenv_r
                0x0000000008011d40       0x78 d:/stm32/stm32cubeide_1.7.0/stm32cubeide/plugins/com.st.stm32cube.ide.mcu.externaltools.gnu-tools-for-stm32.9-2020-q2-update.win32_2.0.0.202105311346/tools/bin/../lib/gcc/arm-none-eabi/9.3.1/../../../../arm-none-eabi/lib/thumb/v6-m/nofp\libc_nano.a(lib_a-getenv_r.o)
                0x0000000008011d40                _findenv_r
 .text._getenv_r
                0x0000000008011db8        0xa d:/stm32/stm32cubeide_1.7.0/stm32cubeide/plugins/com.st.stm32cube.ide.mcu.externaltools.gnu-tools-for-stm32.9-2020-q2-update.win32_2.0.0.202105311346/tools/bin/../lib/gcc/arm-none-eabi/9.3.1/../../../../arm-none-eabi/lib/thumb/v6-m/nofp\libc_nano.a(lib_a-getenv_r.o)
                0x0000000008011db8                _getenv_r
 *fill*         0x0000000008011dc2        0x2 
 .text.__gettzinfo
                0x0000000008011dc4        0x8 d:/stm32/stm32cubeide_1.7.0/stm32cubeide/plugins/com.st.stm32cube.ide.mcu.externaltools.gnu-tools-for-stm32.9-2020-q2-update.win32_2.0.0.202105311346/tools/bin/../lib/gcc/arm-none-eabi/9.3.1/../../../../arm-none-eabi/lib/thumb/v6-m/nofp\libc_nano.a(lib_a-gettzinfo.o)
                0x0000000008011dc4                __gettzinfo
 .text.__retarget_lock_acquire
                0x0000000008011dcc        0x2 d:/stm32/stm32cubeide_1.7.0/stm32cubeide/plugins/com.st.stm32cube.ide.mcu.externaltools.gnu-tools-for-stm32.9-2020-q2-update.win32_2.0.0.202105311346/tools/bin/../lib/gcc/arm-none-eabi/9.3.1/../../../../arm-none-eabi/lib/thumb/v6-m/nofp\libc_nano.a(lib_a-lock.o)
                0x0000000008011dcc                __retarget_lock_acquire
 .text.__retarget_lock_acquire_recursive
                0x0000000008011dce        0x2 d:/stm32/stm32cubeide_1.7.0/stm32cubeide/plugins/com.st.stm32cube.ide.mcu.externaltools.gnu-tools-for-stm32.9-2020-q2-update.win32_2.0.0.202105311346/tools/bin/../lib/gcc/arm-none-eabi/9.3.1/../../../../arm-none-eabi/lib/thumb/v6-m/nofp\libc_nano.a(lib_a-lock.o)
                0x0000000008011dce                __retarget_lock_acquire_recursive
 .text.__retarget_lock_release
                0x0000000008011dd0        0x2 d:/stm32/stm32cubeide_1.7.0/stm32cubeide/plugins/com.st.stm32cube.ide.mcu.externaltools.gnu-tools-for-stm32.9-2020-q2-update.win32_2.0.0.202105311346/tools/bin/../lib/gcc/arm-none-eabi/9.3.1/../../../../arm-none-eabi/lib/thumb/v6-m/nofp\libc_nano.a(lib_a-lock.o)
                0x0000000008011dd0                __retarget_lock_release
 .text.__retarget_lock_release_recursive
                0x0000000008011dd2        0x2 d:/stm32/stm32cubeide_1.7.0/stm32cubeide/plugins/com.st.stm32cube.ide.mcu.externaltools.gnu-tools-for-stm32.9-2020-q2-update.win32_2.0.0.202105311346/tools/bin/../lib/gcc/arm-none-eabi/9.3.1/../../../../arm-none-eabi/lib/thumb/v6-m/nofp\libc_nano.a(lib_a-lock.o)
                0x0000000008011dd2                __retarget_lock_release_recursive
 .text.free     0x0000000008011dd4       0x14 d:/stm32/stm32cubeide_1.7.0/stm32cubeide/plugins/com.st.stm32cube.ide.mcu.externaltools.gnu-tools-for-stm32.9-2020-q2-update.win32_2.0.0.202105311346/tools/bin/../lib/gcc/arm-none-eabi/9.3.1/../../../../arm-none-eabi/lib/thumb/v6-m/nofp\libc_nano.a(lib_a-malloc.o)
                0x0000000008011dd4                free
 .text._free_r  0x0000000008011de8       0x94 d:/stm32/stm32cubeide_1.7.0/stm32cubeide/plugins/com.st.stm32cube.ide.mcu.externaltools.gnu-tools-for-stm32.9-2020-q2-update.win32_2.0.0.202105311346/tools/bin/../lib/gcc/arm-none-eabi/9.3.1/../../../../arm-none-eabi/lib/thumb/v6-m/nofp\libc_nano.a(lib_a-nano-freer.o)
                0x0000000008011de8                _free_r
 .text._malloc_r
                0x0000000008011e7c       0xbc d:/stm32/stm32cubeide_1.7.0/stm32cubeide/plugins/com.st.stm32cube.ide.mcu.externaltools.gnu-tools-for-stm32.9-2020-q2-update.win32_2.0.0.202105311346/tools/bin/../lib/gcc/arm-none-eabi/9.3.1/../../../../arm-none-eabi/lib/thumb/v6-m/nofp\libc_nano.a(lib_a-nano-mallocr.o)
                0x0000000008011e7c                _malloc_r
 .text.__ssputs_r
                0x0000000008011f38       0xc4 d:/stm32/stm32cubeide_1.7.0/stm32cubeide/plugins/com.st.stm32cube.ide.mcu.externaltools.gnu-tools-for-stm32.9-2020-q2-update.win32_2.0.0.202105311346/tools/bin/../lib/gcc/arm-none-eabi/9.3.1/../../../../arm-none-eabi/lib/thumb/v6-m/nofp\libc_nano.a(lib_a-nano-svfprintf.o)
                0x0000000008011f38                __ssputs_r
 .text._svfprintf_r
                0x0000000008011ffc      0x200 d:/stm32/stm32cubeide_1.7.0/stm32cubeide/plugins/com.st.stm32cube.ide.mcu.externaltools.gnu-tools-for-stm32.9-2020-q2-update.win32_2.0.0.202105311346/tools/bin/../lib/gcc/arm-none-eabi/9.3.1/../../../../arm-none-eabi/lib/thumb/v6-m/nofp\libc_nano.a(lib_a-nano-svfprintf.o)
                0x0000000008011ffc                _svfiprintf_r
                0x0000000008011ffc                _svfprintf_r
 .text._printf_common
                0x00000000080121fc       0xde d:/stm32/stm32cubeide_1.7.0/stm32cubeide/plugins/com.st.stm32cube.ide.mcu.externaltools.gnu-tools-for-stm32.9-2020-q2-update.win32_2.0.0.202105311346/tools/bin/../lib/gcc/arm-none-eabi/9.3.1/../../../../arm-none-eabi/lib/thumb/v6-m/nofp\libc_nano.a(lib_a-nano-vfprintf_i.o)
                0x00000000080121fc                _printf_common
 *fill*         0x00000000080122da        0x2 
 .text._printf_i
                0x00000000080122dc      0x224 d:/stm32/stm32cubeide_1.7.0/stm32cubeide/plugins/com.st.stm32cube.ide.mcu.externaltools.gnu-tools-for-stm32.9-2020-q2-update.win32_2.0.0.202105311346/tools/bin/../lib/gcc/arm-none-eabi/9.3.1/../../../../arm-none-eabi/lib/thumb/v6-m/nofp\libc_nano.a(lib_a-nano-vfprintf_i.o)
                0x00000000080122dc                _printf_i
 .text._sbrk_r  0x0000000008012500       0x24 d:/stm32/stm32cubeide_1.7.0/stm32cubeide/plugins/com.st.stm32cube.ide.mcu.externaltools.gnu-tools-for-stm32.9-2020-q2-update.win32_2.0.0.202105311346/tools/bin/../lib/gcc/arm-none-eabi/9.3.1/../../../../arm-none-eabi/lib/thumb/v6-m/nofp\libc_nano.a(lib_a-sbrkr.o)
                0x0000000008012500                _sbrk_r
 .text.sscanf   0x0000000008012524       0x50 d:/stm32/stm32cubeide_1.7.0/stm32cubeide/plugins/com.st.stm32cube.ide.mcu.externaltools.gnu-tools-for-stm32.9-2020-q2-update.win32_2.0.0.202105311346/tools/bin/../lib/gcc/arm-none-eabi/9.3.1/../../../../arm-none-eabi/lib/thumb/v6-m/nofp\libc_nano.a(lib_a-sscanf.o)
                0x0000000008012524                siscanf
                0x0000000008012524                sscanf
 .text.__seofread
                0x0000000008012574        0x4 d:/stm32/stm32cubeide_1.7.0/stm32cubeide/plugins/com.st.stm32cube.ide.mcu.externaltools.gnu-tools-for-stm32.9-2020-q2-update.win32_2.0.0.202105311346/tools/bin/../lib/gcc/arm-none-eabi/9.3.1/../../../../arm-none-eabi/lib/thumb/v6-m/nofp\libc_nano.a(lib_a-stdio.o)
                0x0000000008012574                __seofread
 .text.strcpy   0x0000000008012578       0x10 d:/stm32/stm32cubeide_1.7.0/stm32cubeide/plugins/com.st.stm32cube.ide.mcu.externaltools.gnu-tools-for-stm32.9-2020-q2-update.win32_2.0.0.202105311346/tools/bin/../lib/gcc/arm-none-eabi/9.3.1/../../../../arm-none-eabi/lib/thumb/v6-m/nofp\libc_nano.a(lib_a-strcpy.o)
                0x0000000008012578                strcpy
 .text.strncmp  0x0000000008012588       0x22 d:/stm32/stm32cubeide_1.7.0/stm32cubeide/plugins/com.st.stm32cube.ide.mcu.externaltools.gnu-tools-for-stm32.9-2020-q2-update.win32_2.0.0.202105311346/tools/bin/../lib/gcc/arm-none-eabi/9.3.1/../../../../arm-none-eabi/lib/thumb/v6-m/nofp\libc_nano.a(lib_a-strncmp.o)
                0x0000000008012588                strncmp
 *fill*         0x00000000080125aa        0x2 
 .text._strtoul_l.isra.0
                0x00000000080125ac      0x118 d:/stm32/stm32cubeide_1.7.0/stm32cubeide/plugins/com.st.stm32cube.ide.mcu.externaltools.gnu-tools-for-stm32.9-2020-q2-update.win32_2.0.0.202105311346/tools/bin/../lib/gcc/arm-none-eabi/9.3.1/../../../../arm-none-eabi/lib/thumb/v6-m/nofp\libc_nano.a(lib_a-strtoul.o)
 .text._strtoul_r
                0x00000000080126c4        0x8 d:/stm32/stm32cubeide_1.7.0/stm32cubeide/plugins/com.st.stm32cube.ide.mcu.externaltools.gnu-tools-for-stm32.9-2020-q2-update.win32_2.0.0.202105311346/tools/bin/../lib/gcc/arm-none-eabi/9.3.1/../../../../arm-none-eabi/lib/thumb/v6-m/nofp\libc_nano.a(lib_a-strtoul.o)
                0x00000000080126c4                _strtoul_r
 .text.strtoul  0x00000000080126cc       0x18 d:/stm32/stm32cubeide_1.7.0/stm32cubeide/plugins/com.st.stm32cube.ide.mcu.externaltools.gnu-tools-for-stm32.9-2020-q2-update.win32_2.0.0.202105311346/tools/bin/../lib/gcc/arm-none-eabi/9.3.1/../../../../arm-none-eabi/lib/thumb/v6-m/nofp\libc_nano.a(lib_a-strtoul.o)
                0x00000000080126cc                strtoul
 .text.__env_lock
                0x00000000080126e4       0x10 d:/stm32/stm32cubeide_1.7.0/stm32cubeide/plugins/com.st.stm32cube.ide.mcu.externaltools.gnu-tools-for-stm32.9-2020-q2-update.win32_2.0.0.202105311346/tools/bin/../lib/gcc/arm-none-eabi/9.3.1/../../../../arm-none-eabi/lib/thumb/v6-m/nofp\libc_nano.a(lib_a-envlock.o)
                0x00000000080126e4                __env_lock
 .text.__env_unlock
                0x00000000080126f4       0x10 d:/stm32/stm32cubeide_1.7.0/stm32cubeide/plugins/com.st.stm32cube.ide.mcu.externaltools.gnu-tools-for-stm32.9-2020-q2-update.win32_2.0.0.202105311346/tools/bin/../lib/gcc/arm-none-eabi/9.3.1/../../../../arm-none-eabi/lib/thumb/v6-m/nofp\libc_nano.a(lib_a-envlock.o)
                0x00000000080126f4                __env_unlock
 .text.memchr   0x0000000008012704       0x16 d:/stm32/stm32cubeide_1.7.0/stm32cubeide/plugins/com.st.stm32cube.ide.mcu.externaltools.gnu-tools-for-stm32.9-2020-q2-update.win32_2.0.0.202105311346/tools/bin/../lib/gcc/arm-none-eabi/9.3.1/../../../../arm-none-eabi/lib/thumb/v6-m/nofp\libc_nano.a(lib_a-memchr-stub.o)
                0x0000000008012704                memchr
 .text.memcpy   0x000000000801271a       0x12 d:/stm32/stm32cubeide_1.7.0/stm32cubeide/plugins/com.st.stm32cube.ide.mcu.externaltools.gnu-tools-for-stm32.9-2020-q2-update.win32_2.0.0.202105311346/tools/bin/../lib/gcc/arm-none-eabi/9.3.1/../../../../arm-none-eabi/lib/thumb/v6-m/nofp\libc_nano.a(lib_a-memcpy-stub.o)
                0x000000000801271a                memcpy
 .text.memmove  0x000000000801272c       0x26 d:/stm32/stm32cubeide_1.7.0/stm32cubeide/plugins/com.st.stm32cube.ide.mcu.externaltools.gnu-tools-for-stm32.9-2020-q2-update.win32_2.0.0.202105311346/tools/bin/../lib/gcc/arm-none-eabi/9.3.1/../../../../arm-none-eabi/lib/thumb/v6-m/nofp\libc_nano.a(lib_a-memmove.o)
                0x000000000801272c                memmove
 *fill*         0x0000000008012752        0x2 
 .text.__malloc_lock
                0x0000000008012754       0x10 d:/stm32/stm32cubeide_1.7.0/stm32cubeide/plugins/com.st.stm32cube.ide.mcu.externaltools.gnu-tools-for-stm32.9-2020-q2-update.win32_2.0.0.202105311346/tools/bin/../lib/gcc/arm-none-eabi/9.3.1/../../../../arm-none-eabi/lib/thumb/v6-m/nofp\libc_nano.a(lib_a-mlock.o)
                0x0000000008012754                __malloc_lock
 .text.__malloc_unlock
                0x0000000008012764       0x10 d:/stm32/stm32cubeide_1.7.0/stm32cubeide/plugins/com.st.stm32cube.ide.mcu.externaltools.gnu-tools-for-stm32.9-2020-q2-update.win32_2.0.0.202105311346/tools/bin/../lib/gcc/arm-none-eabi/9.3.1/../../../../arm-none-eabi/lib/thumb/v6-m/nofp\libc_nano.a(lib_a-mlock.o)