core_cm0.h:856:34:__NVIC_SystemReset	8	static,ignoring_inline_asm
cmmain.c:182:6:cmmain	56	static
cmmain.c:408:6:compare_cvs	24	static
cmmain.c:459:6:configuration_service	16	static
cmmain.c:555:10:convert_to_epoch	104	static
cmmain.c:608:6:crash	8	static
cmmain.c:626:6:dma_ch4_5_ih	16	static
cmmain.c:655:6:erase_all_records	8	static
cmmain.c:682:6:flush_array	24	static
cmmain.c:707:9:json_get_value	32	static
cmmain.c:795:9:ping_response	40	static
cmmain.c:914:10:publish_meter_readings	760	static
cmmain.c:1095:9:read_settings_from_flash	56	static
cmmain.c:1255:6:store_devinfo_to_flash	48	static
cmmain.c:1303:6:store_records_to_flash	32	static
cmmain.c:1351:6:store_settings_to_flash	80	static
cmmain.c:1404:13:explode_string	32	static
cmmain.c:1460:13:read_clock_from_flash	40	static
cmmain.c:1533:13:read_devinfo_from_flash	48	static
cmmain.c:1635:16:read_runtime_parameters_from_flash	56	static
cmmain.c:1722:13:state_machine	48	static
cmmain.c:1793:13:store_clock_to_flash	40	static
cmmain.c:1832:13:store_runtime_parameters_to_flash	40	static
