core_cm0.h:856:34:__NVIC_SystemReset	8	static,ignoring_inline_asm
cmmain.c:277:6:cmmain	40	static
cmmain.c:455:6:compare_cvs	24	static
cmmain.c:506:6:configuration_service	16	static
cmmain.c:602:10:convert_to_epoch	104	static
cmmain.c:655:6:dma_ch4_5_ih	16	static
cmmain.c:682:6:crash	8	static
cmmain.c:699:6:erase_all_records	8	static
cmmain.c:723:6:flush_array	24	static
cmmain.c:748:9:json_get_value	32	static
cmmain.c:836:9:ping_response	40	static
cmmain.c:955:10:publish_meter_readings	760	static
cmmain.c:1141:6:store_devinfo_to_flash	48	static
cmmain.c:1187:6:store_records_to_flash	32	static
cmmain.c:1240:13:explode_string	32	static
cmmain.c:1296:13:read_clock_from_flash	40	static
cmmain.c:1364:13:read_devinfo_from_flash	48	static
cmmain.c:1446:16:read_runtime_parameters_from_flash	48	static
cmmain.c:1535:16:read_settings_from_flash	56	static
cmmain.c:1692:13:state_machine	48	static
cmmain.c:1763:13:store_clock_to_flash	40	static
cmmain.c:1802:13:store_runtime_parameters_to_flash	40	static
cmmain.c:1844:13:store_settings_to_flash	80	static
