gsm.c:1435:9:gsm_answer	8	static
gsm.c:1453:6:gsm_init	8	static
gsm.c:1475:6:gsm_request	16	static
gsm.c:1497:6:gsm_timer_ih	8	static
gsm.c:1518:17:e_always	8	static
gsm.c:1530:17:e_eof	16	static
gsm.c:1555:17:e_equalcvs	8	static
gsm.c:1568:17:e_outidle	16	static
gsm.c:1582:17:e_pingok	16	static
gsm.c:1602:17:e_rcverr	8	static
gsm.c:1620:17:e_rcvovflow	8	static
gsm.c:1631:17:e_rcvok	8	static
gsm.c:1642:17:e_rcvtimout	8	static
gsm.c:1653:17:e_reqclock	16	static
gsm.c:1678:17:e_reqconnect	16	static
gsm.c:1703:17:e_reqdisconn	16	static
gsm.c:1729:17:e_reqnone	8	static
gsm.c:1742:17:e_reqping	16	static
gsm.c:1767:17:e_reqpower	16	static
gsm.c:1793:17:e_reqpwrdown	16	static
gsm.c:1819:17:e_reqrdtwin	16	static
gsm.c:1847:17:e_reqrecords	16	static
gsm.c:1871:17:e_requpdcfg	16	static
gsm.c:1895:17:e_requpdtwin	16	static
gsm.c:1924:17:e_rxat	8	static
gsm.c:1941:17:e_rxccid	16	static
gsm.c:1955:17:e_rxconnect	16	static
gsm.c:1971:17:e_rxconnok	16	static
gsm.c:1985:17:e_rxcpinr	16	static
gsm.c:2000:17:e_rxcr	8	static
gsm.c:2011:17:e_rxcsq	16	static
gsm.c:2026:17:e_rxgt	8	static
gsm.c:2048:17:e_rximei	16	static
gsm.c:2071:17:e_rximsi	16	static
gsm.c:2095:17:e_rxjsonend	16	static
gsm.c:2122:17:e_rxok	8	static
gsm.c:2139:17:e_rxopenok	16	static
gsm.c:2153:17:e_rxqcfg	16	static
gsm.c:2167:17:e_rxqhtget	16	static
gsm.c:2182:17:e_rxqhtpost	16	static
gsm.c:2196:17:e_rxqhtrdfile	16	static
gsm.c:2211:17:e_rxqhtread	16	static
gsm.c:2225:17:e_rxqmtclose	16	static
gsm.c:2239:17:e_rxqmtdisc	16	static
gsm.c:2253:17:e_rxqmtpub	16	static
gsm.c:2270:17:e_rxqmtrecv	16	static
gsm.c:2284:17:e_rxqmtstat	16	static
gsm.c:2298:17:e_rxqmtsub	16	static
gsm.c:2314:17:e_rxrdy	8	static
gsm.c:2331:17:e_rxtime	16	static
gsm.c:2351:17:e_timeout	8	static
gsm.c:2370:17:e_updcacert	8	static
gsm.c:2382:17:e_updclcert	8	static
gsm.c:2393:17:e_updclkey	8	static
gsm.c:2404:17:e_updfver	8	static
gsm.c:2416:17:e_updmver	8	static
gsm.c:2429:17:e_updsconfig	8	static
gsm.c:2446:13:a_accumjson	16	static
gsm.c:2482:13:a_ansbadcfg	8	static
gsm.c:2495:13:a_ansconnected	8	static
gsm.c:2509:13:a_ansinprogress	8	static
gsm.c:2521:13:a_ansneedping	8	static
gsm.c:2534:13:a_ansnopower	8	static
gsm.c:2546:13:a_anspowered	8	static
gsm.c:2559:13:a_buildpost	40	static
gsm.c:2593:13:a_clrupdca	8	static
gsm.c:2606:13:a_clrupdcc	8	static
gsm.c:2619:13:a_clrupdck	8	static
gsm.c:2631:13:a_clrupdfv	8	static
gsm.c:2643:13:a_clrupdmv	8	static
gsm.c:2657:13:a_clrupdsc	8	static
gsm.c:2670:13:a_flushrx	8	static
gsm.c:2682:13:a_gotcpinr	8	static
gsm.c:2694:13:a_gotrdy	8	static
gsm.c:2706:13:a_increcnum	8	static
gsm.c:2719:13:a_initjson	8	static
gsm.c:2738:13:a_initrecnum	8	static
gsm.c:2751:13:a_initvars	8	static
gsm.c:2764:13:a_nop	8	static
gsm.c:2775:13:a_powerdn	8	static
gsm.c:2794:13:a_powerup	8	static
gsm.c:2814:13:a_processjson	8	static
gsm.c:2826:13:a_processping	8	static
gsm.c:2838:13:a_processsc	8	static
gsm.c:2852:13:a_rcvdata	16	static
gsm.c:2864:13:a_rcvinitmsgs	8	static
gsm.c:2876:13:a_rcvqmt	16	static
gsm.c:2889:13:a_reset	8	static
gsm.c:2904:13:a_saveccid	16	static
gsm.c:2929:13:a_savegmr	16	static
gsm.c:2959:13:a_saveimei	16	static
gsm.c:2977:13:a_saveimsi	16	static
gsm.c:2995:13:a_savetime	8	static
gsm.c:3008:13:a_tmr10	8	static,ignoring_inline_asm
gsm.c:3022:13:a_trapn	8	static
gsm.c:3043:13:a_trate0	8	static
gsm.c:3064:13:a_trcgreg	8	static
gsm.c:3085:13:a_trcimi	8	static
gsm.c:3105:13:a_trcreg	8	static
gsm.c:3126:13:a_trcsq	8	static
gsm.c:3146:13:a_trgmr	8	static
gsm.c:3167:13:a_trgsn	8	static
gsm.c:3190:13:a_trhtcfgc	8	static
gsm.c:3210:13:a_trhtcfgrqh	8	static
gsm.c:3230:13:a_trhtcfgrqh2	8	static
gsm.c:3251:13:a_trhtget	8	static
gsm.c:3271:13:a_trhtpost1	16	static
gsm.c:3294:13:a_trhtpost2	8	static
gsm.c:3315:13:a_trhtrdfile	8	static
gsm.c:3335:13:a_trhtrdfile2	8	static
gsm.c:3355:13:a_trhtrdfile3	8	static
gsm.c:3375:13:a_trhtread	8	static
gsm.c:3397:13:a_trhturl2	8	static
gsm.c:3418:13:a_trhturlca	16	static
gsm.c:3444:13:a_trhturlcc	16	static
gsm.c:3470:13:a_trhturlck	16	static
gsm.c:3498:13:a_trhturlp	16	static
gsm.c:3524:13:a_trhturlsc	16	static
gsm.c:3552:13:a_trmsg1	8	static
gsm.c:3572:13:a_trqccid	8	static
gsm.c:3592:13:a_trqcfg	8	static
gsm.c:3613:13:a_trqiact	8	static
gsm.c:3635:13:a_trqmtcfg1	8	static
gsm.c:3656:13:a_trqmtcfg2	8	static
gsm.c:3677:13:a_trqmtclose	8	static
gsm.c:3698:13:a_trqmtconn	32	static
gsm.c:3724:13:a_trqmtdisc	8	static
gsm.c:3745:13:a_trqmtopen	16	static
gsm.c:3770:13:a_trqmtpub	16	static
gsm.c:3795:13:a_trqmtpub2	16	static
gsm.c:3821:13:a_trqmtpub3	16	static
gsm.c:3848:13:a_trqmtsub	16	static
gsm.c:3873:13:a_trqntp	8	static
gsm.c:3894:13:a_trqssl1	8	static
gsm.c:3915:13:a_trqssl2	8	static
gsm.c:3937:13:a_trqssl3	8	static
gsm.c:3958:13:a_trqssl4	8	static
gsm.c:3979:13:a_trqssl5	8	static
gsm.c:4000:13:a_trqssl6	8	static
gsm.c:4023:13:a_trqurccfg	8	static
gsm.c:4044:13:a_txnul	8	static
gsm.c:4056:13:a_txrecord	24	static
gsm.c:4071:13:a_txsub	8	static
gsm.c:4086:13:a_txtwin	48	static
gsm.c:4111:13:a_txz	8	static
gsm.c:4134:17:compare	32	static
gsm.c:4170:13:gsm_rcv_ih	16	static
gsm.c:4188:13:state_trace	24	static
