gsm.c:355:6:gsm_init	8	static
gsm.c:377:6:gsm_timer_ih	8	static
gsm.c:398:17:e_always	8	static
gsm.c:410:17:e_quecready	8	static
gsm.c:421:17:e_rcverr	8	static
gsm.c:439:17:e_rcvok	8	static
gsm.c:450:17:e_rcvtimout	8	static
gsm.c:462:17:e_rxat	8	static
gsm.c:479:17:e_rxccid	16	static
gsm.c:493:17:e_rxcpinr	16	static
gsm.c:507:17:e_rximei	16	static
gsm.c:530:17:e_rximsi	16	static
gsm.c:553:17:e_rxok	8	static
gsm.c:571:17:e_rxrdy	8	static
gsm.c:588:17:e_timeout	8	static
gsm.c:609:13:a_flushrx	8	static
gsm.c:621:13:a_gotcpinr	8	static
gsm.c:633:13:a_gotrdy	8	static
gsm.c:645:13:a_initvars	8	static
gsm.c:658:13:a_nop	8	static
gsm.c:669:13:a_rcvdata	8	static
gsm.c:681:13:a_rcvinitmsgs	8	static
gsm.c:693:13:a_reset	8	static
gsm.c:705:13:a_saveccid	16	static
gsm.c:730:13:a_saveimei	16	static
gsm.c:748:13:a_saveimsi	16	static
gsm.c:766:13:a_tmr5sec	8	static,ignoring_inline_asm
gsm.c:780:13:a_trapn	8	static
gsm.c:800:13:a_trcimi	8	static
gsm.c:820:13:a_trgsn	8	static
gsm.c:843:13:a_trmsg1	8	static
gsm.c:863:13:a_trqccid	8	static
gsm.c:883:13:a_trqcfg	8	static
gsm.c:945:13:a_trqurccfg	8	static
gsm.c:966:13:a_txate0	8	static
gsm.c:989:17:compare	24	static
gsm.c:1021:13:gsm_rcv_ih	16	static
gsm.c:1028:13:state_trace	16	static
