gsm.c:1619:9:gsm_answer	8	static
gsm.c:1637:6:gsm_init	8	static
gsm.c:1661:6:gsm_request	16	static
gsm.c:1681:6:gsm_timer_ih	8	static
gsm.c:1715:17:e_always	8	static
gsm.c:1728:17:e_eof	16	static
gsm.c:1753:17:e_equalcvs	8	static
gsm.c:1766:17:e_outidle	16	static
gsm.c:1782:17:e_pingok	16	static
gsm.c:1802:17:e_rcverr	8	static
gsm.c:1820:17:e_rcvovflow	8	static
gsm.c:1831:17:e_rcvok	16	static
gsm.c:1859:17:e_rcvtimout	8	static
gsm.c:1870:17:e_registered	8	static
gsm.c:1881:17:e_reqclock	16	static
gsm.c:1905:17:e_reqconnect	16	static
gsm.c:1930:17:e_reqdisconn	16	static
gsm.c:1955:17:e_reqnone	8	static
gsm.c:1966:17:e_reqping	16	static
gsm.c:1990:17:e_reqpower	16	static
gsm.c:2014:17:e_reqpwrdown	16	static
gsm.c:2038:17:e_reqrdtwin	16	static
gsm.c:2062:17:e_reqrecords	16	static
gsm.c:2086:17:e_requpdcfg	16	static
gsm.c:2110:17:e_requpdtwin	16	static
gsm.c:2134:17:e_rssiok	8	static
gsm.c:2145:17:e_rxat	8	static
gsm.c:2162:17:e_rxccid	16	static
gsm.c:2176:17:e_rxconnect	16	static
gsm.c:2190:17:e_rxconnok	16	static
gsm.c:2204:17:e_rxcopsq	16	static
gsm.c:2218:17:e_rxcpinr	16	static
gsm.c:2232:17:e_rxcr	8	static
gsm.c:2243:17:e_rxcsq	16	static
gsm.c:2257:17:e_rxgt	8	static
gsm.c:2274:17:e_rximei	16	static
gsm.c:2297:17:e_rximsi	16	static
gsm.c:2320:17:e_rxjsonend	16	static
gsm.c:2347:17:e_rxok	8	static
gsm.c:2364:17:e_rxopenok	16	static
gsm.c:2378:17:e_rxqcfg	16	static
gsm.c:2392:17:e_rxqhtget	16	static
gsm.c:2406:17:e_rxqhtpost	16	static
gsm.c:2420:17:e_rxqhtrdfile	16	static
gsm.c:2434:17:e_rxqhtread	16	static
gsm.c:2448:17:e_rxqmtclose	16	static
gsm.c:2462:17:e_rxqmtdisc	16	static
gsm.c:2476:17:e_rxqmtpub	16	static
gsm.c:2490:17:e_rxqmtrecv	16	static
gsm.c:2504:17:e_rxqmtstat	16	static
gsm.c:2518:17:e_rxqmtsub	16	static
gsm.c:2532:17:e_rxrdy	8	static
gsm.c:2550:17:e_rxregq	16	static
gsm.c:2564:17:e_rxtime	16	static
gsm.c:2584:17:e_timeout	8	static
gsm.c:2601:17:e_timeout2	8	static
gsm.c:2618:17:e_updcacert	8	static
gsm.c:2629:17:e_updclcert	8	static
gsm.c:2640:17:e_updclkey	8	static
gsm.c:2651:17:e_updcv	8	static
gsm.c:2662:17:e_updfver	8	static
gsm.c:2673:17:e_updmver	8	static
gsm.c:2684:17:e_updsconfig	8	static
gsm.c:2699:13:a_accumjson	16	static
gsm.c:2735:13:a_ansbadcfg	8	static
gsm.c:2747:13:a_ansconnected	8	static
gsm.c:2759:13:a_ansinprogress	8	static
gsm.c:2771:13:a_ansneedping	8	static
gsm.c:2783:13:a_ansnopower	8	static
gsm.c:2795:13:a_anspowered	8	static
gsm.c:2807:13:a_buildpost	40	static
gsm.c:2840:13:a_clrpingfailed	8	static
gsm.c:2852:13:a_clrupdca	8	static
gsm.c:2864:13:a_clrupdcc	8	static
gsm.c:2876:13:a_clrupdck	8	static
gsm.c:2888:13:a_clrupdfv	8	static
gsm.c:2900:13:a_clrupdmv	8	static
gsm.c:2912:13:a_clrupdsc	8	static
gsm.c:2924:13:a_flushrx	8	static
gsm.c:2938:13:a_increcnum	8	static
gsm.c:2950:13:a_initjson	8	static
gsm.c:2968:13:a_initrecnum	8	static
gsm.c:2980:13:a_initvars	8	static
gsm.c:2993:13:a_nop	8	static
gsm.c:3006:13:a_powerup1	8	static
gsm.c:3019:13:a_powerup2	8	static
gsm.c:3032:13:a_processjson	8	static
gsm.c:3044:13:a_processping	8	static
gsm.c:3056:13:a_processsc	8	static
gsm.c:3068:13:a_rcvdata	16	static
gsm.c:3081:13:a_rcvinitmsgs	16	static
gsm.c:3094:13:a_rcvqmt	16	static
gsm.c:3107:13:a_saveccid	16	static
gsm.c:3133:13:a_savecsq	16	static
gsm.c:3188:13:a_savegmr	16	static
gsm.c:3218:13:a_saveimei	16	static
gsm.c:3236:13:a_saveimsi	16	static
gsm.c:3254:13:a_saveregq	8	static
gsm.c:3276:13:a_savetime	8	static
gsm.c:3288:13:a_setpingfailed	8	static
gsm.c:3300:13:a_t2mr5min	8	static,ignoring_inline_asm
gsm.c:3314:13:a_t2mr60	8	static,ignoring_inline_asm
gsm.c:3328:13:a_tmr1	8	static,ignoring_inline_asm
gsm.c:3342:13:a_tmr10	8	static,ignoring_inline_asm
gsm.c:3356:13:a_trapn	8	static
gsm.c:3376:13:a_trate0	8	static
gsm.c:3406:13:a_trceregq	8	static
gsm.c:3426:13:a_trcfun0	8	static
gsm.c:3446:13:a_trcfun1	8	static
gsm.c:3466:13:a_trcgreg	8	static
gsm.c:3486:13:a_trcgregq	8	static
gsm.c:3506:13:a_trcimi	8	static
gsm.c:3526:13:a_trcmee	8	static
gsm.c:3546:13:a_trcopsq	8	static
gsm.c:3566:13:a_trcpinq	8	static
gsm.c:3586:13:a_trcreg	8	static
gsm.c:3606:13:a_trcsq	8	static
gsm.c:3626:13:a_trgmr	8	static
gsm.c:3646:13:a_trgsn	8	static
gsm.c:3666:13:a_trhtcfgc	8	static
gsm.c:3686:13:a_trhtcfgrqh	8	static
gsm.c:3706:13:a_trhtcfgrqh2	8	static
gsm.c:3726:13:a_trhtget	8	static
gsm.c:3746:13:a_trhtpost1	16	static
gsm.c:3769:13:a_trhtpost2	8	static
gsm.c:3789:13:a_trhtrdfile	8	static
gsm.c:3809:13:a_trhtrdfile2	8	static
gsm.c:3829:13:a_trhtrdfile3	8	static
gsm.c:3849:13:a_trhtread	8	static
gsm.c:3869:13:a_trhturl2	8	static
gsm.c:3889:13:a_trhturlca	16	static
gsm.c:3915:13:a_trhturlcc	16	static
gsm.c:3941:13:a_trhturlck	16	static
gsm.c:3967:13:a_trhturlp	16	static
gsm.c:3992:13:a_trhturlsc	16	static
gsm.c:4018:13:a_trmsg1	8	static
gsm.c:4038:13:a_trqccid	8	static
gsm.c:4058:13:a_trqcfg	8	static
gsm.c:4078:13:a_trqcfg2	8	static
gsm.c:4098:13:a_trqiact	8	static
gsm.c:4118:13:a_trqlts	8	static
gsm.c:4138:13:a_trqmtcfg1	8	static
gsm.c:4159:13:a_trqmtcfg2	8	static
gsm.c:4180:13:a_trqmtclose	8	static
gsm.c:4201:13:a_trqmtconn	32	static
gsm.c:4227:13:a_trqmtdisc	8	static
gsm.c:4248:13:a_trqmtopen	16	static
gsm.c:4275:13:a_trqmtpub	16	static
gsm.c:4300:13:a_trqmtpub2	16	static
gsm.c:4325:13:a_trqmtpub3	16	static
gsm.c:4350:13:a_trqmtsub	16	static
gsm.c:4375:13:a_trqntp	8	static
gsm.c:4396:13:a_trqpowd	8	static
gsm.c:4417:13:a_trqssl1	8	static
gsm.c:4438:13:a_trqssl2	8	static
gsm.c:4459:13:a_trqssl3	8	static
gsm.c:4480:13:a_trqssl4	8	static
gsm.c:4501:13:a_trqssl5	8	static
gsm.c:4522:13:a_trqssl6	8	static
gsm.c:4543:13:a_trqurccfg	8	static
gsm.c:4564:13:a_txnul	8	static
gsm.c:4576:13:a_txrecord	24	static
gsm.c:4591:13:a_txsub	8	static
gsm.c:4605:13:a_txtwin	48	static
gsm.c:4627:13:a_updatecv	16	static
gsm.c:4661:17:compare	32	static
gsm.c:4698:13:gsm_rcv_ih	16	static
gsm.c:4721:13:state_trace	24	static
