core_cm0.h:856:34:__NVIC_SystemReset	8	static,ignoring_inline_asm
main.c:256:6:HAL_UART_RxCpltCallback	40	static
main.c:525:6:HAL_TIM_PeriodElapsedCallback	16	static
main.c:603:8:convert_to_epoch	104	static
main.c:644:6:restart_esp	16	static
main.c:655:6:send_text_to_uart1	32	static
main.c:666:6:send_text_to_uart2	32	static
main.c:677:6:send_text_to_usb	32	static
main.c:690:6:flush_array	24	static
main.c:698:6:flush_tx_string	8	static
main.c:703:6:high_priority_tasks	8	static
main.c:708:6:wait_ms	16	static
main.c:720:6:flush_gsm_array	16	static
main.c:728:7:ble_initialize_gatt_client	24	static
main.c:741:7:activate_pdp	16	static
main.c:751:7:deactivate_pdp	16	static
main.c:762:6:esp_power_on	32	static
main.c:816:6:store_runtime_parameters_to_flash	40	static
main.c:845:7:read_runtime_parameters_from_flash	56	static
main.c:917:6:store_settings_to_flash	80	static
main.c:950:6:explode_string	32	static
main.c:981:7:read_settings_from_flash	80	static
main.c:1131:6:ble_get_paired_device	16	static
main.c:1137:6:ble_scan_available_device	16	static
main.c:1150:7:at_cmd_send	24	static
main.c:1183:7:at_cmd_send_esp	24	static
main.c:1214:6:check_gprs_network_registration	16	static
main.c:1251:7:__ROM_Page_Erase_	40	static
main.c:1274:6:__ROM_Write_32bit_	24	static
main.c:1283:6:__Call_BootLoader_	24	static
main.c:1303:7:ftp_download	48	static
main.c:1465:6:Be_SecondFW	24	static
main.c:1497:7:esp_enable_softap_mode	16	static
main.c:1533:7:ble_is_available_device_paired	16	static
main.c:1544:6:beep	16	static
main.c:1568:7:send_softap_response	432	static
main.c:1595:10:getIndexOf	40	static
main.c:1621:7:update_module_firmware	200	static
main.c:1821:7:update_device_firmware	56	static
main.c:1932:7:ping_service	80	static
main.c:2117:7:configuration_service	16	static
main.c:2277:7:get_root_ca_certificate	16	static
main.c:2325:7:get_client_certificate	16	static
main.c:2373:7:get_client_key	16	static
main.c:2422:7:get_server_clock	24	static
main.c:2500:7:get_ntp_clock	104	static
main.c:2581:7:json_get_value	32	static
main.c:2650:7:connect_mqtt_server	24	static
main.c:2695:6:disconnect_mqtt_connection	16	static
main.c:2701:6:power_down_bg96	16	static
main.c:2712:6:power_down_bg96_handler	8	static
main.c:2721:6:power_on_bg96	16	static
main.c:2765:6:erase_all_records	8	static
main.c:2776:7:get_gsm_signal_strength	24	static
main.c:2812:7:publish_meter_readings	1104	static
main.c:3011:7:read_device_twin	24	static
main.c:3119:7:update_device_twin	40	static
main.c:3143:6:server_clock_handler	8	static
main.c:3178:6:update_module_firmware_handler	8	static
main.c:3214:6:update_device_firmware_handler	8	static
main.c:3246:6:ping_service_handler	8	static
main.c:3296:6:configuration_service_handler	8	static
main.c:3325:6:ca_certificate_handler	8	static
main.c:3352:6:client_certificate_handler	8	static
main.c:3379:6:client_key_handler	8	static
main.c:3406:6:device_twin_handler	8	static
main.c:3449:6:publish_meter_readings_handler	8	static
main.c:3538:6:store_clock_to_flash	40	static
main.c:3564:6:read_clock_from_flash	48	static
main.c:3704:6:green_led_handler	8	static
main.c:3737:6:red_led_handler	8	static
main.c:3750:6:yellow_led_handler	8	static
main.c:3778:7:get_module_firmware_version	24	static
main.c:3802:6:wifi_command_handler	16	static
main.c:3834:6:esp_disable_softap_mode_handler	16	static
main.c:3844:6:update_cv_value	8	static
main.c:3861:5:main	144	static
main.c:4834:6:SystemClock_Config	104	static
main.c:4882:13:MX_RTC_Init	32	static
main.c:4944:13:MX_SPI1_Init	8	static
main.c:4984:13:MX_TIM6_Init	8	static
main.c:5014:13:MX_TIM7_Init	8	static
main.c:5044:13:MX_TIM16_Init	72	static
main.c:5106:13:MX_USART1_UART_Init	8	static
main.c:5141:13:MX_USART2_UART_Init	8	static
main.c:5176:13:MX_GPIO_Init	56	static
main.c:5247:6:Error_Handler	8	static
