stm32f0xx_it.c:75:6:NMI_Handler	8	static
stm32f0xx_it.c:88:6:HardFault_Handler	8	static
stm32f0xx_it.c:103:6:SVC_Handler	8	static
stm32f0xx_it.c:116:6:PendSV_Handler	8	static
stm32f0xx_it.c:129:6:SysTick_Handler	8	static
stm32f0xx_it.c:150:6:RCC_IRQHandler	8	static
stm32f0xx_it.c:163:6:TIM6_IRQHandler	8	static
stm32f0xx_it.c:177:6:TIM7_IRQHandler	8	static
stm32f0xx_it.c:191:6:SPI1_IRQHandler	8	static
stm32f0xx_it.c:205:6:USART1_IRQHandler	8	static
stm32f0xx_it.c:219:6:USART2_IRQHandler	8	static
stm32f0xx_it.c:233:6:USB_IRQHandler	8	static
