stm32f0xx_it.c:78:6:NMI_Handler	8	static
stm32f0xx_it.c:91:6:HardFault_Handler	8	static
stm32f0xx_it.c:106:6:SVC_Handler	8	static
stm32f0xx_it.c:119:6:PendSV_Handler	8	static
stm32f0xx_it.c:132:6:SysTick_Handler	8	static
stm32f0xx_it.c:157:6:RCC_IRQHandler	8	static
stm32f0xx_it.c:170:6:TIM6_IRQHandler	8	static
stm32f0xx_it.c:184:6:TIM7_IRQHandler	8	static
stm32f0xx_it.c:198:6:SPI1_IRQHandler	8	static
stm32f0xx_it.c:212:6:USART1_IRQHandler	8	static
stm32f0xx_it.c:226:6:USART2_IRQHandler	8	static
stm32f0xx_it.c:240:6:USB_IRQHandler	8	static
