winbond_mem.c:46:6:sFLASH_CS_LOW	8	static
winbond_mem.c:53:6:sFLASH_CS_HIGH	8	static
winbond_mem.c:71:6:sFLASH_Init	32	static
winbond_mem.c:94:6:sFLASH_EraseSector	16	static
winbond_mem.c:122:6:sFLASH_EraseBulk	16	static
winbond_mem.c:150:6:sFLASH_WriteByte	16	static
winbond_mem.c:275:9:sFLASH_ReadByte1	32	static
winbond_mem.c:316:6:sFLASH_SendByte	16	static
winbond_mem.c:321:9:sFLASH_ReadByte	16	static
winbond_mem.c:328:6:sFLASH_WriteEnable	8	static
winbond_mem.c:345:6:sFLASH_WaitForWriteEnd	24	static
