14:30:40 **** Incremental Build of configuration Debug for project BLIPGO_F070CBT6_New ****
make -j12 all 
arm-none-eabi-gcc "../Core/Src/cmmain.c" -mcpu=cortex-m0 -std=gnu11 -g3 -DDEBUG -DUSE_HAL_DRIVER -DSTM32F070xB -c -I../USB_DEVICE/App -I../USB_DEVICE/Target -I../Core/Inc -I../Drivers/STM32F0xx_HAL_Driver/Inc -I../Drivers/STM32F0xx_HAL_Driver/Inc/Legacy -I../Middlewares/ST/STM32_USB_Device_Library/Core/Inc -I../Middlewares/ST/STM32_USB_Device_Library/Class/CDC/Inc -I../Drivers/CMSIS/Device/ST/STM32F0xx/Include -I../Drivers/CMSIS/Include -O0 -ffunction-sections -fdata-sections -Wall -Wno-format -fstack-usage -MMD -MP -MF"Core/Src/cmmain.d" -MT"Core/Src/cmmain.o" --specs=nano.specs -mfloat-abi=soft -mthumb -o "Core/Src/cmmain.o"
../Core/Src/cmmain.c: In function 'cmmain':
../Core/Src/cmmain.c:202:5: warning: implicit declaration of function 'SystemClock_Config'; did you mean 'SysTick_Config'? [-Wimplicit-function-declaration]
  202 |     SystemClock_Config();
      |     ^~~~~~~~~~~~~~~~~~
      |     SysTick_Config
../Core/Src/cmmain.c:206:5: warning: implicit declaration of function '__HAL_RCC_DMA_CLK_ENABLE'; did you mean 'HAL_RCC_MODULE_ENABLED'? [-Wimplicit-function-declaration]
  206 |     __HAL_RCC_DMA_CLK_ENABLE();
      |     ^~~~~~~~~~~~~~~~~~~~~~~~
      |     HAL_RCC_MODULE_ENABLED
../Core/Src/cmmain.c:210:1: warning: implicit declaration of function 'send_text_to_usb' [-Wimplicit-function-declaration]
  210 | send_text_to_usb((char*)tx_string);
      | ^~~~~~~~~~~~~~~~
../Core/Src/cmmain.c:217:5: warning: implicit declaration of function 'quec_init'; did you mean 'led_init'? [-Wimplicit-function-declaration]
  217 |     quec_init();
      |     ^~~~~~~~~
      |     led_init
../Core/Src/cmmain.c:234:1: warning: implicit declaration of function 'esp_power_on' [-Wimplicit-function-declaration]
  234 | esp_power_on();
      | ^~~~~~~~~~~~
../Core/Src/cmmain.c:244:5: warning: implicit declaration of function 'quec_power_on' [-Wimplicit-function-declaration]
  244 |     quec_power_on();
      |     ^~~~~~~~~~~~~
arm-none-eabi-gcc -o "BLIPGO_F070CBT6_New.elf" @"objects.list"   -mcpu=cortex-m0 -T"D:\BGMICRO\CAREMATIX\IDE_WORKSPACES\blipgo_v0_0\BLIPGO_F070CBT6_New\STM32F070CBTX_FLASH.ld" --specs=nosys.specs -Wl,-Map="BLIPGO_F070CBT6_New.map" -Wl,--gc-sections -static --specs=nano.specs -mfloat-abi=soft -mthumb -Wl,--start-group -lc -lm -Wl,--end-group
d:\stm32\stm32cubeide_1.7.0\stm32cubeide\plugins\com.st.stm32cube.ide.mcu.externaltools.gnu-tools-for-stm32.9-2020-q2-update.win32_2.0.0.202105311346\tools\arm-none-eabi\bin\ld.exe: ./Core/Startup/startup_stm32f070cbtx.o:(.isr_vector+0x6c): undefined reference to `dma_ch4_5_ih'
d:\stm32\stm32cubeide_1.7.0\stm32cubeide\plugins\com.st.stm32cube.ide.mcu.externaltools.gnu-tools-for-stm32.9-2020-q2-update.win32_2.0.0.202105311346\tools\arm-none-eabi\bin\ld.exe: ./Core/Startup/startup_stm32f070cbtx.o:(.isr_vector+0xb0): undefined reference to `gsm_uart_ih'
d:\stm32\stm32cubeide_1.7.0\stm32cubeide\plugins\com.st.stm32cube.ide.mcu.externaltools.gnu-tools-for-stm32.9-2020-q2-update.win32_2.0.0.202105311346\tools\arm-none-eabi\bin\ld.exe: ./Core/Src/cmmain.o: in function `cmmain':
D:/BGMICRO/CAREMATIX/IDE_WORKSPACES/blipgo_v0_0/BLIPGO_F070CBT6_New/Debug/../Core/Src/cmmain.c:206: undefined reference to `__HAL_RCC_DMA_CLK_ENABLE'
d:\stm32\stm32cubeide_1.7.0\stm32cubeide\plugins\com.st.stm32cube.ide.mcu.externaltools.gnu-tools-for-stm32.9-2020-q2-update.win32_2.0.0.202105311346\tools\arm-none-eabi\bin\ld.exe: D:/BGMICRO/CAREMATIX/IDE_WORKSPACES/blipgo_v0_0/BLIPGO_F070CBT6_New/Debug/../Core/Src/cmmain.c:210: undefined reference to `send_text_to_usb'
d:\stm32\stm32cubeide_1.7.0\stm32cubeide\plugins\com.st.stm32cube.ide.mcu.externaltools.gnu-tools-for-stm32.9-2020-q2-update.win32_2.0.0.202105311346\tools\arm-none-eabi\bin\ld.exe: ./Core/Src/main.o: in function `main':
D:/BGMICRO/CAREMATIX/IDE_WORKSPACES/blipgo_v0_0/BLIPGO_F070CBT6_New/Debug/../Core/Src/main.c:135: undefined reference to `MX_SPI1_Init'
collect2.exe: error: ld returned 1 exit status
make: *** [makefile:69: BLIPGO_F070CBT6_New.elf] Error 1
"make -j12 all" terminated with exit code 2. Build might be incomplete.
15:05:11 **** Incremental Build of configuration Debug for project BLIPGO_F070CBT6_New ****
make -j12 all 
arm-none-eabi-gcc "../Core/Src/beeper.c" -mcpu=cortex-m0 -std=gnu11 -g3 -DDEBUG -DUSE_HAL_DRIVER -DSTM32F070xB -c -I../USB_DEVICE/App -I../USB_DEVICE/Target -I../Core/Inc -I../Drivers/STM32F0xx_HAL_Driver/Inc -I../Drivers/STM32F0xx_HAL_Driver/Inc/Legacy -I../Middlewares/ST/STM32_USB_Device_Library/Core/Inc -I../Middlewares/ST/STM32_USB_Device_Library/Class/CDC/Inc -I../Drivers/CMSIS/Device/ST/STM32F0xx/Include -I../Drivers/CMSIS/Include -O0 -ffunction-sections -fdata-sections -Wall -Wno-format -fstack-usage -MMD -MP -MF"Core/Src/beeper.d" -MT"Core/Src/beeper.o" --specs=nano.specs -mfloat-abi=soft -mthumb -o "Core/Src/beeper.o"
arm-none-eabi-gcc "../Core/Src/cmmain.c" -mcpu=cortex-m0 -std=gnu11 -g3 -DDEBUG -DUSE_HAL_DRIVER -DSTM32F070xB -c -I../USB_DEVICE/App -I../USB_DEVICE/Target -I../Core/Inc -I../Drivers/STM32F0xx_HAL_Driver/Inc -I../Drivers/STM32F0xx_HAL_Driver/Inc/Legacy -I../Middlewares/ST/STM32_USB_Device_Library/Core/Inc -I../Middlewares/ST/STM32_USB_Device_Library/Class/CDC/Inc -I../Drivers/CMSIS/Device/ST/STM32F0xx/Include -I../Drivers/CMSIS/Include -O0 -ffunction-sections -fdata-sections -Wall -Wno-format -fstack-usage -MMD -MP -MF"Core/Src/cmmain.d" -MT"Core/Src/cmmain.o" --specs=nano.specs -mfloat-abi=soft -mthumb -o "Core/Src/cmmain.o"
arm-none-eabi-gcc "../Core/Src/espif.c" -mcpu=cortex-m0 -std=gnu11 -g3 -DDEBUG -DUSE_HAL_DRIVER -DSTM32F070xB -c -I../USB_DEVICE/App -I../USB_DEVICE/Target -I../Core/Inc -I../Drivers/STM32F0xx_HAL_Driver/Inc -I../Drivers/STM32F0xx_HAL_Driver/Inc/Legacy -I../Middlewares/ST/STM32_USB_Device_Library/Core/Inc -I../Middlewares/ST/STM32_USB_Device_Library/Class/CDC/Inc -I../Drivers/CMSIS/Device/ST/STM32F0xx/Include -I../Drivers/CMSIS/Include -O0 -ffunction-sections -fdata-sections -Wall -Wno-format -fstack-usage -MMD -MP -MF"Core/Src/espif.d" -MT"Core/Src/espif.o" --specs=nano.specs -mfloat-abi=soft -mthumb -o "Core/Src/espif.o"
arm-none-eabi-gcc "../Core/Src/junk.c" -mcpu=cortex-m0 -std=gnu11 -g3 -DDEBUG -DUSE_HAL_DRIVER -DSTM32F070xB -c -I../USB_DEVICE/App -I../USB_DEVICE/Target -I../Core/Inc -I../Drivers/STM32F0xx_HAL_Driver/Inc -I../Drivers/STM32F0xx_HAL_Driver/Inc/Legacy -I../Middlewares/ST/STM32_USB_Device_Library/Core/Inc -I../Middlewares/ST/STM32_USB_Device_Library/Class/CDC/Inc -I../Drivers/CMSIS/Device/ST/STM32F0xx/Include -I../Drivers/CMSIS/Include -O0 -ffunction-sections -fdata-sections -Wall -Wno-format -fstack-usage -MMD -MP -MF"Core/Src/junk.d" -MT"Core/Src/junk.o" --specs=nano.specs -mfloat-abi=soft -mthumb -o "Core/Src/junk.o"
arm-none-eabi-gcc "../Core/Src/led.c" -mcpu=cortex-m0 -std=gnu11 -g3 -DDEBUG -DUSE_HAL_DRIVER -DSTM32F070xB -c -I../USB_DEVICE/App -I../USB_DEVICE/Target -I../Core/Inc -I../Drivers/STM32F0xx_HAL_Driver/Inc -I../Drivers/STM32F0xx_HAL_Driver/Inc/Legacy -I../Middlewares/ST/STM32_USB_Device_Library/Core/Inc -I../Middlewares/ST/STM32_USB_Device_Library/Class/CDC/Inc -I../Drivers/CMSIS/Device/ST/STM32F0xx/Include -I../Drivers/CMSIS/Include -O0 -ffunction-sections -fdata-sections -Wall -Wno-format -fstack-usage -MMD -MP -MF"Core/Src/led.d" -MT"Core/Src/led.o" --specs=nano.specs -mfloat-abi=soft -mthumb -o "Core/Src/led.o"
arm-none-eabi-gcc "../Core/Src/main.c" -mcpu=cortex-m0 -std=gnu11 -g3 -DDEBUG -DUSE_HAL_DRIVER -DSTM32F070xB -c -I../USB_DEVICE/App -I../USB_DEVICE/Target -I../Core/Inc -I../Drivers/STM32F0xx_HAL_Driver/Inc -I../Drivers/STM32F0xx_HAL_Driver/Inc/Legacy -I../Middlewares/ST/STM32_USB_Device_Library/Core/Inc -I../Middlewares/ST/STM32_USB_Device_Library/Class/CDC/Inc -I../Drivers/CMSIS/Device/ST/STM32F0xx/Include -I../Drivers/CMSIS/Include -O0 -ffunction-sections -fdata-sections -Wall -Wno-format -fstack-usage -MMD -MP -MF"Core/Src/main.d" -MT"Core/Src/main.o" --specs=nano.specs -mfloat-abi=soft -mthumb -o "Core/Src/main.o"
arm-none-eabi-gcc "../Core/Src/quectel.c" -mcpu=cortex-m0 -std=gnu11 -g3 -DDEBUG -DUSE_HAL_DRIVER -DSTM32F070xB -c -I../USB_DEVICE/App -I../USB_DEVICE/Target -I../Core/Inc -I../Drivers/STM32F0xx_HAL_Driver/Inc -I../Drivers/STM32F0xx_HAL_Driver/Inc/Legacy -I../Middlewares/ST/STM32_USB_Device_Library/Core/Inc -I../Middlewares/ST/STM32_USB_Device_Library/Class/CDC/Inc -I../Drivers/CMSIS/Device/ST/STM32F0xx/Include -I../Drivers/CMSIS/Include -O0 -ffunction-sections -fdata-sections -Wall -Wno-format -fstack-usage -MMD -MP -MF"Core/Src/quectel.d" -MT"Core/Src/quectel.o" --specs=nano.specs -mfloat-abi=soft -mthumb -o "Core/Src/quectel.o"
arm-none-eabi-gcc "../Core/Src/stm32f0xx_hal_msp.c" -mcpu=cortex-m0 -std=gnu11 -g3 -DDEBUG -DUSE_HAL_DRIVER -DSTM32F070xB -c -I../USB_DEVICE/App -I../USB_DEVICE/Target -I../Core/Inc -I../Drivers/STM32F0xx_HAL_Driver/Inc -I../Drivers/STM32F0xx_HAL_Driver/Inc/Legacy -I../Middlewares/ST/STM32_USB_Device_Library/Core/Inc -I../Middlewares/ST/STM32_USB_Device_Library/Class/CDC/Inc -I../Drivers/CMSIS/Device/ST/STM32F0xx/Include -I../Drivers/CMSIS/Include -O0 -ffunction-sections -fdata-sections -Wall -Wno-format -fstack-usage -MMD -MP -MF"Core/Src/stm32f0xx_hal_msp.d" -MT"Core/Src/stm32f0xx_hal_msp.o" --specs=nano.specs -mfloat-abi=soft -mthumb -o "Core/Src/stm32f0xx_hal_msp.o"
arm-none-eabi-gcc "../Core/Src/stm32f0xx_it.c" -mcpu=cortex-m0 -std=gnu11 -g3 -DDEBUG -DUSE_HAL_DRIVER -DSTM32F070xB -c -I../USB_DEVICE/App -I../USB_DEVICE/Target -I../Core/Inc -I../Drivers/STM32F0xx_HAL_Driver/Inc -I../Drivers/STM32F0xx_HAL_Driver/Inc/Legacy -I../Middlewares/ST/STM32_USB_Device_Library/Core/Inc -I../Middlewares/ST/STM32_USB_Device_Library/Class/CDC/Inc -I../Drivers/CMSIS/Device/ST/STM32F0xx/Include -I../Drivers/CMSIS/Include -O0 -ffunction-sections -fdata-sections -Wall -Wno-format -fstack-usage -MMD -MP -MF"Core/Src/stm32f0xx_it.d" -MT"Core/Src/stm32f0xx_it.o" --specs=nano.specs -mfloat-abi=soft -mthumb -o "Core/Src/stm32f0xx_it.o"
arm-none-eabi-gcc "../Core/Src/syscalls.c" -mcpu=cortex-m0 -std=gnu11 -g3 -DDEBUG -DUSE_HAL_DRIVER -DSTM32F070xB -c -I../USB_DEVICE/App -I../USB_DEVICE/Target -I../Core/Inc -I../Drivers/STM32F0xx_HAL_Driver/Inc -I../Drivers/STM32F0xx_HAL_Driver/Inc/Legacy -I../Middlewares/ST/STM32_USB_Device_Library/Core/Inc -I../Middlewares/ST/STM32_USB_Device_Library/Class/CDC/Inc -I../Drivers/CMSIS/Device/ST/STM32F0xx/Include -I../Drivers/CMSIS/Include -O0 -ffunction-sections -fdata-sections -Wall -Wno-format -fstack-usage -MMD -MP -MF"Core/Src/syscalls.d" -MT"Core/Src/syscalls.o" --specs=nano.specs -mfloat-abi=soft -mthumb -o "Core/Src/syscalls.o"
arm-none-eabi-gcc "../Core/Src/sysmem.c" -mcpu=cortex-m0 -std=gnu11 -g3 -DDEBUG -DUSE_HAL_DRIVER -DSTM32F070xB -c -I../USB_DEVICE/App -I../USB_DEVICE/Target -I../Core/Inc -I../Drivers/STM32F0xx_HAL_Driver/Inc -I../Drivers/STM32F0xx_HAL_Driver/Inc/Legacy -I../Middlewares/ST/STM32_USB_Device_Library/Core/Inc -I../Middlewares/ST/STM32_USB_Device_Library/Class/CDC/Inc -I../Drivers/CMSIS/Device/ST/STM32F0xx/Include -I../Drivers/CMSIS/Include -O0 -ffunction-sections -fdata-sections -Wall -Wno-format -fstack-usage -MMD -MP -MF"Core/Src/sysmem.d" -MT"Core/Src/sysmem.o" --specs=nano.specs -mfloat-abi=soft -mthumb -o "Core/Src/sysmem.o"
arm-none-eabi-gcc "../Core/Src/system_stm32f0xx.c" -mcpu=cortex-m0 -std=gnu11 -g3 -DDEBUG -DUSE_HAL_DRIVER -DSTM32F070xB -c -I../USB_DEVICE/App -I../USB_DEVICE/Target -I../Core/Inc -I../Drivers/STM32F0xx_HAL_Driver/Inc -I../Drivers/STM32F0xx_HAL_Driver/Inc/Legacy -I../Middlewares/ST/STM32_USB_Device_Library/Core/Inc -I../Middlewares/ST/STM32_USB_Device_Library/Class/CDC/Inc -I../Drivers/CMSIS/Device/ST/STM32F0xx/Include -I../Drivers/CMSIS/Include -O0 -ffunction-sections -fdata-sections -Wall -Wno-format -fstack-usage -MMD -MP -MF"Core/Src/system_stm32f0xx.d" -MT"Core/Src/system_stm32f0xx.o" --specs=nano.specs -mfloat-abi=soft -mthumb -o "Core/Src/system_stm32f0xx.o"
../Core/Src/main.c:87:13: warning: 'MX_GPIO_Init' declared 'static' but never defined [-Wunused-function]
   87 | static void MX_GPIO_Init(void);
      |             ^~~~~~~~~~~~
../Core/Src/main.c:88:13: warning: 'MX_USART1_UART_Init' declared 'static' but never defined [-Wunused-function]
   88 | static void MX_USART1_UART_Init(void);
      |             ^~~~~~~~~~~~~~~~~~~
../Core/Src/main.c:89:13: warning: 'MX_USART2_UART_Init' declared 'static' but never defined [-Wunused-function]
   89 | static void MX_USART2_UART_Init(void);
      |             ^~~~~~~~~~~~~~~~~~~
../Core/Src/main.c:91:13: warning: 'MX_SPI1_Init' used but never defined
   91 | static void MX_SPI1_Init(void);
      |             ^~~~~~~~~~~~
../Core/Src/main.c:92:13: warning: 'MX_TIM6_Init' declared 'static' but never defined [-Wunused-function]
   92 | static void MX_TIM6_Init(void);
      |             ^~~~~~~~~~~~
../Core/Src/main.c:93:13: warning: 'MX_TIM7_Init' declared 'static' but never defined [-Wunused-function]
   93 | static void MX_TIM7_Init(void);
      |             ^~~~~~~~~~~~
../Core/Src/main.c:94:13: warning: 'MX_TIM16_Init' declared 'static' but never defined [-Wunused-function]
   94 | static void MX_TIM16_Init(void);
      |             ^~~~~~~~~~~~~
../Core/Src/cmmain.c: In function 'cmmain':
../Core/Src/cmmain.c:202:5: warning: implicit declaration of function 'SystemClock_Config'; did you mean 'SysTick_Config'? [-Wimplicit-function-declaration]
  202 |     SystemClock_Config();
      |     ^~~~~~~~~~~~~~~~~~
      |     SysTick_Config
../Core/Src/cmmain.c:234:1: warning: implicit declaration of function 'esp_power_on' [-Wimplicit-function-declaration]
  234 | esp_power_on();
      | ^~~~~~~~~~~~
../Core/Src/cmmain.c:244:5: warning: implicit declaration of function 'quec_power_on' [-Wimplicit-function-declaration]
  244 |     quec_power_on();
      |     ^~~~~~~~~~~~~
arm-none-eabi-gcc "../Core/Src/template.c" -mcpu=cortex-m0 -std=gnu11 -g3 -DDEBUG -DUSE_HAL_DRIVER -DSTM32F070xB -c -I../USB_DEVICE/App -I../USB_DEVICE/Target -I../Core/Inc -I../Drivers/STM32F0xx_HAL_Driver/Inc -I../Drivers/STM32F0xx_HAL_Driver/Inc/Legacy -I../Middlewares/ST/STM32_USB_Device_Library/Core/Inc -I../Middlewares/ST/STM32_USB_Device_Library/Class/CDC/Inc -I../Drivers/CMSIS/Device/ST/STM32F0xx/Include -I../Drivers/CMSIS/Include -O0 -ffunction-sections -fdata-sections -Wall -Wno-format -fstack-usage -MMD -MP -MF"Core/Src/template.d" -MT"Core/Src/template.o" --specs=nano.specs -mfloat-abi=soft -mthumb -o "Core/Src/template.o"
arm-none-eabi-gcc "../Core/Src/usbdebug.c" -mcpu=cortex-m0 -std=gnu11 -g3 -DDEBUG -DUSE_HAL_DRIVER -DSTM32F070xB -c -I../USB_DEVICE/App -I../USB_DEVICE/Target -I../Core/Inc -I../Drivers/STM32F0xx_HAL_Driver/Inc -I../Drivers/STM32F0xx_HAL_Driver/Inc/Legacy -I../Middlewares/ST/STM32_USB_Device_Library/Core/Inc -I../Middlewares/ST/STM32_USB_Device_Library/Class/CDC/Inc -I../Drivers/CMSIS/Device/ST/STM32F0xx/Include -I../Drivers/CMSIS/Include -O0 -ffunction-sections -fdata-sections -Wall -Wno-format -fstack-usage -MMD -MP -MF"Core/Src/usbdebug.d" -MT"Core/Src/usbdebug.o" --specs=nano.specs -mfloat-abi=soft -mthumb -o "Core/Src/usbdebug.o"
arm-none-eabi-gcc "../Core/Src/winbond_mem.c" -mcpu=cortex-m0 -std=gnu11 -g3 -DDEBUG -DUSE_HAL_DRIVER -DSTM32F070xB -c -I../USB_DEVICE/App -I../USB_DEVICE/Target -I../Core/Inc -I../Drivers/STM32F0xx_HAL_Driver/Inc -I../Drivers/STM32F0xx_HAL_Driver/Inc/Legacy -I../Middlewares/ST/STM32_USB_Device_Library/Core/Inc -I../Middlewares/ST/STM32_USB_Device_Library/Class/CDC/Inc -I../Drivers/CMSIS/Device/ST/STM32F0xx/Include -I../Drivers/CMSIS/Include -O0 -ffunction-sections -fdata-sections -Wall -Wno-format -fstack-usage -MMD -MP -MF"Core/Src/winbond_mem.d" -MT"Core/Src/winbond_mem.o" --specs=nano.specs -mfloat-abi=soft -mthumb -o "Core/Src/winbond_mem.o"
../Core/Src/usbdebug.c: In function 'usb_write':
../Core/Src/usbdebug.c:77:5: warning: implicit declaration of function 'CDC_Transmit_FS' [-Wimplicit-function-declaration]
   77 |     CDC_Transmit_FS((uint8_t*) str, i);
      |     ^~~~~~~~~~~~~~~
../Core/Src/usbdebug.c:77:32: error: 'str' undeclared (first use in this function)
   77 |     CDC_Transmit_FS((uint8_t*) str, i);
      |                                ^~~
../Core/Src/usbdebug.c:77:32: note: each undeclared identifier is reported only once for each function it appears in
../Core/Src/usbdebug.c:77:37: error: 'i' undeclared (first use in this function)
   77 |     CDC_Transmit_FS((uint8_t*) str, i);
      |                                     ^
make: *** [Core/Src/subdir.mk:61: Core/Src/usbdebug.o] Error 1
make: *** Waiting for unfinished jobs....
"make -j12 all" terminated with exit code 2. Build might be incomplete.
15:06:33 **** Incremental Build of configuration Debug for project BLIPGO_F070CBT6_New ****
make -j12 all 
arm-none-eabi-gcc "../Core/Src/beeper.c" -mcpu=cortex-m0 -std=gnu11 -g3 -DDEBUG -DUSE_HAL_DRIVER -DSTM32F070xB -c -I../USB_DEVICE/App -I../USB_DEVICE/Target -I../Core/Inc -I../Drivers/STM32F0xx_HAL_Driver/Inc -I../Drivers/STM32F0xx_HAL_Driver/Inc/Legacy -I../Middlewares/ST/STM32_USB_Device_Library/Core/Inc -I../Middlewares/ST/STM32_USB_Device_Library/Class/CDC/Inc -I../Drivers/CMSIS/Device/ST/STM32F0xx/Include -I../Drivers/CMSIS/Include -O0 -ffunction-sections -fdata-sections -Wall -Wno-format -fstack-usage -MMD -MP -MF"Core/Src/beeper.d" -MT"Core/Src/beeper.o" --specs=nano.specs -mfloat-abi=soft -mthumb -o "Core/Src/beeper.o"
arm-none-eabi-gcc "../Core/Src/cmmain.c" -mcpu=cortex-m0 -std=gnu11 -g3 -DDEBUG -DUSE_HAL_DRIVER -DSTM32F070xB -c -I../USB_DEVICE/App -I../USB_DEVICE/Target -I../Core/Inc -I../Drivers/STM32F0xx_HAL_Driver/Inc -I../Drivers/STM32F0xx_HAL_Driver/Inc/Legacy -I../Middlewares/ST/STM32_USB_Device_Library/Core/Inc -I../Middlewares/ST/STM32_USB_Device_Library/Class/CDC/Inc -I../Drivers/CMSIS/Device/ST/STM32F0xx/Include -I../Drivers/CMSIS/Include -O0 -ffunction-sections -fdata-sections -Wall -Wno-format -fstack-usage -MMD -MP -MF"Core/Src/cmmain.d" -MT"Core/Src/cmmain.o" --specs=nano.specs -mfloat-abi=soft -mthumb -o "Core/Src/cmmain.o"
arm-none-eabi-gcc "../Core/Src/espif.c" -mcpu=cortex-m0 -std=gnu11 -g3 -DDEBUG -DUSE_HAL_DRIVER -DSTM32F070xB -c -I../USB_DEVICE/App -I../USB_DEVICE/Target -I../Core/Inc -I../Drivers/STM32F0xx_HAL_Driver/Inc -I../Drivers/STM32F0xx_HAL_Driver/Inc/Legacy -I../Middlewares/ST/STM32_USB_Device_Library/Core/Inc -I../Middlewares/ST/STM32_USB_Device_Library/Class/CDC/Inc -I../Drivers/CMSIS/Device/ST/STM32F0xx/Include -I../Drivers/CMSIS/Include -O0 -ffunction-sections -fdata-sections -Wall -Wno-format -fstack-usage -MMD -MP -MF"Core/Src/espif.d" -MT"Core/Src/espif.o" --specs=nano.specs -mfloat-abi=soft -mthumb -o "Core/Src/espif.o"
arm-none-eabi-gcc "../Core/Src/led.c" -mcpu=cortex-m0 -std=gnu11 -g3 -DDEBUG -DUSE_HAL_DRIVER -DSTM32F070xB -c -I../USB_DEVICE/App -I../USB_DEVICE/Target -I../Core/Inc -I../Drivers/STM32F0xx_HAL_Driver/Inc -I../Drivers/STM32F0xx_HAL_Driver/Inc/Legacy -I../Middlewares/ST/STM32_USB_Device_Library/Core/Inc -I../Middlewares/ST/STM32_USB_Device_Library/Class/CDC/Inc -I../Drivers/CMSIS/Device/ST/STM32F0xx/Include -I../Drivers/CMSIS/Include -O0 -ffunction-sections -fdata-sections -Wall -Wno-format -fstack-usage -MMD -MP -MF"Core/Src/led.d" -MT"Core/Src/led.o" --specs=nano.specs -mfloat-abi=soft -mthumb -o "Core/Src/led.o"
arm-none-eabi-gcc "../Core/Src/quectel.c" -mcpu=cortex-m0 -std=gnu11 -g3 -DDEBUG -DUSE_HAL_DRIVER -DSTM32F070xB -c -I../USB_DEVICE/App -I../USB_DEVICE/Target -I../Core/Inc -I../Drivers/STM32F0xx_HAL_Driver/Inc -I../Drivers/STM32F0xx_HAL_Driver/Inc/Legacy -I../Middlewares/ST/STM32_USB_Device_Library/Core/Inc -I../Middlewares/ST/STM32_USB_Device_Library/Class/CDC/Inc -I../Drivers/CMSIS/Device/ST/STM32F0xx/Include -I../Drivers/CMSIS/Include -O0 -ffunction-sections -fdata-sections -Wall -Wno-format -fstack-usage -MMD -MP -MF"Core/Src/quectel.d" -MT"Core/Src/quectel.o" --specs=nano.specs -mfloat-abi=soft -mthumb -o "Core/Src/quectel.o"
arm-none-eabi-gcc "../Core/Src/usbdebug.c" -mcpu=cortex-m0 -std=gnu11 -g3 -DDEBUG -DUSE_HAL_DRIVER -DSTM32F070xB -c -I../USB_DEVICE/App -I../USB_DEVICE/Target -I../Core/Inc -I../Drivers/STM32F0xx_HAL_Driver/Inc -I../Drivers/STM32F0xx_HAL_Driver/Inc/Legacy -I../Middlewares/ST/STM32_USB_Device_Library/Core/Inc -I../Middlewares/ST/STM32_USB_Device_Library/Class/CDC/Inc -I../Drivers/CMSIS/Device/ST/STM32F0xx/Include -I../Drivers/CMSIS/Include -O0 -ffunction-sections -fdata-sections -Wall -Wno-format -fstack-usage -MMD -MP -MF"Core/Src/usbdebug.d" -MT"Core/Src/usbdebug.o" --specs=nano.specs -mfloat-abi=soft -mthumb -o "Core/Src/usbdebug.o"
../Core/Src/cmmain.c: In function 'cmmain':
../Core/Src/cmmain.c:202:5: warning: implicit declaration of function 'SystemClock_Config'; did you mean 'SysTick_Config'? [-Wimplicit-function-declaration]
  202 |     SystemClock_Config();
      |     ^~~~~~~~~~~~~~~~~~
      |     SysTick_Config
../Core/Src/cmmain.c:234:1: warning: implicit declaration of function 'esp_power_on'; did you mean 'quec_power_on'? [-Wimplicit-function-declaration]
  234 | esp_power_on();
      | ^~~~~~~~~~~~
      | quec_power_on
arm-none-eabi-gcc -o "BLIPGO_F070CBT6_New.elf" @"objects.list"   -mcpu=cortex-m0 -T"D:\BGMICRO\CAREMATIX\IDE_WORKSPACES\blipgo_v0_0\BLIPGO_F070CBT6_New\STM32F070CBTX_FLASH.ld" --specs=nosys.specs -Wl,-Map="BLIPGO_F070CBT6_New.map" -Wl,--gc-sections -static --specs=nano.specs -mfloat-abi=soft -mthumb -Wl,--start-group -lc -lm -Wl,--end-group
d:\stm32\stm32cubeide_1.7.0\stm32cubeide\plugins\com.st.stm32cube.ide.mcu.externaltools.gnu-tools-for-stm32.9-2020-q2-update.win32_2.0.0.202105311346\tools\arm-none-eabi\bin\ld.exe: ./Core/Startup/startup_stm32f070cbtx.o:(.isr_vector+0x6c): undefined reference to `dma_ch4_5_ih'
d:\stm32\stm32cubeide_1.7.0\stm32cubeide\plugins\com.st.stm32cube.ide.mcu.externaltools.gnu-tools-for-stm32.9-2020-q2-update.win32_2.0.0.202105311346\tools\arm-none-eabi\bin\ld.exe: ./Core/Startup/startup_stm32f070cbtx.o:(.isr_vector+0xb0): undefined reference to `gsm_uart_ih'
d:\stm32\stm32cubeide_1.7.0\stm32cubeide\plugins\com.st.stm32cube.ide.mcu.externaltools.gnu-tools-for-stm32.9-2020-q2-update.win32_2.0.0.202105311346\tools\arm-none-eabi\bin\ld.exe: ./Core/Src/main.o: in function `main':
D:/BGMICRO/CAREMATIX/IDE_WORKSPACES/blipgo_v0_0/BLIPGO_F070CBT6_New/Debug/../Core/Src/main.c:135: undefined reference to `MX_SPI1_Init'
collect2.exe: error: ld returned 1 exit status
make: *** [makefile:69: BLIPGO_F070CBT6_New.elf] Error 1
"make -j12 all" terminated with exit code 2. Build might be incomplete.
15:13:05 **** Incremental Build of configuration Debug for project BLIPGO_F070CBT6_New ****
make -j12 all 
arm-none-eabi-gcc "../Core/Src/cmmain.c" -mcpu=cortex-m0 -std=gnu11 -g3 -DDEBUG -DUSE_HAL_DRIVER -DSTM32F070xB -c -I../USB_DEVICE/App -I../USB_DEVICE/Target -I../Core/Inc -I../Drivers/STM32F0xx_HAL_Driver/Inc -I../Drivers/STM32F0xx_HAL_Driver/Inc/Legacy -I../Middlewares/ST/STM32_USB_Device_Library/Core/Inc -I../Middlewares/ST/STM32_USB_Device_Library/Class/CDC/Inc -I../Drivers/CMSIS/Device/ST/STM32F0xx/Include -I../Drivers/CMSIS/Include -O0 -ffunction-sections -fdata-sections -Wall -Wno-format -fstack-usage -MMD -MP -MF"Core/Src/cmmain.d" -MT"Core/Src/cmmain.o" --specs=nano.specs -mfloat-abi=soft -mthumb -o "Core/Src/cmmain.o"
arm-none-eabi-gcc -o "BLIPGO_F070CBT6_New.elf" @"objects.list"   -mcpu=cortex-m0 -T"D:\BGMICRO\CAREMATIX\IDE_WORKSPACES\blipgo_v0_0\BLIPGO_F070CBT6_New\STM32F070CBTX_FLASH.ld" --specs=nosys.specs -Wl,-Map="BLIPGO_F070CBT6_New.map" -Wl,--gc-sections -static --specs=nano.specs -mfloat-abi=soft -mthumb -Wl,--start-group -lc -lm -Wl,--end-group
d:\stm32\stm32cubeide_1.7.0\stm32cubeide\plugins\com.st.stm32cube.ide.mcu.externaltools.gnu-tools-for-stm32.9-2020-q2-update.win32_2.0.0.202105311346\tools\arm-none-eabi\bin\ld.exe: ./Core/Startup/startup_stm32f070cbtx.o:(.isr_vector+0x6c): undefined reference to `dma_ch4_5_ih'
d:\stm32\stm32cubeide_1.7.0\stm32cubeide\plugins\com.st.stm32cube.ide.mcu.externaltools.gnu-tools-for-stm32.9-2020-q2-update.win32_2.0.0.202105311346\tools\arm-none-eabi\bin\ld.exe: ./Core/Startup/startup_stm32f070cbtx.o:(.isr_vector+0xb0): undefined reference to `gsm_uart_ih'
d:\stm32\stm32cubeide_1.7.0\stm32cubeide\plugins\com.st.stm32cube.ide.mcu.externaltools.gnu-tools-for-stm32.9-2020-q2-update.win32_2.0.0.202105311346\tools\arm-none-eabi\bin\ld.exe: ./Core/Src/main.o: in function `main':
D:/BGMICRO/CAREMATIX/IDE_WORKSPACES/blipgo_v0_0/BLIPGO_F070CBT6_New/Debug/../Core/Src/main.c:135: undefined reference to `MX_SPI1_Init'
collect2.exe: error: ld returned 1 exit status
make: *** [makefile:69: BLIPGO_F070CBT6_New.elf] Error 1
"make -j12 all" terminated with exit code 2. Build might be incomplete.
15:20:17 **** Incremental Build of configuration Debug for project BLIPGO_F070CBT6_New ****
make -j12 all 
arm-none-eabi-gcc "../Core/Src/main.c" -mcpu=cortex-m0 -std=gnu11 -g3 -DDEBUG -DUSE_HAL_DRIVER -DSTM32F070xB -c -I../USB_DEVICE/App -I../USB_DEVICE/Target -I../Core/Inc -I../Drivers/STM32F0xx_HAL_Driver/Inc -I../Drivers/STM32F0xx_HAL_Driver/Inc/Legacy -I../Middlewares/ST/STM32_USB_Device_Library/Core/Inc -I../Middlewares/ST/STM32_USB_Device_Library/Class/CDC/Inc -I../Drivers/CMSIS/Device/ST/STM32F0xx/Include -I../Drivers/CMSIS/Include -O0 -ffunction-sections -fdata-sections -Wall -Wno-format -fstack-usage -MMD -MP -MF"Core/Src/main.d" -MT"Core/Src/main.o" --specs=nano.specs -mfloat-abi=soft -mthumb -o "Core/Src/main.o"
../Core/Src/main.c:87:13: warning: 'MX_GPIO_Init' declared 'static' but never defined [-Wunused-function]
   87 | static void MX_GPIO_Init(void);
      |             ^~~~~~~~~~~~
../Core/Src/main.c:88:13: warning: 'MX_USART1_UART_Init' declared 'static' but never defined [-Wunused-function]
   88 | static void MX_USART1_UART_Init(void);
      |             ^~~~~~~~~~~~~~~~~~~
../Core/Src/main.c:89:13: warning: 'MX_USART2_UART_Init' declared 'static' but never defined [-Wunused-function]
   89 | static void MX_USART2_UART_Init(void);
      |             ^~~~~~~~~~~~~~~~~~~
../Core/Src/main.c:90:13: warning: 'MX_RTC_Init' used but never defined
   90 | static void MX_RTC_Init(void);
      |             ^~~~~~~~~~~
../Core/Src/main.c:92:13: warning: 'MX_TIM6_Init' declared 'static' but never defined [-Wunused-function]
   92 | static void MX_TIM6_Init(void);
      |             ^~~~~~~~~~~~
../Core/Src/main.c:93:13: warning: 'MX_TIM7_Init' declared 'static' but never defined [-Wunused-function]
   93 | static void MX_TIM7_Init(void);
      |             ^~~~~~~~~~~~
../Core/Src/main.c:94:13: warning: 'MX_TIM16_Init' declared 'static' but never defined [-Wunused-function]
   94 | static void MX_TIM16_Init(void);
      |             ^~~~~~~~~~~~~
arm-none-eabi-gcc -o "BLIPGO_F070CBT6_New.elf" @"objects.list"   -mcpu=cortex-m0 -T"D:\BGMICRO\CAREMATIX\IDE_WORKSPACES\blipgo_v0_0\BLIPGO_F070CBT6_New\STM32F070CBTX_FLASH.ld" --specs=nosys.specs -Wl,-Map="BLIPGO_F070CBT6_New.map" -Wl,--gc-sections -static --specs=nano.specs -mfloat-abi=soft -mthumb -Wl,--start-group -lc -lm -Wl,--end-group
d:\stm32\stm32cubeide_1.7.0\stm32cubeide\plugins\com.st.stm32cube.ide.mcu.externaltools.gnu-tools-for-stm32.9-2020-q2-update.win32_2.0.0.202105311346\tools\arm-none-eabi\bin\ld.exe: ./Core/Startup/startup_stm32f070cbtx.o:(.isr_vector+0x6c): undefined reference to `dma_ch4_5_ih'
d:\stm32\stm32cubeide_1.7.0\stm32cubeide\plugins\com.st.stm32cube.ide.mcu.externaltools.gnu-tools-for-stm32.9-2020-q2-update.win32_2.0.0.202105311346\tools\arm-none-eabi\bin\ld.exe: ./Core/Startup/startup_stm32f070cbtx.o:(.isr_vector+0xb0): undefined reference to `gsm_uart_ih'
d:\stm32\stm32cubeide_1.7.0\stm32cubeide\plugins\com.st.stm32cube.ide.mcu.externaltools.gnu-tools-for-stm32.9-2020-q2-update.win32_2.0.0.202105311346\tools\arm-none-eabi\bin\ld.exe: ./Core/Src/main.o: in function `main':
D:/BGMICRO/CAREMATIX/IDE_WORKSPACES/blipgo_v0_0/BLIPGO_F070CBT6_New/Debug/../Core/Src/main.c:134: undefined reference to `MX_RTC_Init'
collect2.exe: error: ld returned 1 exit status
make: *** [makefile:69: BLIPGO_F070CBT6_New.elf] Error 1
"make -j12 all" terminated with exit code 2. Build might be incomplete.
15:21:52 **** Incremental Build of configuration Debug for project BLIPGO_F070CBT6_New ****
make -j12 all 
arm-none-eabi-gcc "../Core/Src/main.c" -mcpu=cortex-m0 -std=gnu11 -g3 -DDEBUG -DUSE_HAL_DRIVER -DSTM32F070xB -c -I../USB_DEVICE/App -I../USB_DEVICE/Target -I../Core/Inc -I../Drivers/STM32F0xx_HAL_Driver/Inc -I../Drivers/STM32F0xx_HAL_Driver/Inc/Legacy -I../Middlewares/ST/STM32_USB_Device_Library/Core/Inc -I../Middlewares/ST/STM32_USB_Device_Library/Class/CDC/Inc -I../Drivers/CMSIS/Device/ST/STM32F0xx/Include -I../Drivers/CMSIS/Include -O0 -ffunction-sections -fdata-sections -Wall -Wno-format -fstack-usage -MMD -MP -MF"Core/Src/main.d" -MT"Core/Src/main.o" --specs=nano.specs -mfloat-abi=soft -mthumb -o "Core/Src/main.o"
../Core/Src/main.c:270:2: error: #endif without #if
  270 | #endif
      |  ^~~~~
../Core/Src/main.c:509:13: warning: 'MX_GPIO_Init' defined but not used [-Wunused-function]
  509 | static void MX_GPIO_Init(void)
      |             ^~~~~~~~~~~~
../Core/Src/main.c:474:13: warning: 'MX_USART2_UART_Init' defined but not used [-Wunused-function]
  474 | static void MX_USART2_UART_Init(void)
      |             ^~~~~~~~~~~~~~~~~~~
../Core/Src/main.c:439:13: warning: 'MX_USART1_UART_Init' defined but not used [-Wunused-function]
  439 | static void MX_USART1_UART_Init(void)
      |             ^~~~~~~~~~~~~~~~~~~
../Core/Src/main.c:377:13: warning: 'MX_TIM16_Init' defined but not used [-Wunused-function]
  377 | static void MX_TIM16_Init(void)
      |             ^~~~~~~~~~~~~
../Core/Src/main.c:347:13: warning: 'MX_TIM7_Init' defined but not used [-Wunused-function]
  347 | static void MX_TIM7_Init(void)
      |             ^~~~~~~~~~~~
../Core/Src/main.c:317:13: warning: 'MX_TIM6_Init' defined but not used [-Wunused-function]
  317 | static void MX_TIM6_Init(void)
      |             ^~~~~~~~~~~~
make: *** [Core/Src/subdir.mk:61: Core/Src/main.o] Error 1
"make -j12 all" terminated with exit code 2. Build might be incomplete.
15:24:08 **** Incremental Build of configuration Debug for project BLIPGO_F070CBT6_New ****
make -j12 all 
arm-none-eabi-gcc "../Core/Src/main.c" -mcpu=cortex-m0 -std=gnu11 -g3 -DDEBUG -DUSE_HAL_DRIVER -DSTM32F070xB -c -I../USB_DEVICE/App -I../USB_DEVICE/Target -I../Core/Inc -I../Drivers/STM32F0xx_HAL_Driver/Inc -I../Drivers/STM32F0xx_HAL_Driver/Inc/Legacy -I../Middlewares/ST/STM32_USB_Device_Library/Core/Inc -I../Middlewares/ST/STM32_USB_Device_Library/Class/CDC/Inc -I../Drivers/CMSIS/Device/ST/STM32F0xx/Include -I../Drivers/CMSIS/Include -O0 -ffunction-sections -fdata-sections -Wall -Wno-format -fstack-usage -MMD -MP -MF"Core/Src/main.d" -MT"Core/Src/main.o" --specs=nano.specs -mfloat-abi=soft -mthumb -o "Core/Src/main.o"
../Core/Src/main.c:507:13: warning: 'MX_GPIO_Init' defined but not used [-Wunused-function]
  507 | static void MX_GPIO_Init(void)
      |             ^~~~~~~~~~~~
../Core/Src/main.c:472:13: warning: 'MX_USART2_UART_Init' defined but not used [-Wunused-function]
  472 | static void MX_USART2_UART_Init(void)
      |             ^~~~~~~~~~~~~~~~~~~
../Core/Src/main.c:437:13: warning: 'MX_USART1_UART_Init' defined but not used [-Wunused-function]
  437 | static void MX_USART1_UART_Init(void)
      |             ^~~~~~~~~~~~~~~~~~~
../Core/Src/main.c:375:13: warning: 'MX_TIM16_Init' defined but not used [-Wunused-function]
  375 | static void MX_TIM16_Init(void)
      |             ^~~~~~~~~~~~~
../Core/Src/main.c:345:13: warning: 'MX_TIM7_Init' defined but not used [-Wunused-function]
  345 | static void MX_TIM7_Init(void)
      |             ^~~~~~~~~~~~
../Core/Src/main.c:315:13: warning: 'MX_TIM6_Init' defined but not used [-Wunused-function]
  315 | static void MX_TIM6_Init(void)
      |             ^~~~~~~~~~~~
arm-none-eabi-gcc -o "BLIPGO_F070CBT6_New.elf" @"objects.list"   -mcpu=cortex-m0 -T"D:\BGMICRO\CAREMATIX\IDE_WORKSPACES\blipgo_v0_0\BLIPGO_F070CBT6_New\STM32F070CBTX_FLASH.ld" --specs=nosys.specs -Wl,-Map="BLIPGO_F070CBT6_New.map" -Wl,--gc-sections -static --specs=nano.specs -mfloat-abi=soft -mthumb -Wl,--start-group -lc -lm -Wl,--end-group
d:\stm32\stm32cubeide_1.7.0\stm32cubeide\plugins\com.st.stm32cube.ide.mcu.externaltools.gnu-tools-for-stm32.9-2020-q2-update.win32_2.0.0.202105311346\tools\arm-none-eabi\bin\ld.exe: ./Core/Startup/startup_stm32f070cbtx.o:(.isr_vector+0x6c): undefined reference to `dma_ch4_5_ih'
d:\stm32\stm32cubeide_1.7.0\stm32cubeide\plugins\com.st.stm32cube.ide.mcu.externaltools.gnu-tools-for-stm32.9-2020-q2-update.win32_2.0.0.202105311346\tools\arm-none-eabi\bin\ld.exe: ./Core/Startup/startup_stm32f070cbtx.o:(.isr_vector+0xb0): undefined reference to `gsm_uart_ih'
collect2.exe: error: ld returned 1 exit status
make: *** [makefile:69: BLIPGO_F070CBT6_New.elf] Error 1
"make -j12 all" terminated with exit code 2. Build might be incomplete.
15:30:23 **** Incremental Build of configuration Debug for project BLIPGO_F070CBT6_New ****
make -j12 all 
arm-none-eabi-gcc -mcpu=cortex-m0 -g3 -DDEBUG -c -x assembler-with-cpp -MMD -MP -MF"Core/Startup/startup_stm32f070cbtx.d" -MT"Core/Startup/startup_stm32f070cbtx.o" --specs=nano.specs -mfloat-abi=soft -mthumb -o "Core/Startup/startup_stm32f070cbtx.o" "../Core/Startup/startup_stm32f070cbtx.s"
arm-none-eabi-gcc "../Core/Src/cmmain.c" -mcpu=cortex-m0 -std=gnu11 -g3 -DDEBUG -DUSE_HAL_DRIVER -DSTM32F070xB -c -I../USB_DEVICE/App -I../USB_DEVICE/Target -I../Core/Inc -I../Drivers/STM32F0xx_HAL_Driver/Inc -I../Drivers/STM32F0xx_HAL_Driver/Inc/Legacy -I../Middlewares/ST/STM32_USB_Device_Library/Core/Inc -I../Middlewares/ST/STM32_USB_Device_Library/Class/CDC/Inc -I../Drivers/CMSIS/Device/ST/STM32F0xx/Include -I../Drivers/CMSIS/Include -O0 -ffunction-sections -fdata-sections -Wall -Wno-format -fstack-usage -MMD -MP -MF"Core/Src/cmmain.d" -MT"Core/Src/cmmain.o" --specs=nano.specs -mfloat-abi=soft -mthumb -o "Core/Src/cmmain.o"
arm-none-eabi-gcc "../Core/Src/main.c" -mcpu=cortex-m0 -std=gnu11 -g3 -DDEBUG -DUSE_HAL_DRIVER -DSTM32F070xB -c -I../USB_DEVICE/App -I../USB_DEVICE/Target -I../Core/Inc -I../Drivers/STM32F0xx_HAL_Driver/Inc -I../Drivers/STM32F0xx_HAL_Driver/Inc/Legacy -I../Middlewares/ST/STM32_USB_Device_Library/Core/Inc -I../Middlewares/ST/STM32_USB_Device_Library/Class/CDC/Inc -I../Drivers/CMSIS/Device/ST/STM32F0xx/Include -I../Drivers/CMSIS/Include -O0 -ffunction-sections -fdata-sections -Wall -Wno-format -fstack-usage -MMD -MP -MF"Core/Src/main.d" -MT"Core/Src/main.o" --specs=nano.specs -mfloat-abi=soft -mthumb -o "Core/Src/main.o"
arm-none-eabi-gcc -o "BLIPGO_F070CBT6_New.elf" @"objects.list"   -mcpu=cortex-m0 -T"D:\BGMICRO\CAREMATIX\IDE_WORKSPACES\blipgo_v0_0\BLIPGO_F070CBT6_New\STM32F070CBTX_FLASH.ld" --specs=nosys.specs -Wl,-Map="BLIPGO_F070CBT6_New.map" -Wl,--gc-sections -static --specs=nano.specs -mfloat-abi=soft -mthumb -Wl,--start-group -lc -lm -Wl,--end-group
Finished building target: BLIPGO_F070CBT6_New.elf
 
arm-none-eabi-size   BLIPGO_F070CBT6_New.elf 
arm-none-eabi-objdump -h -S  BLIPGO_F070CBT6_New.elf  > "BLIPGO_F070CBT6_New.list"
arm-none-eabi-objcopy  -O binary  BLIPGO_F070CBT6_New.elf  "BLIPGO_F070CBT6_New.bin"
   text	   data	    bss	    dec	    hex	filename
  40368	    488	  12392	  53248	   d000	BLIPGO_F070CBT6_New.elf
Finished building: default.size.stdout
 
Finished building: BLIPGO_F070CBT6_New.bin
 
Finished building: BLIPGO_F070CBT6_New.list
 
17:51:05 **** Incremental Build of configuration Debug for project BLIPGO_F070CBT6_New ****
make -j12 all 
arm-none-eabi-size   BLIPGO_F070CBT6_New.elf 
   text	   data	    bss	    dec	    hex	filename
  40368	    488	  12392	  53248	   d000	BLIPGO_F070CBT6_New.elf
Finished building: default.size.stdout
 
17:59:40 **** Incremental Build of configuration Debug for project BLIPGO_F070CBT6_New ****
make -j12 all 
arm-none-eabi-size   BLIPGO_F070CBT6_New.elf 
   text	   data	    bss	    dec	    hex	filename
  40368	    488	  12392	  53248	   d000	BLIPGO_F070CBT6_New.elf
Finished building: default.size.stdout
 
18:00:27 **** Incremental Build of configuration Debug for project BLIPGO_F070CBT6_New ****
make -j12 all 
arm-none-eabi-size   BLIPGO_F070CBT6_New.elf 
   text	   data	    bss	    dec	    hex	filename
  40368	    488	  12392	  53248	   d000	BLIPGO_F070CBT6_New.elf
Finished building: default.size.stdout
 
18:05:47 **** Incremental Build of configuration Debug for project BLIPGO_F070CBT6_New ****
make -j12 all 
arm-none-eabi-gcc "../Core/Src/main.c" -mcpu=cortex-m0 -std=gnu11 -g3 -DDEBUG -DUSE_HAL_DRIVER -DSTM32F070xB -c -I../USB_DEVICE/App -I../USB_DEVICE/Target -I../Core/Inc -I../Drivers/STM32F0xx_HAL_Driver/Inc -I../Drivers/STM32F0xx_HAL_Driver/Inc/Legacy -I../Middlewares/ST/STM32_USB_Device_Library/Core/Inc -I../Middlewares/ST/STM32_USB_Device_Library/Class/CDC/Inc -I../Drivers/CMSIS/Device/ST/STM32F0xx/Include -I../Drivers/CMSIS/Include -O0 -ffunction-sections -fdata-sections -Wall -Wno-format -fstack-usage -MMD -MP -MF"Core/Src/main.d" -MT"Core/Src/main.o" --specs=nano.specs -mfloat-abi=soft -mthumb -o "Core/Src/main.o"
arm-none-eabi-gcc -o "BLIPGO_F070CBT6_New.elf" @"objects.list"   -mcpu=cortex-m0 -T"D:\BGMICRO\CAREMATIX\IDE_WORKSPACES\blipgo_v0_0\BLIPGO_F070CBT6_New\STM32F070CBTX_FLASH.ld" --specs=nosys.specs -Wl,-Map="BLIPGO_F070CBT6_New.map" -Wl,--gc-sections -static --specs=nano.specs -mfloat-abi=soft -mthumb -Wl,--start-group -lc -lm -Wl,--end-group
Finished building target: BLIPGO_F070CBT6_New.elf
 
arm-none-eabi-size   BLIPGO_F070CBT6_New.elf 
arm-none-eabi-objdump -h -S  BLIPGO_F070CBT6_New.elf  > "BLIPGO_F070CBT6_New.list"
arm-none-eabi-objcopy  -O binary  BLIPGO_F070CBT6_New.elf  "BLIPGO_F070CBT6_New.bin"
   text	   data	    bss	    dec	    hex	filename
  34552	    120	   8632	  43304	   a928	BLIPGO_F070CBT6_New.elf
Finished building: default.size.stdout
 
Finished building: BLIPGO_F070CBT6_New.bin
 
Finished building: BLIPGO_F070CBT6_New.list
 
18:05:56 **** Incremental Build of configuration Debug for project BLIPGO_F070CBT6_New ****
make -j12 all 
arm-none-eabi-size   BLIPGO_F070CBT6_New.elf 
   text	   data	    bss	    dec	    hex	filename
  34552	    120	   8632	  43304	   a928	BLIPGO_F070CBT6_New.elf
Finished building: default.size.stdout
 
20:02:00 **** Incremental Build of configuration Debug for project BLIPGO_F070CBT6_New ****
make -j12 all 
arm-none-eabi-gcc "../Core/Src/led.c" -mcpu=cortex-m0 -std=gnu11 -g3 -DDEBUG -DUSE_HAL_DRIVER -DSTM32F070xB -c -I../USB_DEVICE/App -I../USB_DEVICE/Target -I../Core/Inc -I../Drivers/STM32F0xx_HAL_Driver/Inc -I../Drivers/STM32F0xx_HAL_Driver/Inc/Legacy -I../Middlewares/ST/STM32_USB_Device_Library/Core/Inc -I../Middlewares/ST/STM32_USB_Device_Library/Class/CDC/Inc -I../Drivers/CMSIS/Device/ST/STM32F0xx/Include -I../Drivers/CMSIS/Include -O0 -ffunction-sections -fdata-sections -Wall -Wno-format -fstack-usage -MMD -MP -MF"Core/Src/led.d" -MT"Core/Src/led.o" --specs=nano.specs -mfloat-abi=soft -mthumb -o "Core/Src/led.o"
arm-none-eabi-gcc -o "BLIPGO_F070CBT6_New.elf" @"objects.list"   -mcpu=cortex-m0 -T"D:\BGMICRO\CAREMATIX\IDE_WORKSPACES\blipgo_v0_0\BLIPGO_F070CBT6_New\STM32F070CBTX_FLASH.ld" --specs=nosys.specs -Wl,-Map="BLIPGO_F070CBT6_New.map" -Wl,--gc-sections -static --specs=nano.specs -mfloat-abi=soft -mthumb -Wl,--start-group -lc -lm -Wl,--end-group
Finished building target: BLIPGO_F070CBT6_New.elf
 
arm-none-eabi-size   BLIPGO_F070CBT6_New.elf 
arm-none-eabi-objdump -h -S  BLIPGO_F070CBT6_New.elf  > "BLIPGO_F070CBT6_New.list"
arm-none-eabi-objcopy  -O binary  BLIPGO_F070CBT6_New.elf  "BLIPGO_F070CBT6_New.bin"
   text	   data	    bss	    dec	    hex	filename
  34552	    120	   8632	  43304	   a928	BLIPGO_F070CBT6_New.elf
Finished building: default.size.stdout
 
Finished building: BLIPGO_F070CBT6_New.bin
 
Finished building: BLIPGO_F070CBT6_New.list
 
20:02:07 **** Incremental Build of configuration Debug for project BLIPGO_F070CBT6_New ****
make -j12 all 
arm-none-eabi-size   BLIPGO_F070CBT6_New.elf 
   text	   data	    bss	    dec	    hex	filename
  34552	    120	   8632	  43304	   a928	BLIPGO_F070CBT6_New.elf
Finished building: default.size.stdout
 
20:24:45 **** Incremental Build of configuration Debug for project BLIPGO_F070CBT6_New ****
make -j12 all 
arm-none-eabi-gcc "../Core/Src/cmmain.c" -mcpu=cortex-m0 -std=gnu11 -g3 -DDEBUG -DUSE_HAL_DRIVER -DSTM32F070xB -c -I../USB_DEVICE/App -I../USB_DEVICE/Target -I../Core/Inc -I../Drivers/STM32F0xx_HAL_Driver/Inc -I../Drivers/STM32F0xx_HAL_Driver/Inc/Legacy -I../Middlewares/ST/STM32_USB_Device_Library/Core/Inc -I../Middlewares/ST/STM32_USB_Device_Library/Class/CDC/Inc -I../Drivers/CMSIS/Device/ST/STM32F0xx/Include -I../Drivers/CMSIS/Include -O0 -ffunction-sections -fdata-sections -Wall -Wno-format -fstack-usage -MMD -MP -MF"Core/Src/cmmain.d" -MT"Core/Src/cmmain.o" --specs=nano.specs -mfloat-abi=soft -mthumb -o "Core/Src/cmmain.o"
arm-none-eabi-gcc "../Core/Src/quectel.c" -mcpu=cortex-m0 -std=gnu11 -g3 -DDEBUG -DUSE_HAL_DRIVER -DSTM32F070xB -c -I../USB_DEVICE/App -I../USB_DEVICE/Target -I../Core/Inc -I../Drivers/STM32F0xx_HAL_Driver/Inc -I../Drivers/STM32F0xx_HAL_Driver/Inc/Legacy -I../Middlewares/ST/STM32_USB_Device_Library/Core/Inc -I../Middlewares/ST/STM32_USB_Device_Library/Class/CDC/Inc -I../Drivers/CMSIS/Device/ST/STM32F0xx/Include -I../Drivers/CMSIS/Include -O0 -ffunction-sections -fdata-sections -Wall -Wno-format -fstack-usage -MMD -MP -MF"Core/Src/quectel.d" -MT"Core/Src/quectel.o" --specs=nano.specs -mfloat-abi=soft -mthumb -o "Core/Src/quectel.o"
../Core/Src/quectel.c: In function 'quec_3v8enbl':
../Core/Src/quectel.c:97:5: error: 'reset' undeclared (first use in this function)
   97 |     reset;
      |     ^~~~~
../Core/Src/quectel.c:97:5: note: each undeclared identifier is reported only once for each function it appears in
make: *** [Core/Src/subdir.mk:61: Core/Src/quectel.o] Error 1
make: *** Waiting for unfinished jobs....
"make -j12 all" terminated with exit code 2. Build might be incomplete.
20:25:10 **** Incremental Build of configuration Debug for project BLIPGO_F070CBT6_New ****
make -j12 all 
arm-none-eabi-gcc "../Core/Src/quectel.c" -mcpu=cortex-m0 -std=gnu11 -g3 -DDEBUG -DUSE_HAL_DRIVER -DSTM32F070xB -c -I../USB_DEVICE/App -I../USB_DEVICE/Target -I../Core/Inc -I../Drivers/STM32F0xx_HAL_Driver/Inc -I../Drivers/STM32F0xx_HAL_Driver/Inc/Legacy -I../Middlewares/ST/STM32_USB_Device_Library/Core/Inc -I../Middlewares/ST/STM32_USB_Device_Library/Class/CDC/Inc -I../Drivers/CMSIS/Device/ST/STM32F0xx/Include -I../Drivers/CMSIS/Include -O0 -ffunction-sections -fdata-sections -Wall -Wno-format -fstack-usage -MMD -MP -MF"Core/Src/quectel.d" -MT"Core/Src/quectel.o" --specs=nano.specs -mfloat-abi=soft -mthumb -o "Core/Src/quectel.o"
arm-none-eabi-gcc -o "BLIPGO_F070CBT6_New.elf" @"objects.list"   -mcpu=cortex-m0 -T"D:\BGMICRO\CAREMATIX\IDE_WORKSPACES\blipgo_v0_0\BLIPGO_F070CBT6_New\STM32F070CBTX_FLASH.ld" --specs=nosys.specs -Wl,-Map="BLIPGO_F070CBT6_New.map" -Wl,--gc-sections -static --specs=nano.specs -mfloat-abi=soft -mthumb -Wl,--start-group -lc -lm -Wl,--end-group
Finished building target: BLIPGO_F070CBT6_New.elf
 
arm-none-eabi-size   BLIPGO_F070CBT6_New.elf 
arm-none-eabi-objdump -h -S  BLIPGO_F070CBT6_New.elf  > "BLIPGO_F070CBT6_New.list"
arm-none-eabi-objcopy  -O binary  BLIPGO_F070CBT6_New.elf  "BLIPGO_F070CBT6_New.bin"
   text	   data	    bss	    dec	    hex	filename
  34620	    120	   8632	  43372	   a96c	BLIPGO_F070CBT6_New.elf
Finished building: default.size.stdout
 
Finished building: BLIPGO_F070CBT6_New.bin
 
Finished building: BLIPGO_F070CBT6_New.list
 
20:25:21 **** Incremental Build of configuration Debug for project BLIPGO_F070CBT6_New ****
make -j12 all 
arm-none-eabi-size   BLIPGO_F070CBT6_New.elf 
   text	   data	    bss	    dec	    hex	filename
  34620	    120	   8632	  43372	   a96c	BLIPGO_F070CBT6_New.elf
Finished building: default.size.stdout
 
20:27:17 **** Incremental Build of configuration Debug for project BLIPGO_F070CBT6_New ****
make -j12 all 
arm-none-eabi-gcc "../Core/Src/cmmain.c" -mcpu=cortex-m0 -std=gnu11 -g3 -DDEBUG -DUSE_HAL_DRIVER -DSTM32F070xB -c -I../USB_DEVICE/App -I../USB_DEVICE/Target -I../Core/Inc -I../Drivers/STM32F0xx_HAL_Driver/Inc -I../Drivers/STM32F0xx_HAL_Driver/Inc/Legacy -I../Middlewares/ST/STM32_USB_Device_Library/Core/Inc -I../Middlewares/ST/STM32_USB_Device_Library/Class/CDC/Inc -I../Drivers/CMSIS/Device/ST/STM32F0xx/Include -I../Drivers/CMSIS/Include -O0 -ffunction-sections -fdata-sections -Wall -Wno-format -fstack-usage -MMD -MP -MF"Core/Src/cmmain.d" -MT"Core/Src/cmmain.o" --specs=nano.specs -mfloat-abi=soft -mthumb -o "Core/Src/cmmain.o"
arm-none-eabi-gcc -o "BLIPGO_F070CBT6_New.elf" @"objects.list"   -mcpu=cortex-m0 -T"D:\BGMICRO\CAREMATIX\IDE_WORKSPACES\blipgo_v0_0\BLIPGO_F070CBT6_New\STM32F070CBTX_FLASH.ld" --specs=nosys.specs -Wl,-Map="BLIPGO_F070CBT6_New.map" -Wl,--gc-sections -static --specs=nano.specs -mfloat-abi=soft -mthumb -Wl,--start-group -lc -lm -Wl,--end-group
Finished building target: BLIPGO_F070CBT6_New.elf
 
arm-none-eabi-size   BLIPGO_F070CBT6_New.elf 
arm-none-eabi-objdump -h -S  BLIPGO_F070CBT6_New.elf  > "BLIPGO_F070CBT6_New.list"
arm-none-eabi-objcopy  -O binary  BLIPGO_F070CBT6_New.elf  "BLIPGO_F070CBT6_New.bin"
   text	   data	    bss	    dec	    hex	filename
  34628	    120	   8632	  43380	   a974	BLIPGO_F070CBT6_New.elf
Finished building: default.size.stdout
Finished building: BLIPGO_F070CBT6_New.bin
 
 
Finished building: BLIPGO_F070CBT6_New.list
 
20:27:22 **** Incremental Build of configuration Debug for project BLIPGO_F070CBT6_New ****
make -j12 all 
arm-none-eabi-size   BLIPGO_F070CBT6_New.elf 
   text	   data	    bss	    dec	    hex	filename
  34628	    120	   8632	  43380	   a974	BLIPGO_F070CBT6_New.elf
Finished building: default.size.stdout
 
20:36:05 **** Incremental Build of configuration Debug for project BLIPGO_F070CBT6_New ****
make -j12 all 
arm-none-eabi-gcc "../Core/Src/cmmain.c" -mcpu=cortex-m0 -std=gnu11 -g3 -DDEBUG -DUSE_HAL_DRIVER -DSTM32F070xB -c -I../USB_DEVICE/App -I../USB_DEVICE/Target -I../Core/Inc -I../Drivers/STM32F0xx_HAL_Driver/Inc -I../Drivers/STM32F0xx_HAL_Driver/Inc/Legacy -I../Middlewares/ST/STM32_USB_Device_Library/Core/Inc -I../Middlewares/ST/STM32_USB_Device_Library/Class/CDC/Inc -I../Drivers/CMSIS/Device/ST/STM32F0xx/Include -I../Drivers/CMSIS/Include -O0 -ffunction-sections -fdata-sections -Wall -Wno-format -fstack-usage -MMD -MP -MF"Core/Src/cmmain.d" -MT"Core/Src/cmmain.o" --specs=nano.specs -mfloat-abi=soft -mthumb -o "Core/Src/cmmain.o"
arm-none-eabi-gcc -o "BLIPGO_F070CBT6_New.elf" @"objects.list"   -mcpu=cortex-m0 -T"D:\BGMICRO\CAREMATIX\IDE_WORKSPACES\blipgo_v0_0\BLIPGO_F070CBT6_New\STM32F070CBTX_FLASH.ld" --specs=nosys.specs -Wl,-Map="BLIPGO_F070CBT6_New.map" -Wl,--gc-sections -static --specs=nano.specs -mfloat-abi=soft -mthumb -Wl,--start-group -lc -lm -Wl,--end-group
d:\stm32\stm32cubeide_1.7.0\stm32cubeide\plugins\com.st.stm32cube.ide.mcu.externaltools.gnu-tools-for-stm32.9-2020-q2-update.win32_2.0.0.202105311346\tools\arm-none-eabi\bin\ld.exe: ./Core/Src/cmmain.o: in function `cmmain':
D:/BGMICRO/CAREMATIX/IDE_WORKSPACES/blipgo_v0_0/BLIPGO_F070CBT6_New/Debug/../Core/Src/cmmain.c:242: undefined reference to `quec_power_on'
collect2.exe: error: ld returned 1 exit status
make: *** [makefile:69: BLIPGO_F070CBT6_New.elf] Error 1
"make -j12 all" terminated with exit code 2. Build might be incomplete.
20:38:15 **** Incremental Build of configuration Debug for project BLIPGO_F070CBT6_New ****
make -j12 all 
arm-none-eabi-gcc "../Core/Src/cmmain.c" -mcpu=cortex-m0 -std=gnu11 -g3 -DDEBUG -DUSE_HAL_DRIVER -DSTM32F070xB -c -I../USB_DEVICE/App -I../USB_DEVICE/Target -I../Core/Inc -I../Drivers/STM32F0xx_HAL_Driver/Inc -I../Drivers/STM32F0xx_HAL_Driver/Inc/Legacy -I../Middlewares/ST/STM32_USB_Device_Library/Core/Inc -I../Middlewares/ST/STM32_USB_Device_Library/Class/CDC/Inc -I../Drivers/CMSIS/Device/ST/STM32F0xx/Include -I../Drivers/CMSIS/Include -O0 -ffunction-sections -fdata-sections -Wall -Wno-format -fstack-usage -MMD -MP -MF"Core/Src/cmmain.d" -MT"Core/Src/cmmain.o" --specs=nano.specs -mfloat-abi=soft -mthumb -o "Core/Src/cmmain.o"
arm-none-eabi-gcc -o "BLIPGO_F070CBT6_New.elf" @"objects.list"   -mcpu=cortex-m0 -T"D:\BGMICRO\CAREMATIX\IDE_WORKSPACES\blipgo_v0_0\BLIPGO_F070CBT6_New\STM32F070CBTX_FLASH.ld" --specs=nosys.specs -Wl,-Map="BLIPGO_F070CBT6_New.map" -Wl,--gc-sections -static --specs=nano.specs -mfloat-abi=soft -mthumb -Wl,--start-group -lc -lm -Wl,--end-group
Finished building target: BLIPGO_F070CBT6_New.elf
 
arm-none-eabi-size   BLIPGO_F070CBT6_New.elf 
arm-none-eabi-objdump -h -S  BLIPGO_F070CBT6_New.elf  > "BLIPGO_F070CBT6_New.list"
arm-none-eabi-objcopy  -O binary  BLIPGO_F070CBT6_New.elf  "BLIPGO_F070CBT6_New.bin"
   text	   data	    bss	    dec	    hex	filename
  34776	    120	   8632	  43528	   aa08	BLIPGO_F070CBT6_New.elf
Finished building: default.size.stdout
 
Finished building: BLIPGO_F070CBT6_New.bin
 
Finished building: BLIPGO_F070CBT6_New.list
 
20:38:42 **** Incremental Build of configuration Debug for project BLIPGO_F070CBT6_New ****
make -j12 all 
arm-none-eabi-size   BLIPGO_F070CBT6_New.elf 
   text	   data	    bss	    dec	    hex	filename
  34776	    120	   8632	  43528	   aa08	BLIPGO_F070CBT6_New.elf
Finished building: default.size.stdout
 
20:57:54 **** Incremental Build of configuration Debug for project BLIPGO_F070CBT6_New ****
make -j12 all 
arm-none-eabi-gcc "../Core/Src/beeper.c" -mcpu=cortex-m0 -std=gnu11 -g3 -DDEBUG -DUSE_HAL_DRIVER -DSTM32F070xB -c -I../USB_DEVICE/App -I../USB_DEVICE/Target -I../Core/Inc -I../Drivers/STM32F0xx_HAL_Driver/Inc -I../Drivers/STM32F0xx_HAL_Driver/Inc/Legacy -I../Middlewares/ST/STM32_USB_Device_Library/Core/Inc -I../Middlewares/ST/STM32_USB_Device_Library/Class/CDC/Inc -I../Drivers/CMSIS/Device/ST/STM32F0xx/Include -I../Drivers/CMSIS/Include -O0 -ffunction-sections -fdata-sections -Wall -Wno-format -fstack-usage -MMD -MP -MF"Core/Src/beeper.d" -MT"Core/Src/beeper.o" --specs=nano.specs -mfloat-abi=soft -mthumb -o "Core/Src/beeper.o"
arm-none-eabi-gcc "../Core/Src/cmmain.c" -mcpu=cortex-m0 -std=gnu11 -g3 -DDEBUG -DUSE_HAL_DRIVER -DSTM32F070xB -c -I../USB_DEVICE/App -I../USB_DEVICE/Target -I../Core/Inc -I../Drivers/STM32F0xx_HAL_Driver/Inc -I../Drivers/STM32F0xx_HAL_Driver/Inc/Legacy -I../Middlewares/ST/STM32_USB_Device_Library/Core/Inc -I../Middlewares/ST/STM32_USB_Device_Library/Class/CDC/Inc -I../Drivers/CMSIS/Device/ST/STM32F0xx/Include -I../Drivers/CMSIS/Include -O0 -ffunction-sections -fdata-sections -Wall -Wno-format -fstack-usage -MMD -MP -MF"Core/Src/cmmain.d" -MT"Core/Src/cmmain.o" --specs=nano.specs -mfloat-abi=soft -mthumb -o "Core/Src/cmmain.o"
arm-none-eabi-gcc "../Core/Src/espif.c" -mcpu=cortex-m0 -std=gnu11 -g3 -DDEBUG -DUSE_HAL_DRIVER -DSTM32F070xB -c -I../USB_DEVICE/App -I../USB_DEVICE/Target -I../Core/Inc -I../Drivers/STM32F0xx_HAL_Driver/Inc -I../Drivers/STM32F0xx_HAL_Driver/Inc/Legacy -I../Middlewares/ST/STM32_USB_Device_Library/Core/Inc -I../Middlewares/ST/STM32_USB_Device_Library/Class/CDC/Inc -I../Drivers/CMSIS/Device/ST/STM32F0xx/Include -I../Drivers/CMSIS/Include -O0 -ffunction-sections -fdata-sections -Wall -Wno-format -fstack-usage -MMD -MP -MF"Core/Src/espif.d" -MT"Core/Src/espif.o" --specs=nano.specs -mfloat-abi=soft -mthumb -o "Core/Src/espif.o"
arm-none-eabi-gcc "../Core/Src/led.c" -mcpu=cortex-m0 -std=gnu11 -g3 -DDEBUG -DUSE_HAL_DRIVER -DSTM32F070xB -c -I../USB_DEVICE/App -I../USB_DEVICE/Target -I../Core/Inc -I../Drivers/STM32F0xx_HAL_Driver/Inc -I../Drivers/STM32F0xx_HAL_Driver/Inc/Legacy -I../Middlewares/ST/STM32_USB_Device_Library/Core/Inc -I../Middlewares/ST/STM32_USB_Device_Library/Class/CDC/Inc -I../Drivers/CMSIS/Device/ST/STM32F0xx/Include -I../Drivers/CMSIS/Include -O0 -ffunction-sections -fdata-sections -Wall -Wno-format -fstack-usage -MMD -MP -MF"Core/Src/led.d" -MT"Core/Src/led.o" --specs=nano.specs -mfloat-abi=soft -mthumb -o "Core/Src/led.o"
arm-none-eabi-gcc "../Core/Src/main.c" -mcpu=cortex-m0 -std=gnu11 -g3 -DDEBUG -DUSE_HAL_DRIVER -DSTM32F070xB -c -I../USB_DEVICE/App -I../USB_DEVICE/Target -I../Core/Inc -I../Drivers/STM32F0xx_HAL_Driver/Inc -I../Drivers/STM32F0xx_HAL_Driver/Inc/Legacy -I../Middlewares/ST/STM32_USB_Device_Library/Core/Inc -I../Middlewares/ST/STM32_USB_Device_Library/Class/CDC/Inc -I../Drivers/CMSIS/Device/ST/STM32F0xx/Include -I../Drivers/CMSIS/Include -O0 -ffunction-sections -fdata-sections -Wall -Wno-format -fstack-usage -MMD -MP -MF"Core/Src/main.d" -MT"Core/Src/main.o" --specs=nano.specs -mfloat-abi=soft -mthumb -o "Core/Src/main.o"
arm-none-eabi-gcc "../Core/Src/quectel.c" -mcpu=cortex-m0 -std=gnu11 -g3 -DDEBUG -DUSE_HAL_DRIVER -DSTM32F070xB -c -I../USB_DEVICE/App -I../USB_DEVICE/Target -I../Core/Inc -I../Drivers/STM32F0xx_HAL_Driver/Inc -I../Drivers/STM32F0xx_HAL_Driver/Inc/Legacy -I../Middlewares/ST/STM32_USB_Device_Library/Core/Inc -I../Middlewares/ST/STM32_USB_Device_Library/Class/CDC/Inc -I../Drivers/CMSIS/Device/ST/STM32F0xx/Include -I../Drivers/CMSIS/Include -O0 -ffunction-sections -fdata-sections -Wall -Wno-format -fstack-usage -MMD -MP -MF"Core/Src/quectel.d" -MT"Core/Src/quectel.o" --specs=nano.specs -mfloat-abi=soft -mthumb -o "Core/Src/quectel.o"
arm-none-eabi-gcc "../Core/Src/usbdebug.c" -mcpu=cortex-m0 -std=gnu11 -g3 -DDEBUG -DUSE_HAL_DRIVER -DSTM32F070xB -c -I../USB_DEVICE/App -I../USB_DEVICE/Target -I../Core/Inc -I../Drivers/STM32F0xx_HAL_Driver/Inc -I../Drivers/STM32F0xx_HAL_Driver/Inc/Legacy -I../Middlewares/ST/STM32_USB_Device_Library/Core/Inc -I../Middlewares/ST/STM32_USB_Device_Library/Class/CDC/Inc -I../Drivers/CMSIS/Device/ST/STM32F0xx/Include -I../Drivers/CMSIS/Include -O0 -ffunction-sections -fdata-sections -Wall -Wno-format -fstack-usage -MMD -MP -MF"Core/Src/usbdebug.d" -MT"Core/Src/usbdebug.o" --specs=nano.specs -mfloat-abi=soft -mthumb -o "Core/Src/usbdebug.o"
../Core/Src/cmmain.c: In function 'cmmain':
../Core/Src/cmmain.c:210:15: warning: pointer targets in passing argument 1 of 'usb_write' differ in signedness [-Wpointer-sign]
  210 |     usb_write((char*)tx_string);
      |               ^~~~~~~~~~~~~~~~
      |               |
      |               char *
In file included from ../Core/Src/cmmain.c:41:
../Core/Inc/cmexterns.h:60:23: note: expected 'uint8_t *' {aka 'unsigned char *'} but argument is of type 'char *'
   60 | extern void usb_write(uint8_t *);
      |                       ^~~~~~~~~
../Core/Src/cmmain.c:231:19: warning: pointer targets in passing argument 1 of 'usb_write' differ in signedness [-Wpointer-sign]
  231 |         usb_write("\r\nESP Turning ON\r\n"); // zzz
      |                   ^~~~~~~~~~~~~~~~~~~~~~~~
      |                   |
      |                   char *
In file included from ../Core/Src/cmmain.c:41:
../Core/Inc/cmexterns.h:60:23: note: expected 'uint8_t *' {aka 'unsigned char *'} but argument is of type 'char *'
   60 | extern void usb_write(uint8_t *);
      |                       ^~~~~~~~~
../Core/Src/cmmain.c:236:15: warning: pointer targets in passing argument 1 of 'usb_write' differ in signedness [-Wpointer-sign]
  236 |     usb_write("\r\nESP Turning ON\r\n");
      |               ^~~~~~~~~~~~~~~~~~~~~~~~
      |               |
      |               char *
In file included from ../Core/Src/cmmain.c:41:
../Core/Inc/cmexterns.h:60:23: note: expected 'uint8_t *' {aka 'unsigned char *'} but argument is of type 'char *'
   60 | extern void usb_write(uint8_t *);
      |                       ^~~~~~~~~
../Core/Src/cmmain.c:243:15: warning: pointer targets in passing argument 1 of 'usb_write' differ in signedness [-Wpointer-sign]
  243 |     usb_write("\r\nBG95 Turning ON\r\n");
      |               ^~~~~~~~~~~~~~~~~~~~~~~~~
      |               |
      |               char *
In file included from ../Core/Src/cmmain.c:41:
../Core/Inc/cmexterns.h:60:23: note: expected 'uint8_t *' {aka 'unsigned char *'} but argument is of type 'char *'
   60 | extern void usb_write(uint8_t *);
      |                       ^~~~~~~~~
../Core/Src/usbdebug.c: In function 'usb_write':
../Core/Src/usbdebug.c:77:5: warning: implicit declaration of function 'CDC_Transmit_FS' [-Wimplicit-function-declaration]
   77 |     CDC_Transmit_FS((uint8_t*) "\r\nBANANA, 8);
      |     ^~~~~~~~~~~~~~~
../Core/Src/usbdebug.c:77:32: warning: missing terminating " character
   77 |     CDC_Transmit_FS((uint8_t*) "\r\nBANANA, 8);
      |                                ^
../Core/Src/usbdebug.c:77:32: error: missing terminating " character
   77 |     CDC_Transmit_FS((uint8_t*) "\r\nBANANA, 8);
      |                                ^~~~~~~~~~~~~~~~
../Core/Src/usbdebug.c:81:15: error: 'i' undeclared (first use in this function)
   81 |     HAL_Delay(i*3);
      |               ^
../Core/Src/usbdebug.c:81:15: note: each undeclared identifier is reported only once for each function it appears in
../Core/Src/usbdebug.c:81:19: error: expected ')' before ';' token
   81 |     HAL_Delay(i*3);
      |                   ^
      |                   )
../Core/Src/usbdebug.c:84:12: error: expected ';' before '}' token
   84 |     return;
      |            ^
      |            ;
   85 | }
      | ~           
make: *** [Core/Src/subdir.mk:61: Core/Src/usbdebug.o] Error 1
make: *** Waiting for unfinished jobs....
"make -j12 all" terminated with exit code 2. Build might be incomplete.
20:58:57 **** Incremental Build of configuration Debug for project BLIPGO_F070CBT6_New ****
make -j12 all 
arm-none-eabi-gcc "../Core/Src/usbdebug.c" -mcpu=cortex-m0 -std=gnu11 -g3 -DDEBUG -DUSE_HAL_DRIVER -DSTM32F070xB -c -I../USB_DEVICE/App -I../USB_DEVICE/Target -I../Core/Inc -I../Drivers/STM32F0xx_HAL_Driver/Inc -I../Drivers/STM32F0xx_HAL_Driver/Inc/Legacy -I../Middlewares/ST/STM32_USB_Device_Library/Core/Inc -I../Middlewares/ST/STM32_USB_Device_Library/Class/CDC/Inc -I../Drivers/CMSIS/Device/ST/STM32F0xx/Include -I../Drivers/CMSIS/Include -O0 -ffunction-sections -fdata-sections -Wall -Wno-format -fstack-usage -MMD -MP -MF"Core/Src/usbdebug.d" -MT"Core/Src/usbdebug.o" --specs=nano.specs -mfloat-abi=soft -mthumb -o "Core/Src/usbdebug.o"
../Core/Src/usbdebug.c: In function 'usb_write':
../Core/Src/usbdebug.c:77:5: warning: implicit declaration of function 'CDC_Transmit_FS' [-Wimplicit-function-declaration]
   77 |     CDC_Transmit_FS((uint8_t*) "\r\nBANANA, 8);
      |     ^~~~~~~~~~~~~~~
../Core/Src/usbdebug.c:77:32: warning: missing terminating " character
   77 |     CDC_Transmit_FS((uint8_t*) "\r\nBANANA, 8);
      |                                ^
../Core/Src/usbdebug.c:77:32: error: missing terminating " character
   77 |     CDC_Transmit_FS((uint8_t*) "\r\nBANANA, 8);
      |                                ^~~~~~~~~~~~~~~~
../Core/Src/usbdebug.c:84:5: error: expected expression before 'return'
   84 |     return;
      |     ^~~~~~
../Core/Src/usbdebug.c:84:12: error: expected ';' before '}' token
   84 |     return;
      |            ^
      |            ;
   85 | }
      | ~           
make: *** [Core/Src/subdir.mk:61: Core/Src/usbdebug.o] Error 1
"make -j12 all" terminated with exit code 2. Build might be incomplete.
20:59:14 **** Incremental Build of configuration Debug for project BLIPGO_F070CBT6_New ****
make -j12 all 
arm-none-eabi-gcc "../Core/Src/usbdebug.c" -mcpu=cortex-m0 -std=gnu11 -g3 -DDEBUG -DUSE_HAL_DRIVER -DSTM32F070xB -c -I../USB_DEVICE/App -I../USB_DEVICE/Target -I../Core/Inc -I../Drivers/STM32F0xx_HAL_Driver/Inc -I../Drivers/STM32F0xx_HAL_Driver/Inc/Legacy -I../Middlewares/ST/STM32_USB_Device_Library/Core/Inc -I../Middlewares/ST/STM32_USB_Device_Library/Class/CDC/Inc -I../Drivers/CMSIS/Device/ST/STM32F0xx/Include -I../Drivers/CMSIS/Include -O0 -ffunction-sections -fdata-sections -Wall -Wno-format -fstack-usage -MMD -MP -MF"Core/Src/usbdebug.d" -MT"Core/Src/usbdebug.o" --specs=nano.specs -mfloat-abi=soft -mthumb -o "Core/Src/usbdebug.o"
../Core/Src/usbdebug.c: In function 'usb_write':
../Core/Src/usbdebug.c:77:5: warning: implicit declaration of function 'CDC_Transmit_FS' [-Wimplicit-function-declaration]
   77 |     CDC_Transmit_FS((uint8_t*) "\r\nBANANA", 8);
      |     ^~~~~~~~~~~~~~~
arm-none-eabi-gcc -o "BLIPGO_F070CBT6_New.elf" @"objects.list"   -mcpu=cortex-m0 -T"D:\BGMICRO\CAREMATIX\IDE_WORKSPACES\blipgo_v0_0\BLIPGO_F070CBT6_New\STM32F070CBTX_FLASH.ld" --specs=nosys.specs -Wl,-Map="BLIPGO_F070CBT6_New.map" -Wl,--gc-sections -static --specs=nano.specs -mfloat-abi=soft -mthumb -Wl,--start-group -lc -lm -Wl,--end-group
Finished building target: BLIPGO_F070CBT6_New.elf
 
arm-none-eabi-size   BLIPGO_F070CBT6_New.elf 
arm-none-eabi-objdump -h -S  BLIPGO_F070CBT6_New.elf  > "BLIPGO_F070CBT6_New.list"
arm-none-eabi-objcopy  -O binary  BLIPGO_F070CBT6_New.elf  "BLIPGO_F070CBT6_New.bin"
   text	   data	    bss	    dec	    hex	filename
  40732	    488	  12392	  53612	   d16c	BLIPGO_F070CBT6_New.elf
Finished building: default.size.stdout
 
Finished building: BLIPGO_F070CBT6_New.bin
 
Finished building: BLIPGO_F070CBT6_New.list
 
21:00:21 **** Incremental Build of configuration Debug for project BLIPGO_F070CBT6_New ****
make -j12 all 
arm-none-eabi-gcc "../Core/Src/usbdebug.c" -mcpu=cortex-m0 -std=gnu11 -g3 -DDEBUG -DUSE_HAL_DRIVER -DSTM32F070xB -c -I../USB_DEVICE/App -I../USB_DEVICE/Target -I../Core/Inc -I../Drivers/STM32F0xx_HAL_Driver/Inc -I../Drivers/STM32F0xx_HAL_Driver/Inc/Legacy -I../Middlewares/ST/STM32_USB_Device_Library/Core/Inc -I../Middlewares/ST/STM32_USB_Device_Library/Class/CDC/Inc -I../Drivers/CMSIS/Device/ST/STM32F0xx/Include -I../Drivers/CMSIS/Include -O0 -ffunction-sections -fdata-sections -Wall -Wno-format -fstack-usage -MMD -MP -MF"Core/Src/usbdebug.d" -MT"Core/Src/usbdebug.o" --specs=nano.specs -mfloat-abi=soft -mthumb -o "Core/Src/usbdebug.o"
../Core/Src/usbdebug.c: In function 'usb_write':
../Core/Src/usbdebug.c:78:5: warning: implicit declaration of function 'CDC_Transmit_FS' [-Wimplicit-function-declaration]
   78 |     CDC_Transmit_FS((uint8_t*) "\r\nBANANA", 8);
      |     ^~~~~~~~~~~~~~~
arm-none-eabi-gcc -o "BLIPGO_F070CBT6_New.elf" @"objects.list"   -mcpu=cortex-m0 -T"D:\BGMICRO\CAREMATIX\IDE_WORKSPACES\blipgo_v0_0\BLIPGO_F070CBT6_New\STM32F070CBTX_FLASH.ld" --specs=nosys.specs -Wl,-Map="BLIPGO_F070CBT6_New.map" -Wl,--gc-sections -static --specs=nano.specs -mfloat-abi=soft -mthumb -Wl,--start-group -lc -lm -Wl,--end-group
Finished building target: BLIPGO_F070CBT6_New.elf
 
arm-none-eabi-size   BLIPGO_F070CBT6_New.elf 
arm-none-eabi-objdump -h -S  BLIPGO_F070CBT6_New.elf  > "BLIPGO_F070CBT6_New.list"
arm-none-eabi-objcopy  -O binary  BLIPGO_F070CBT6_New.elf  "BLIPGO_F070CBT6_New.bin"
   text	   data	    bss	    dec	    hex	filename
  40732	    488	  12392	  53612	   d16c	BLIPGO_F070CBT6_New.elf
Finished building: default.size.stdout
 
Finished building: BLIPGO_F070CBT6_New.bin
 
Finished building: BLIPGO_F070CBT6_New.list
 
21:02:34 **** Incremental Build of configuration Debug for project BLIPGO_F070CBT6_New ****
make -j12 all 
arm-none-eabi-gcc "../Core/Src/usbdebug.c" -mcpu=cortex-m0 -std=gnu11 -g3 -DDEBUG -DUSE_HAL_DRIVER -DSTM32F070xB -c -I../USB_DEVICE/App -I../USB_DEVICE/Target -I../Core/Inc -I../Drivers/STM32F0xx_HAL_Driver/Inc -I../Drivers/STM32F0xx_HAL_Driver/Inc/Legacy -I../Middlewares/ST/STM32_USB_Device_Library/Core/Inc -I../Middlewares/ST/STM32_USB_Device_Library/Class/CDC/Inc -I../Drivers/CMSIS/Device/ST/STM32F0xx/Include -I../Drivers/CMSIS/Include -O0 -ffunction-sections -fdata-sections -Wall -Wno-format -fstack-usage -MMD -MP -MF"Core/Src/usbdebug.d" -MT"Core/Src/usbdebug.o" --specs=nano.specs -mfloat-abi=soft -mthumb -o "Core/Src/usbdebug.o"
arm-none-eabi-gcc -o "BLIPGO_F070CBT6_New.elf" @"objects.list"   -mcpu=cortex-m0 -T"D:\BGMICRO\CAREMATIX\IDE_WORKSPACES\blipgo_v0_0\BLIPGO_F070CBT6_New\STM32F070CBTX_FLASH.ld" --specs=nosys.specs -Wl,-Map="BLIPGO_F070CBT6_New.map" -Wl,--gc-sections -static --specs=nano.specs -mfloat-abi=soft -mthumb -Wl,--start-group -lc -lm -Wl,--end-group
Finished building target: BLIPGO_F070CBT6_New.elf
 
arm-none-eabi-size   BLIPGO_F070CBT6_New.elf 
arm-none-eabi-objdump -h -S  BLIPGO_F070CBT6_New.elf  > "BLIPGO_F070CBT6_New.list"
arm-none-eabi-objcopy  -O binary  BLIPGO_F070CBT6_New.elf  "BLIPGO_F070CBT6_New.bin"
   text	   data	    bss	    dec	    hex	filename
  40732	    488	  12392	  53612	   d16c	BLIPGO_F070CBT6_New.elf
Finished building: default.size.stdout
 
Finished building: BLIPGO_F070CBT6_New.bin
 
Finished building: BLIPGO_F070CBT6_New.list
 
21:44:53 **** Incremental Build of configuration Debug for project BLIPGO_F070CBT6_New ****
make -j12 all 
arm-none-eabi-size   BLIPGO_F070CBT6_New.elf 
   text	   data	    bss	    dec	    hex	filename
  40732	    488	  12392	  53612	   d16c	BLIPGO_F070CBT6_New.elf
Finished building: default.size.stdout
 
17:59:08 **** Incremental Build of configuration Debug for project BLIPGO_F070CBT6_New ****
make -j12 all 
arm-none-eabi-gcc "../Core/Src/cmmain.c" -mcpu=cortex-m0 -std=gnu11 -g3 -DDEBUG -DUSE_HAL_DRIVER -DSTM32F070xB -c -I../USB_DEVICE/App -I../USB_DEVICE/Target -I../Core/Inc -I../Drivers/STM32F0xx_HAL_Driver/Inc -I../Drivers/STM32F0xx_HAL_Driver/Inc/Legacy -I../Middlewares/ST/STM32_USB_Device_Library/Core/Inc -I../Middlewares/ST/STM32_USB_Device_Library/Class/CDC/Inc -I../Drivers/CMSIS/Device/ST/STM32F0xx/Include -I../Drivers/CMSIS/Include -O0 -ffunction-sections -fdata-sections -Wall -Wno-format -fstack-usage -MMD -MP -MF"Core/Src/cmmain.d" -MT"Core/Src/cmmain.o" --specs=nano.specs -mfloat-abi=soft -mthumb -o "Core/Src/cmmain.o"
arm-none-eabi-gcc "../Core/Src/main.c" -mcpu=cortex-m0 -std=gnu11 -g3 -DDEBUG -DUSE_HAL_DRIVER -DSTM32F070xB -c -I../USB_DEVICE/App -I../USB_DEVICE/Target -I../Core/Inc -I../Drivers/STM32F0xx_HAL_Driver/Inc -I../Drivers/STM32F0xx_HAL_Driver/Inc/Legacy -I../Middlewares/ST/STM32_USB_Device_Library/Core/Inc -I../Middlewares/ST/STM32_USB_Device_Library/Class/CDC/Inc -I../Drivers/CMSIS/Device/ST/STM32F0xx/Include -I../Drivers/CMSIS/Include -O0 -ffunction-sections -fdata-sections -Wall -Wno-format -fstack-usage -MMD -MP -MF"Core/Src/main.d" -MT"Core/Src/main.o" --specs=nano.specs -mfloat-abi=soft -mthumb -o "Core/Src/main.o"
arm-none-eabi-gcc "../Core/Src/usbdebug.c" -mcpu=cortex-m0 -std=gnu11 -g3 -DDEBUG -DUSE_HAL_DRIVER -DSTM32F070xB -c -I../USB_DEVICE/App -I../USB_DEVICE/Target -I../Core/Inc -I../Drivers/STM32F0xx_HAL_Driver/Inc -I../Drivers/STM32F0xx_HAL_Driver/Inc/Legacy -I../Middlewares/ST/STM32_USB_Device_Library/Core/Inc -I../Middlewares/ST/STM32_USB_Device_Library/Class/CDC/Inc -I../Drivers/CMSIS/Device/ST/STM32F0xx/Include -I../Drivers/CMSIS/Include -O0 -ffunction-sections -fdata-sections -Wall -Wno-format -fstack-usage -MMD -MP -MF"Core/Src/usbdebug.d" -MT"Core/Src/usbdebug.o" --specs=nano.specs -mfloat-abi=soft -mthumb -o "Core/Src/usbdebug.o"
arm-none-eabi-gcc "../Core/Src/winbond_mem.c" -mcpu=cortex-m0 -std=gnu11 -g3 -DDEBUG -DUSE_HAL_DRIVER -DSTM32F070xB -c -I../USB_DEVICE/App -I../USB_DEVICE/Target -I../Core/Inc -I../Drivers/STM32F0xx_HAL_Driver/Inc -I../Drivers/STM32F0xx_HAL_Driver/Inc/Legacy -I../Middlewares/ST/STM32_USB_Device_Library/Core/Inc -I../Middlewares/ST/STM32_USB_Device_Library/Class/CDC/Inc -I../Drivers/CMSIS/Device/ST/STM32F0xx/Include -I../Drivers/CMSIS/Include -O0 -ffunction-sections -fdata-sections -Wall -Wno-format -fstack-usage -MMD -MP -MF"Core/Src/winbond_mem.d" -MT"Core/Src/winbond_mem.o" --specs=nano.specs -mfloat-abi=soft -mthumb -o "Core/Src/winbond_mem.o"
../Core/Src/usbdebug.c: In function 'usb_write':
../Core/Src/usbdebug.c:107:12: warning: statement with no effect [-Wunused-value]
  107 |     for (i == 0; i < USB_MAX_BUFLEN; i++)
      |          ~~^~~~
../Core/Src/winbond_mem.c: In function 'sFLASH_SendByte':
../Core/Src/winbond_mem.c:293:21: error: 'hspi1' undeclared (first use in this function)
  293 |   HAL_SPI_Transmit(&hspi1, &data_byte, 1, 10);
      |                     ^~~~~
../Core/Src/winbond_mem.c:293:21: note: each undeclared identifier is reported only once for each function it appears in
../Core/Src/winbond_mem.c: In function 'sFLASH_ReadByte':
../Core/Src/winbond_mem.c:299:22: error: 'hspi1' undeclared (first use in this function)
  299 |     HAL_SPI_Receive(&hspi1, &mem_var, 1, 10);
      |                      ^~~~~
../Core/Src/cmmain.c: In function 'cmmain':
../Core/Src/cmmain.c:210:15: warning: pointer targets in passing argument 1 of 'usb_write' differ in signedness [-Wpointer-sign]
  210 |     usb_write((char*)tx_string);
      |               ^~~~~~~~~~~~~~~~
      |               |
      |               char *
In file included from ../Core/Src/cmmain.c:41:
../Core/Inc/cmexterns.h:60:23: note: expected 'uint8_t *' {aka 'unsigned char *'} but argument is of type 'char *'
   60 | extern void usb_write(uint8_t *);
      |                       ^~~~~~~~~
../Core/Src/cmmain.c:235:15: warning: pointer targets in passing argument 1 of 'usb_write' differ in signedness [-Wpointer-sign]
  235 |     usb_write("\r\nESP Turning ON\r\n");
      |               ^~~~~~~~~~~~~~~~~~~~~~~~
      |               |
      |               char *
In file included from ../Core/Src/cmmain.c:41:
../Core/Inc/cmexterns.h:60:23: note: expected 'uint8_t *' {aka 'unsigned char *'} but argument is of type 'char *'
   60 | extern void usb_write(uint8_t *);
      |                       ^~~~~~~~~
../Core/Src/usbdebug.c:107:22: error: 'USB_MAX_BUFLEN' undeclared (first use in this function)
  107 |     for (i == 0; i < USB_MAX_BUFLEN; i++)
      |                      ^~~~~~~~~~~~~~
../Core/Src/usbdebug.c:107:22: note: each undeclared identifier is reported only once for each function it appears in
../Core/Src/usbdebug.c:100:13: warning: unused variable 'test' [-Wunused-variable]
  100 |     uint8_t test;
      |             ^~~~
make: *** [Core/Src/subdir.mk:61: Core/Src/winbond_mem.o] Error 1
make: *** Waiting for unfinished jobs....
make: *** [Core/Src/subdir.mk:61: Core/Src/usbdebug.o] Error 1
"make -j12 all" terminated with exit code 2. Build might be incomplete.
18:06:03 **** Incremental Build of configuration Debug for project BLIPGO_F070CBT6_New ****
make -j12 all 
arm-none-eabi-gcc "../Core/Src/cmmain.c" -mcpu=cortex-m0 -std=gnu11 -g3 -DDEBUG -DUSE_HAL_DRIVER -DSTM32F070xB -c -I../USB_DEVICE/App -I../USB_DEVICE/Target -I../Core/Inc -I../Drivers/STM32F0xx_HAL_Driver/Inc -I../Drivers/STM32F0xx_HAL_Driver/Inc/Legacy -I../Middlewares/ST/STM32_USB_Device_Library/Core/Inc -I../Middlewares/ST/STM32_USB_Device_Library/Class/CDC/Inc -I../Drivers/CMSIS/Device/ST/STM32F0xx/Include -I../Drivers/CMSIS/Include -O0 -ffunction-sections -fdata-sections -Wall -Wno-format -fstack-usage -MMD -MP -MF"Core/Src/cmmain.d" -MT"Core/Src/cmmain.o" --specs=nano.specs -mfloat-abi=soft -mthumb -o "Core/Src/cmmain.o"
arm-none-eabi-gcc "../Core/Src/usbdebug.c" -mcpu=cortex-m0 -std=gnu11 -g3 -DDEBUG -DUSE_HAL_DRIVER -DSTM32F070xB -c -I../USB_DEVICE/App -I../USB_DEVICE/Target -I../Core/Inc -I../Drivers/STM32F0xx_HAL_Driver/Inc -I../Drivers/STM32F0xx_HAL_Driver/Inc/Legacy -I../Middlewares/ST/STM32_USB_Device_Library/Core/Inc -I../Middlewares/ST/STM32_USB_Device_Library/Class/CDC/Inc -I../Drivers/CMSIS/Device/ST/STM32F0xx/Include -I../Drivers/CMSIS/Include -O0 -ffunction-sections -fdata-sections -Wall -Wno-format -fstack-usage -MMD -MP -MF"Core/Src/usbdebug.d" -MT"Core/Src/usbdebug.o" --specs=nano.specs -mfloat-abi=soft -mthumb -o "Core/Src/usbdebug.o"
arm-none-eabi-gcc "../Core/Src/winbond_mem.c" -mcpu=cortex-m0 -std=gnu11 -g3 -DDEBUG -DUSE_HAL_DRIVER -DSTM32F070xB -c -I../USB_DEVICE/App -I../USB_DEVICE/Target -I../Core/Inc -I../Drivers/STM32F0xx_HAL_Driver/Inc -I../Drivers/STM32F0xx_HAL_Driver/Inc/Legacy -I../Middlewares/ST/STM32_USB_Device_Library/Core/Inc -I../Middlewares/ST/STM32_USB_Device_Library/Class/CDC/Inc -I../Drivers/CMSIS/Device/ST/STM32F0xx/Include -I../Drivers/CMSIS/Include -O0 -ffunction-sections -fdata-sections -Wall -Wno-format -fstack-usage -MMD -MP -MF"Core/Src/winbond_mem.d" -MT"Core/Src/winbond_mem.o" --specs=nano.specs -mfloat-abi=soft -mthumb -o "Core/Src/winbond_mem.o"
../Core/Src/cmmain.c: In function 'cmmain':
../Core/Src/cmmain.c:210:15: warning: pointer targets in passing argument 1 of 'usb_write' differ in signedness [-Wpointer-sign]
  210 |     usb_write((char*)tx_string);
      |               ^~~~~~~~~~~~~~~~
      |               |
      |               char *
In file included from ../Core/Src/cmmain.c:41:
../Core/Inc/cmexterns.h:60:23: note: expected 'uint8_t *' {aka 'unsigned char *'} but argument is of type 'char *'
   60 | extern void usb_write(uint8_t *);
      |                       ^~~~~~~~~
../Core/Src/usbdebug.c: In function 'usb_write':
../Core/Src/usbdebug.c:107:21: error: 'USB_MAX_BUFLEN' undeclared (first use in this function)
  107 |     for (i = 0; i < USB_MAX_BUFLEN; i++)
      |                     ^~~~~~~~~~~~~~
../Core/Src/usbdebug.c:107:21: note: each undeclared identifier is reported only once for each function it appears in
../Core/Src/usbdebug.c:100:13: warning: unused variable 'test' [-Wunused-variable]
  100 |     uint8_t test;
      |             ^~~~
make: *** [Core/Src/subdir.mk:61: Core/Src/usbdebug.o] Error 1
make: *** Waiting for unfinished jobs....
"make -j12 all" terminated with exit code 2. Build might be incomplete.
18:08:17 **** Incremental Build of configuration Debug for project BLIPGO_F070CBT6_New ****
make -j12 all 
arm-none-eabi-gcc "../Core/Src/cmmain.c" -mcpu=cortex-m0 -std=gnu11 -g3 -DDEBUG -DUSE_HAL_DRIVER -DSTM32F070xB -c -I../USB_DEVICE/App -I../USB_DEVICE/Target -I../Core/Inc -I../Drivers/STM32F0xx_HAL_Driver/Inc -I../Drivers/STM32F0xx_HAL_Driver/Inc/Legacy -I../Middlewares/ST/STM32_USB_Device_Library/Core/Inc -I../Middlewares/ST/STM32_USB_Device_Library/Class/CDC/Inc -I../Drivers/CMSIS/Device/ST/STM32F0xx/Include -I../Drivers/CMSIS/Include -O0 -ffunction-sections -fdata-sections -Wall -Wno-format -fstack-usage -MMD -MP -MF"Core/Src/cmmain.d" -MT"Core/Src/cmmain.o" --specs=nano.specs -mfloat-abi=soft -mthumb -o "Core/Src/cmmain.o"
arm-none-eabi-gcc "../Core/Src/usbdebug.c" -mcpu=cortex-m0 -std=gnu11 -g3 -DDEBUG -DUSE_HAL_DRIVER -DSTM32F070xB -c -I../USB_DEVICE/App -I../USB_DEVICE/Target -I../Core/Inc -I../Drivers/STM32F0xx_HAL_Driver/Inc -I../Drivers/STM32F0xx_HAL_Driver/Inc/Legacy -I../Middlewares/ST/STM32_USB_Device_Library/Core/Inc -I../Middlewares/ST/STM32_USB_Device_Library/Class/CDC/Inc -I../Drivers/CMSIS/Device/ST/STM32F0xx/Include -I../Drivers/CMSIS/Include -O0 -ffunction-sections -fdata-sections -Wall -Wno-format -fstack-usage -MMD -MP -MF"Core/Src/usbdebug.d" -MT"Core/Src/usbdebug.o" --specs=nano.specs -mfloat-abi=soft -mthumb -o "Core/Src/usbdebug.o"
../Core/Src/usbdebug.c: In function 'usb_write':
../Core/Src/usbdebug.c:100:13: warning: unused variable 'test' [-Wunused-variable]
  100 |     uint8_t test;
      |             ^~~~
arm-none-eabi-gcc -o "BLIPGO_F070CBT6_New.elf" @"objects.list"   -mcpu=cortex-m0 -T"D:\BGMICRO\CAREMATIX\IDE_WORKSPACES\blipgo_v0_0\BLIPGO_F070CBT6_New\STM32F070CBTX_FLASH.ld" --specs=nosys.specs -Wl,-Map="BLIPGO_F070CBT6_New.map" -Wl,--gc-sections -static --specs=nano.specs -mfloat-abi=soft -mthumb -Wl,--start-group -lc -lm -Wl,--end-group
Finished building target: BLIPGO_F070CBT6_New.elf
 
arm-none-eabi-size   BLIPGO_F070CBT6_New.elf 
arm-none-eabi-objdump -h -S  BLIPGO_F070CBT6_New.elf  > "BLIPGO_F070CBT6_New.list"
arm-none-eabi-objcopy  -O binary  BLIPGO_F070CBT6_New.elf  "BLIPGO_F070CBT6_New.bin"
   text	   data	    bss	    dec	    hex	filename
  40764	    488	  12392	  53644	   d18c	BLIPGO_F070CBT6_New.elf
Finished building: default.size.stdout
 
Finished building: BLIPGO_F070CBT6_New.bin
 
Finished building: BLIPGO_F070CBT6_New.list
 
18:09:33 **** Incremental Build of configuration Debug for project BLIPGO_F070CBT6_New ****
make -j12 all 
arm-none-eabi-gcc "../Core/Src/usbdebug.c" -mcpu=cortex-m0 -std=gnu11 -g3 -DDEBUG -DUSE_HAL_DRIVER -DSTM32F070xB -c -I../USB_DEVICE/App -I../USB_DEVICE/Target -I../Core/Inc -I../Drivers/STM32F0xx_HAL_Driver/Inc -I../Drivers/STM32F0xx_HAL_Driver/Inc/Legacy -I../Middlewares/ST/STM32_USB_Device_Library/Core/Inc -I../Middlewares/ST/STM32_USB_Device_Library/Class/CDC/Inc -I../Drivers/CMSIS/Device/ST/STM32F0xx/Include -I../Drivers/CMSIS/Include -O0 -ffunction-sections -fdata-sections -Wall -Wno-format -fstack-usage -MMD -MP -MF"Core/Src/usbdebug.d" -MT"Core/Src/usbdebug.o" --specs=nano.specs -mfloat-abi=soft -mthumb -o "Core/Src/usbdebug.o"
arm-none-eabi-gcc -o "BLIPGO_F070CBT6_New.elf" @"objects.list"   -mcpu=cortex-m0 -T"D:\BGMICRO\CAREMATIX\IDE_WORKSPACES\blipgo_v0_0\BLIPGO_F070CBT6_New\STM32F070CBTX_FLASH.ld" --specs=nosys.specs -Wl,-Map="BLIPGO_F070CBT6_New.map" -Wl,--gc-sections -static --specs=nano.specs -mfloat-abi=soft -mthumb -Wl,--start-group -lc -lm -Wl,--end-group
Finished building target: BLIPGO_F070CBT6_New.elf
 
arm-none-eabi-size   BLIPGO_F070CBT6_New.elf 
arm-none-eabi-objdump -h -S  BLIPGO_F070CBT6_New.elf  > "BLIPGO_F070CBT6_New.list"
arm-none-eabi-objcopy  -O binary  BLIPGO_F070CBT6_New.elf  "BLIPGO_F070CBT6_New.bin"
   text	   data	    bss	    dec	    hex	filename
  40764	    488	  12392	  53644	   d18c	BLIPGO_F070CBT6_New.elf
Finished building: default.size.stdout
 
Finished building: BLIPGO_F070CBT6_New.bin
 
Finished building: BLIPGO_F070CBT6_New.list
 
18:15:22 **** Incremental Build of configuration Debug for project BLIPGO_F070CBT6_New ****
make -j12 all 
arm-none-eabi-gcc "../Core/Src/cmmain.c" -mcpu=cortex-m0 -std=gnu11 -g3 -DDEBUG -DUSE_HAL_DRIVER -DSTM32F070xB -c -I../USB_DEVICE/App -I../USB_DEVICE/Target -I../Core/Inc -I../Drivers/STM32F0xx_HAL_Driver/Inc -I../Drivers/STM32F0xx_HAL_Driver/Inc/Legacy -I../Middlewares/ST/STM32_USB_Device_Library/Core/Inc -I../Middlewares/ST/STM32_USB_Device_Library/Class/CDC/Inc -I../Drivers/CMSIS/Device/ST/STM32F0xx/Include -I../Drivers/CMSIS/Include -O0 -ffunction-sections -fdata-sections -Wall -Wno-format -fstack-usage -MMD -MP -MF"Core/Src/cmmain.d" -MT"Core/Src/cmmain.o" --specs=nano.specs -mfloat-abi=soft -mthumb -o "Core/Src/cmmain.o"
../Core/Src/cmmain.c:232:1: error: expected identifier or '(' before 'while'
  232 | while(1)
      | ^~~~~
../Core/Src/cmmain.c:238:15: error: expected declaration specifiers or '...' before '(' token
  238 |     usb_write((uint8_t *)"\r\nESP Turning ON\r\n");
      |               ^
../Core/Src/cmmain.c:239:5: warning: data definition has no type or storage class
  239 |     esp_power_on();
      |     ^~~~~~~~~~~~
../Core/Src/cmmain.c:239:5: warning: type defaults to 'int' in declaration of 'esp_power_on' [-Wimplicit-int]
../Core/Src/cmmain.c:239:5: error: conflicting types for 'esp_power_on'
In file included from ../Core/Src/cmmain.c:41:
../Core/Inc/cmexterns.h:49:13: note: previous declaration of 'esp_power_on' was here
   49 | extern void esp_power_on(void);
      |             ^~~~~~~~~~~~
../Core/Src/cmmain.c:241:5: warning: data definition has no type or storage class
  241 |     sFLASH_Init();
      |     ^~~~~~~~~~~
../Core/Src/cmmain.c:241:5: warning: type defaults to 'int' in declaration of 'sFLASH_Init' [-Wimplicit-int]
../Core/Src/cmmain.c:241:5: error: conflicting types for 'sFLASH_Init'
In file included from ../Core/Src/cmmain.c:39:
../Core/Inc/winbond_mem.h:38:6: note: previous declaration of 'sFLASH_Init' was here
   38 | void sFLASH_Init(void);
      |      ^~~~~~~~~~~
../Core/Src/cmmain.c:253:5: warning: data definition has no type or storage class
  253 |     flash_data = sFLASH_ReadByte1(0);
      |     ^~~~~~~~~~
../Core/Src/cmmain.c:253:5: warning: type defaults to 'int' in declaration of 'flash_data' [-Wimplicit-int]
../Core/Src/cmmain.c:253:5: error: conflicting types for 'flash_data'
../Core/Src/cmmain.c:55:9: note: previous definition of 'flash_data' was here
   55 | uint8_t flash_data = 0;
      |         ^~~~~~~~~~
../Core/Src/cmmain.c:253:18: error: initializer element is not constant
  253 |     flash_data = sFLASH_ReadByte1(0);
[...]
22:04:04 **** Incremental Build of configuration Debug for project BLIPGO_F070CBT6_New ****
make -j12 all 
arm-none-eabi-gcc "../Core/Src/usbdebug.c" -mcpu=cortex-m0 -std=gnu11 -g3 -DDEBUG -DUSE_HAL_DRIVER -DSTM32F070xB -c -I../USB_DEVICE/App -I../USB_DEVICE/Target -I../Core/Inc -I../Drivers/STM32F0xx_HAL_Driver/Inc -I../Drivers/STM32F0xx_HAL_Driver/Inc/Legacy -I../Middlewares/ST/STM32_USB_Device_Library/Core/Inc -I../Middlewares/ST/STM32_USB_Device_Library/Class/CDC/Inc -I../Drivers/CMSIS/Device/ST/STM32F0xx/Include -I../Drivers/CMSIS/Include -O0 -ffunction-sections -fdata-sections -Wall -Wno-format -fstack-usage -MMD -MP -MF"Core/Src/usbdebug.d" -MT"Core/Src/usbdebug.o" --specs=nano.specs -mfloat-abi=soft -mthumb -o "Core/Src/usbdebug.o"
../Core/Src/usbdebug.c: In function 'usb_init':
../Core/Src/usbdebug.c:116:5: error: unknown type name 'USB_StatusTypeDef'; did you mean 'USBD_StatusTypeDef'?
  116 |     USB_StatusTypeDef stat;
      |     ^~~~~~~~~~~~~~~~~
      |     USBD_StatusTypeDef
../Core/Src/usbdebug.c:118:5: error: 'usb_print_ready' undeclared (first use in this function); did you mean 'debug_print_ready'?
  118 |     usb_print_ready = 0;
      |     ^~~~~~~~~~~~~~~
      |     debug_print_ready
../Core/Src/usbdebug.c:118:5: note: each undeclared identifier is reported only once for each function it appears in
../Core/Src/usbdebug.c:120:38: error: 'FS_Desc' undeclared (first use in this function)
  120 |     stat = USBD_Init(&hUsbDeviceFS, &FS_Desc, DEVICE_FS);
      |                                      ^~~~~~~
../Core/Src/usbdebug.c: In function 'usb_print_ih':
../Core/Src/usbdebug.c:469:9: warning: implicit declaration of function 'PCD_EP_ISR_Handler' [-Wimplicit-function-declaration]
  469 |         PCD_EP_ISR_Handler(&hpcd_USB_FS);
      |         ^~~~~~~~~~~~~~~~~~
../Core/Src/usbdebug.c:478:9: error: 'intflag' undeclared (first use in this function)
  478 |     if (intflag & USB_ISTR_ERR)
      |         ^~~~~~~
make: *** [Core/Src/subdir.mk:64: Core/Src/usbdebug.o] Error 1
"make -j12 all" terminated with exit code 2. Build might be incomplete.
22:05:07 **** Incremental Build of configuration Debug for project BLIPGO_F070CBT6_New ****
make -j12 all 
arm-none-eabi-gcc "../Core/Src/usbdebug.c" -mcpu=cortex-m0 -std=gnu11 -g3 -DDEBUG -DUSE_HAL_DRIVER -DSTM32F070xB -c -I../USB_DEVICE/App -I../USB_DEVICE/Target -I../Core/Inc -I../Drivers/STM32F0xx_HAL_Driver/Inc -I../Drivers/STM32F0xx_HAL_Driver/Inc/Legacy -I../Middlewares/ST/STM32_USB_Device_Library/Core/Inc -I../Middlewares/ST/STM32_USB_Device_Library/Class/CDC/Inc -I../Drivers/CMSIS/Device/ST/STM32F0xx/Include -I../Drivers/CMSIS/Include -O0 -ffunction-sections -fdata-sections -Wall -Wno-format -fstack-usage -MMD -MP -MF"Core/Src/usbdebug.d" -MT"Core/Src/usbdebug.o" --specs=nano.specs -mfloat-abi=soft -mthumb -o "Core/Src/usbdebug.o"
../Core/Src/usbdebug.c: In function 'usb_init':
../Core/Src/usbdebug.c:116:5: error: unknown type name 'USB_StatusTypeDef'; did you mean 'USBD_StatusTypeDef'?
  116 |     USB_StatusTypeDef stat;
      |     ^~~~~~~~~~~~~~~~~
      |     USBD_StatusTypeDef
../Core/Src/usbdebug.c:118:5: error: 'usb_print_ready' undeclared (first use in this function); did you mean 'debug_print_ready'?
  118 |     usb_print_ready = 0;
      |     ^~~~~~~~~~~~~~~
      |     debug_print_ready
../Core/Src/usbdebug.c:118:5: note: each undeclared identifier is reported only once for each function it appears in
../Core/Src/usbdebug.c:120:38: error: 'FS_Desc' undeclared (first use in this function)
  120 |     stat = USBD_Init(&hUsbDeviceFS, &FS_Desc, DEVICE_FS);
      |                                      ^~~~~~~
../Core/Src/usbdebug.c: In function 'usb_print_ih':
../Core/Src/usbdebug.c:469:9: warning: implicit declaration of function 'PCD_EP_ISR_Handler' [-Wimplicit-function-declaration]
  469 |         PCD_EP_ISR_Handler(&hpcd_USB_FS);
      |         ^~~~~~~~~~~~~~~~~~
../Core/Src/usbdebug.c:484:9: error: 'intflag' undeclared (first use in this function)
  484 |     if (intflag & USB_ISTR_WKUP)
      |         ^~~~~~~
make: *** [Core/Src/subdir.mk:64: Core/Src/usbdebug.o] Error 1
"make -j12 all" terminated with exit code 2. Build might be incomplete.
22:06:54 **** Incremental Build of configuration Debug for project BLIPGO_F070CBT6_New ****
make -j12 all 
arm-none-eabi-gcc "../Core/Src/usbdebug.c" -mcpu=cortex-m0 -std=gnu11 -g3 -DDEBUG -DUSE_HAL_DRIVER -DSTM32F070xB -c -I../USB_DEVICE/App -I../USB_DEVICE/Target -I../Core/Inc -I../Drivers/STM32F0xx_HAL_Driver/Inc -I../Drivers/STM32F0xx_HAL_Driver/Inc/Legacy -I../Middlewares/ST/STM32_USB_Device_Library/Core/Inc -I../Middlewares/ST/STM32_USB_Device_Library/Class/CDC/Inc -I../Drivers/CMSIS/Device/ST/STM32F0xx/Include -I../Drivers/CMSIS/Include -O0 -ffunction-sections -fdata-sections -Wall -Wno-format -fstack-usage -MMD -MP -MF"Core/Src/usbdebug.d" -MT"Core/Src/usbdebug.o" --specs=nano.specs -mfloat-abi=soft -mthumb -o "Core/Src/usbdebug.o"
../Core/Src/usbdebug.c: In function 'usb_init':
../Core/Src/usbdebug.c:116:5: error: unknown type name 'USB_StatusTypeDef'; did you mean 'USBD_StatusTypeDef'?
  116 |     USB_StatusTypeDef stat;
      |     ^~~~~~~~~~~~~~~~~
      |     USBD_StatusTypeDef
../Core/Src/usbdebug.c:120:38: error: 'FS_Desc' undeclared (first use in this function)
  120 |     stat = USBD_Init(&hUsbDeviceFS, &FS_Desc, DEVICE_FS);
      |                                      ^~~~~~~
../Core/Src/usbdebug.c:120:38: note: each undeclared identifier is reported only once for each function it appears in
../Core/Src/usbdebug.c: In function 'usb_print_ih':
../Core/Src/usbdebug.c:469:9: warning: implicit declaration of function 'PCD_EP_ISR_Handler' [-Wimplicit-function-declaration]
  469 |         PCD_EP_ISR_Handler(&hpcd_USB_FS);
      |         ^~~~~~~~~~~~~~~~~~
make: *** [Core/Src/subdir.mk:64: Core/Src/usbdebug.o] Error 1
"make -j12 all" terminated with exit code 2. Build might be incomplete.
22:07:33 **** Incremental Build of configuration Debug for project BLIPGO_F070CBT6_New ****
make -j12 all 
arm-none-eabi-gcc "../Core/Src/usbdebug.c" -mcpu=cortex-m0 -std=gnu11 -g3 -DDEBUG -DUSE_HAL_DRIVER -DSTM32F070xB -c -I../USB_DEVICE/App -I../USB_DEVICE/Target -I../Core/Inc -I../Drivers/STM32F0xx_HAL_Driver/Inc -I../Drivers/STM32F0xx_HAL_Driver/Inc/Legacy -I../Middlewares/ST/STM32_USB_Device_Library/Core/Inc -I../Middlewares/ST/STM32_USB_Device_Library/Class/CDC/Inc -I../Drivers/CMSIS/Device/ST/STM32F0xx/Include -I../Drivers/CMSIS/Include -O0 -ffunction-sections -fdata-sections -Wall -Wno-format -fstack-usage -MMD -MP -MF"Core/Src/usbdebug.d" -MT"Core/Src/usbdebug.o" --specs=nano.specs -mfloat-abi=soft -mthumb -o "Core/Src/usbdebug.o"
../Core/Src/usbdebug.c: In function 'usb_init':
../Core/Src/usbdebug.c:120:38: error: 'FS_Desc' undeclared (first use in this function)
  120 |     stat = USBD_Init(&hUsbDeviceFS, &FS_Desc, DEVICE_FS);
      |                                      ^~~~~~~
../Core/Src/usbdebug.c:120:38: note: each undeclared identifier is reported only once for each function it appears in
../Core/Src/usbdebug.c: In function 'usb_print_ih':
../Core/Src/usbdebug.c:469:9: warning: implicit declaration of function 'PCD_EP_ISR_Handler' [-Wimplicit-function-declaration]
  469 |         PCD_EP_ISR_Handler(&hpcd_USB_FS);
      |         ^~~~~~~~~~~~~~~~~~
make: *** [Core/Src/subdir.mk:64: Core/Src/usbdebug.o] Error 1
"make -j12 all" terminated with exit code 2. Build might be incomplete.
22:10:09 **** Incremental Build of configuration Debug for project BLIPGO_F070CBT6_New ****
make -j12 all 
arm-none-eabi-gcc "../Core/Src/usbdebug.c" -mcpu=cortex-m0 -std=gnu11 -g3 -DDEBUG -DUSE_HAL_DRIVER -DSTM32F070xB -c -I../USB_DEVICE/App -I../USB_DEVICE/Target -I../Core/Inc -I../Drivers/STM32F0xx_HAL_Driver/Inc -I../Drivers/STM32F0xx_HAL_Driver/Inc/Legacy -I../Middlewares/ST/STM32_USB_Device_Library/Core/Inc -I../Middlewares/ST/STM32_USB_Device_Library/Class/CDC/Inc -I../Drivers/CMSIS/Device/ST/STM32F0xx/Include -I../Drivers/CMSIS/Include -O0 -ffunction-sections -fdata-sections -Wall -Wno-format -fstack-usage -MMD -MP -MF"Core/Src/usbdebug.d" -MT"Core/Src/usbdebug.o" --specs=nano.specs -mfloat-abi=soft -mthumb -o "Core/Src/usbdebug.o"
../Core/Src/usbdebug.c: In function 'usb_print_ih':
../Core/Src/usbdebug.c:470:9: warning: implicit declaration of function 'PCD_EP_ISR_Handler' [-Wimplicit-function-declaration]
  470 |         PCD_EP_ISR_Handler(&hpcd_USB_FS);
      |         ^~~~~~~~~~~~~~~~~~
arm-none-eabi-gcc -o "BLIPGO_F070CBT6_New.elf" @"objects.list"   -mcpu=cortex-m0 -T"D:\BGMICRO\CAREMATIX\IDE_WORKSPACES\blipgo_v0_0\BLIPGO_F070CBT6_New\STM32F070CBTX_FLASH.ld" --specs=nosys.specs -Wl,-Map="BLIPGO_F070CBT6_New.map" -Wl,--gc-sections -static --specs=nano.specs -mfloat-abi=soft -mthumb -Wl,--start-group -lc -lm -Wl,--end-group
d:\stm32\stm32cubeide_1.7.0\stm32cubeide\plugins\com.st.stm32cube.ide.mcu.externaltools.gnu-tools-for-stm32.9-2020-q2-update.win32_2.0.0.202105311346\tools\arm-none-eabi\bin\ld.exe: ./Core/Src/usbdebug.o: in function `usb_print_ih':
D:/BGMICRO/CAREMATIX/IDE_WORKSPACES/blipgo_v0_0/BLIPGO_F070CBT6_New/Debug/../Core/Src/usbdebug.c:470: undefined reference to `PCD_EP_ISR_Handler'
d:\stm32\stm32cubeide_1.7.0\stm32cubeide\plugins\com.st.stm32cube.ide.mcu.externaltools.gnu-tools-for-stm32.9-2020-q2-update.win32_2.0.0.202105311346\tools\arm-none-eabi\bin\ld.exe: ./USB_DEVICE/App/usb_device.o: in function `MX_USB_DEVICE_Init':
D:/BGMICRO/CAREMATIX/IDE_WORKSPACES/blipgo_v0_0/BLIPGO_F070CBT6_New/Debug/../USB_DEVICE/App/usb_device.c:101: undefined reference to `usb_print_ready'
collect2.exe: error: ld returned 1 exit status
make: *** [makefile:69: BLIPGO_F070CBT6_New.elf] Error 1
"make -j12 all" terminated with exit code 2. Build might be incomplete.
18:56:01 **** Incremental Build of configuration Debug for project BLIPGO_F070CBT6_New ****
make -j12 all 
arm-none-eabi-gcc "../Drivers/STM32F0xx_HAL_Driver/Src/stm32f0xx_hal_pcd.c" -mcpu=cortex-m0 -std=gnu11 -g3 -DDEBUG -DUSE_HAL_DRIVER -DSTM32F070xB -c -I../USB_DEVICE/App -I../USB_DEVICE/Target -I../Core/Inc -I../Drivers/STM32F0xx_HAL_Driver/Inc -I../Drivers/STM32F0xx_HAL_Driver/Inc/Legacy -I../Middlewares/ST/STM32_USB_Device_Library/Core/Inc -I../Middlewares/ST/STM32_USB_Device_Library/Class/CDC/Inc -I../Drivers/CMSIS/Device/ST/STM32F0xx/Include -I../Drivers/CMSIS/Include -O0 -ffunction-sections -fdata-sections -Wall -Wno-format -fstack-usage -MMD -MP -MF"Drivers/STM32F0xx_HAL_Driver/Src/stm32f0xx_hal_pcd.d" -MT"Drivers/STM32F0xx_HAL_Driver/Src/stm32f0xx_hal_pcd.o" --specs=nano.specs -mfloat-abi=soft -mthumb -o "Drivers/STM32F0xx_HAL_Driver/Src/stm32f0xx_hal_pcd.o"
../Drivers/STM32F0xx_HAL_Driver/Src/stm32f0xx_hal_pcd.c: In function 'HAL_PCD_IRQHandler':
../Drivers/STM32F0xx_HAL_Driver/Src/stm32f0xx_hal_pcd.c:1010:11: warning: implicit declaration of function 'PCD_EP_ISR_Handler' [-Wimplicit-function-declaration]
 1010 |     (void)PCD_EP_ISR_Handler(hpcd);
      |           ^~~~~~~~~~~~~~~~~~
../Drivers/STM32F0xx_HAL_Driver/Src/stm32f0xx_hal_pcd.c: At top level:
../Drivers/STM32F0xx_HAL_Driver/Src/stm32f0xx_hal_pcd.c:1668:19: error: conflicting types for 'PCD_EP_ISR_Handler'
 1668 | HAL_StatusTypeDef PCD_EP_ISR_Handler(PCD_HandleTypeDef *hpcd)
      |                   ^~~~~~~~~~~~~~~~~~
../Drivers/STM32F0xx_HAL_Driver/Src/stm32f0xx_hal_pcd.c:1010:11: note: previous implicit declaration of 'PCD_EP_ISR_Handler' was here
 1010 |     (void)PCD_EP_ISR_Handler(hpcd);
      |           ^~~~~~~~~~~~~~~~~~
make: *** [Drivers/STM32F0xx_HAL_Driver/Src/subdir.mk:88: Drivers/STM32F0xx_HAL_Driver/Src/stm32f0xx_hal_pcd.o] Error 1
"make -j12 all" terminated with exit code 2. Build might be incomplete.
18:57:17 **** Incremental Build of configuration Debug for project BLIPGO_F070CBT6_New ****
make -j12 all 
arm-none-eabi-gcc "../Drivers/STM32F0xx_HAL_Driver/Src/stm32f0xx_hal_pcd.c" -mcpu=cortex-m0 -std=gnu11 -g3 -DDEBUG -DUSE_HAL_DRIVER -DSTM32F070xB -c -I../USB_DEVICE/App -I../USB_DEVICE/Target -I../Core/Inc -I../Drivers/STM32F0xx_HAL_Driver/Inc -I../Drivers/STM32F0xx_HAL_Driver/Inc/Legacy -I../Middlewares/ST/STM32_USB_Device_Library/Core/Inc -I../Middlewares/ST/STM32_USB_Device_Library/Class/CDC/Inc -I../Drivers/CMSIS/Device/ST/STM32F0xx/Include -I../Drivers/CMSIS/Include -O0 -ffunction-sections -fdata-sections -Wall -Wno-format -fstack-usage -MMD -MP -MF"Drivers/STM32F0xx_HAL_Driver/Src/stm32f0xx_hal_pcd.d" -MT"Drivers/STM32F0xx_HAL_Driver/Src/stm32f0xx_hal_pcd.o" --specs=nano.specs -mfloat-abi=soft -mthumb -o "Drivers/STM32F0xx_HAL_Driver/Src/stm32f0xx_hal_pcd.o"
arm-none-eabi-gcc "../Core/Src/usbdebug.c" -mcpu=cortex-m0 -std=gnu11 -g3 -DDEBUG -DUSE_HAL_DRIVER -DSTM32F070xB -c -I../USB_DEVICE/App -I../USB_DEVICE/Target -I../Core/Inc -I../Drivers/STM32F0xx_HAL_Driver/Inc -I../Drivers/STM32F0xx_HAL_Driver/Inc/Legacy -I../Middlewares/ST/STM32_USB_Device_Library/Core/Inc -I../Middlewares/ST/STM32_USB_Device_Library/Class/CDC/Inc -I../Drivers/CMSIS/Device/ST/STM32F0xx/Include -I../Drivers/CMSIS/Include -O0 -ffunction-sections -fdata-sections -Wall -Wno-format -fstack-usage -MMD -MP -MF"Core/Src/usbdebug.d" -MT"Core/Src/usbdebug.o" --specs=nano.specs -mfloat-abi=soft -mthumb -o "Core/Src/usbdebug.o"
../Drivers/STM32F0xx_HAL_Driver/Src/stm32f0xx_hal_pcd.c: In function 'HAL_PCD_IRQHandler':
../Drivers/STM32F0xx_HAL_Driver/Src/stm32f0xx_hal_pcd.c:1010:11: warning: implicit declaration of function 'PCD_EP_ISR_Handler' [-Wimplicit-function-declaration]
 1010 |     (void)PCD_EP_ISR_Handler(hpcd);
      |           ^~~~~~~~~~~~~~~~~~
../Drivers/STM32F0xx_HAL_Driver/Src/stm32f0xx_hal_pcd.c: At top level:
../Drivers/STM32F0xx_HAL_Driver/Src/stm32f0xx_hal_pcd.c:1668:19: error: conflicting types for 'PCD_EP_ISR_Handler'
 1668 | HAL_StatusTypeDef PCD_EP_ISR_Handler(PCD_HandleTypeDef *hpcd)
      |                   ^~~~~~~~~~~~~~~~~~
../Drivers/STM32F0xx_HAL_Driver/Src/stm32f0xx_hal_pcd.c:1010:11: note: previous implicit declaration of 'PCD_EP_ISR_Handler' was here
 1010 |     (void)PCD_EP_ISR_Handler(hpcd);
      |           ^~~~~~~~~~~~~~~~~~
make: *** [Drivers/STM32F0xx_HAL_Driver/Src/subdir.mk:88: Drivers/STM32F0xx_HAL_Driver/Src/stm32f0xx_hal_pcd.o] Error 1
make: *** Waiting for unfinished jobs....
"make -j12 all" terminated with exit code 2. Build might be incomplete.
19:28:02 **** Incremental Build of configuration Debug for project BLIPGO_F070CBT6_New ****
make -j12 all 
arm-none-eabi-gcc "../Drivers/STM32F0xx_HAL_Driver/Src/stm32f0xx_hal_pcd.c" -mcpu=cortex-m0 -std=gnu11 -g3 -DDEBUG -DUSE_HAL_DRIVER -DSTM32F070xB -c -I../USB_DEVICE/App -I../USB_DEVICE/Target -I../Core/Inc -I../Drivers/STM32F0xx_HAL_Driver/Inc -I../Drivers/STM32F0xx_HAL_Driver/Inc/Legacy -I../Middlewares/ST/STM32_USB_Device_Library/Core/Inc -I../Middlewares/ST/STM32_USB_Device_Library/Class/CDC/Inc -I../Drivers/CMSIS/Device/ST/STM32F0xx/Include -I../Drivers/CMSIS/Include -O0 -ffunction-sections -fdata-sections -Wall -Wno-format -fstack-usage -MMD -MP -MF"Drivers/STM32F0xx_HAL_Driver/Src/stm32f0xx_hal_pcd.d" -MT"Drivers/STM32F0xx_HAL_Driver/Src/stm32f0xx_hal_pcd.o" --specs=nano.specs -mfloat-abi=soft -mthumb -o "Drivers/STM32F0xx_HAL_Driver/Src/stm32f0xx_hal_pcd.o"
arm-none-eabi-gcc -o "BLIPGO_F070CBT6_New.elf" @"objects.list"   -mcpu=cortex-m0 -T"D:\BGMICRO\CAREMATIX\IDE_WORKSPACES\blipgo_v0_0\BLIPGO_F070CBT6_New\STM32F070CBTX_FLASH.ld" --specs=nosys.specs -Wl,-Map="BLIPGO_F070CBT6_New.map" -Wl,--gc-sections -static --specs=nano.specs -mfloat-abi=soft -mthumb -Wl,--start-group -lc -lm -Wl,--end-group
d:\stm32\stm32cubeide_1.7.0\stm32cubeide\plugins\com.st.stm32cube.ide.mcu.externaltools.gnu-tools-for-stm32.9-2020-q2-update.win32_2.0.0.202105311346\tools\arm-none-eabi\bin\ld.exe: ./USB_DEVICE/App/usb_device.o: in function `MX_USB_DEVICE_Init':
D:/BGMICRO/CAREMATIX/IDE_WORKSPACES/blipgo_v0_0/BLIPGO_F070CBT6_New/Debug/../USB_DEVICE/App/usb_device.c:101: undefined reference to `usb_print_ready'
collect2.exe: error: ld returned 1 exit status
make: *** [makefile:69: BLIPGO_F070CBT6_New.elf] Error 1
"make -j12 all" terminated with exit code 2. Build might be incomplete.
19:30:19 **** Incremental Build of configuration Debug for project BLIPGO_F070CBT6_New ****
make -j12 all 
arm-none-eabi-gcc "../USB_DEVICE/App/usb_device.c" -mcpu=cortex-m0 -std=gnu11 -g3 -DDEBUG -DUSE_HAL_DRIVER -DSTM32F070xB -c -I../USB_DEVICE/App -I../USB_DEVICE/Target -I../Core/Inc -I../Drivers/STM32F0xx_HAL_Driver/Inc -I../Drivers/STM32F0xx_HAL_Driver/Inc/Legacy -I../Middlewares/ST/STM32_USB_Device_Library/Core/Inc -I../Middlewares/ST/STM32_USB_Device_Library/Class/CDC/Inc -I../Drivers/CMSIS/Device/ST/STM32F0xx/Include -I../Drivers/CMSIS/Include -O0 -ffunction-sections -fdata-sections -Wall -Wno-format -fstack-usage -MMD -MP -MF"USB_DEVICE/App/usb_device.d" -MT"USB_DEVICE/App/usb_device.o" --specs=nano.specs -mfloat-abi=soft -mthumb -o "USB_DEVICE/App/usb_device.o"
../USB_DEVICE/App/usb_device.c: In function 'MX_USB_DEVICE_Init':
../USB_DEVICE/App/usb_device.c:76:3: error: 'debug_print_ready' undeclared (first use in this function); did you mean 'usb_print_ready'?
   76 |   debug_print_ready = 1;
      |   ^~~~~~~~~~~~~~~~~
      |   usb_print_ready
../USB_DEVICE/App/usb_device.c:76:3: note: each undeclared identifier is reported only once for each function it appears in
make: *** [USB_DEVICE/App/subdir.mk:25: USB_DEVICE/App/usb_device.o] Error 1
"make -j12 all" terminated with exit code 2. Build might be incomplete.
19:30:51 **** Incremental Build of configuration Debug for project BLIPGO_F070CBT6_New ****
make -j12 all 
arm-none-eabi-gcc "../USB_DEVICE/App/usb_device.c" -mcpu=cortex-m0 -std=gnu11 -g3 -DDEBUG -DUSE_HAL_DRIVER -DSTM32F070xB -c -I../USB_DEVICE/App -I../USB_DEVICE/Target -I../Core/Inc -I../Drivers/STM32F0xx_HAL_Driver/Inc -I../Drivers/STM32F0xx_HAL_Driver/Inc/Legacy -I../Middlewares/ST/STM32_USB_Device_Library/Core/Inc -I../Middlewares/ST/STM32_USB_Device_Library/Class/CDC/Inc -I../Drivers/CMSIS/Device/ST/STM32F0xx/Include -I../Drivers/CMSIS/Include -O0 -ffunction-sections -fdata-sections -Wall -Wno-format -fstack-usage -MMD -MP -MF"USB_DEVICE/App/usb_device.d" -MT"USB_DEVICE/App/usb_device.o" --specs=nano.specs -mfloat-abi=soft -mthumb -o "USB_DEVICE/App/usb_device.o"
arm-none-eabi-gcc -o "BLIPGO_F070CBT6_New.elf" @"objects.list"   -mcpu=cortex-m0 -T"D:\BGMICRO\CAREMATIX\IDE_WORKSPACES\blipgo_v0_0\BLIPGO_F070CBT6_New\STM32F070CBTX_FLASH.ld" --specs=nosys.specs -Wl,-Map="BLIPGO_F070CBT6_New.map" -Wl,--gc-sections -static --specs=nano.specs -mfloat-abi=soft -mthumb -Wl,--start-group -lc -lm -Wl,--end-group
Finished building target: BLIPGO_F070CBT6_New.elf
 
arm-none-eabi-size   BLIPGO_F070CBT6_New.elf 
arm-none-eabi-objdump -h -S  BLIPGO_F070CBT6_New.elf  > "BLIPGO_F070CBT6_New.list"
arm-none-eabi-objcopy  -O binary  BLIPGO_F070CBT6_New.elf  "BLIPGO_F070CBT6_New.bin"
   text	   data	    bss	    dec	    hex	filename
  55668	    684	   8948	  65300	   ff14	BLIPGO_F070CBT6_New.elf
Finished building: default.size.stdout
 
Finished building: BLIPGO_F070CBT6_New.bin
 
Finished building: BLIPGO_F070CBT6_New.list
 
19:57:40 **** Incremental Build of configuration Debug for project BLIPGO_F070CBT6_New ****
make -j12 all 
arm-none-eabi-size   BLIPGO_F070CBT6_New.elf 
   text	   data	    bss	    dec	    hex	filename
  55668	    684	   8948	  65300	   ff14	BLIPGO_F070CBT6_New.elf
Finished building: default.size.stdout
 
16:15:28 **** Incremental Build of configuration Debug for project BLIPGO_F070CBT6_New ****
make -j12 all 
arm-none-eabi-size   BLIPGO_F070CBT6_New.elf 
   text	   data	    bss	    dec	    hex	filename
  55668	    684	   8948	  65300	   ff14	BLIPGO_F070CBT6_New.elf
Finished building: default.size.stdout
 
16:16:41 **** Incremental Build of configuration Debug for project BLIPGO_F070CBT6_New ****
make -j12 all 
arm-none-eabi-size   BLIPGO_F070CBT6_New.elf 
   text	   data	    bss	    dec	    hex	filename
  55668	    684	   8948	  65300	   ff14	BLIPGO_F070CBT6_New.elf
Finished building: default.size.stdout
 
